<!doctype html public "-//w3c//dtd html 4.0 transitional//en">
<html><head>
<title>Static Call Graph - [.\out\sps_device.axf]</title></head>
<body><HR>
<H1>Static Call Graph for image .\out\sps_device.axf</H1><HR>
<BR><P>#&#060CALLGRAPH&#062# ARM Linker, 5050106: Last Updated: Sun Feb 08 21:27:13 2015
<BR><P>
<H3>Maximum Stack Usage =        144 bytes + Unknown(Cycles, Untraceable Function Pointers)</H3><H3>
Call chain for Maximum Stack Depth:</H3>
main_func &rArr; periph_init &rArr; set_pad_functions &rArr; GPIO_ConfigurePin &rArr; GPIO_SetPinFunction
<P>
<H3>
Mutually Recursive functions
</H3> <LI><a href="#[4]">PendSV_Handler</a>&nbsp;&nbsp;&nbsp;&rArr;&nbsp;&nbsp;&nbsp;<a href="#[4]">PendSV_Handler</a><BR>
 <LI><a href="#[5]">SysTick_Handler</a>&nbsp;&nbsp;&nbsp;&rArr;&nbsp;&nbsp;&nbsp;<a href="#[5]">SysTick_Handler</a><BR>
 <LI><a href="#[16]">ADC_Handler</a>&nbsp;&nbsp;&nbsp;&rArr;&nbsp;&nbsp;&nbsp;<a href="#[16]">ADC_Handler</a><BR>
</UL>
<P>
<H3>
Function Pointers
</H3><UL>
 <LI><a href="#[16]">ADC_Handler</a> from boot_vectors.o(.text) referenced from boot_vectors.o(RESET)
 <LI><a href="#[11]">BLE_CRYPT_Handler</a> from rom_symdef.txt(ABSOLUTE) referenced from boot_vectors.o(RESET)
 <LI><a href="#[9]">BLE_CSCNT_Handler</a> from rwble.o(.text) referenced from boot_vectors.o(RESET)
 <LI><a href="#[b]">BLE_ERROR_Handler</a> from rom_symdef.txt(ABSOLUTE) referenced from boot_vectors.o(RESET)
 <LI><a href="#[d]">BLE_EVENT_Handler</a> from rwble.o(.text) referenced from boot_vectors.o(RESET)
 <LI><a href="#[7]">BLE_FINETGTIM_Handler</a> from rom_symdef.txt(ABSOLUTE) referenced from boot_vectors.o(RESET)
 <LI><a href="#[8]">BLE_GROSSTGTIM_Handler</a> from rom_symdef.txt(ABSOLUTE) referenced from boot_vectors.o(RESET)
 <LI><a href="#[10]">BLE_RF_DIAG_Handler</a> from rwble.o(.text) referenced from boot_vectors.o(RESET)
 <LI><a href="#[c]">BLE_RX_Handler</a> from rwble.o(.text) referenced from boot_vectors.o(RESET)
 <LI><a href="#[a]">BLE_SLP_Handler</a> from rwble.o(.text) referenced from boot_vectors.o(RESET)
 <LI><a href="#[6]">BLE_WAKEUP_LP_Handler</a> from rwble.o(.text) referenced from boot_vectors.o(RESET)
 <LI><a href="#[4b]">DCoffsetCalibration_func</a> from rom_symdef.txt(ABSOLUTE) referenced from jump_table.o(jump_table_mem_area)
 <LI><a href="#[3b]">GPADC_init_func</a> from rom_symdef.txt(ABSOLUTE) referenced from jump_table.o(jump_table_mem_area)
 <LI><a href="#[19]">GPIO0_Handler</a> from gpio.o(.text) referenced from boot_vectors.o(RESET)
 <LI><a href="#[1a]">GPIO1_Handler</a> from gpio.o(.text) referenced from boot_vectors.o(RESET)
 <LI><a href="#[1b]">GPIO2_Handler</a> from gpio.o(.text) referenced from boot_vectors.o(RESET)
 <LI><a href="#[1c]">GPIO3_Handler</a> from gpio.o(.text) referenced from boot_vectors.o(RESET)
 <LI><a href="#[1d]">GPIO4_Handler</a> from gpio.o(.text) referenced from boot_vectors.o(RESET)
 <LI><a href="#[2]">HardFault_Handler</a> from boot_vectors.o(.text) referenced from boot_vectors.o(RESET)
 <LI><a href="#[57]">HardFault_HandlerC</a> from hardfault_handler.o(.text) referenced from boot_vectors.o(.text)
 <LI><a href="#[14]">I2C_Handler</a> from boot_vectors.o(.text) referenced from boot_vectors.o(RESET)
 <LI><a href="#[4c]">IffCalibration_func</a> from rom_symdef.txt(ABSOLUTE) referenced from jump_table.o(jump_table_mem_area)
 <LI><a href="#[17]">KEYBRD_Handler</a> from boot_vectors.o(.text) referenced from boot_vectors.o(RESET)
 <LI><a href="#[1]">NMI_Handler</a> from boot_vectors.o(.text) referenced from boot_vectors.o(RESET)
 <LI><a href="#[56]">NMI_HandlerC</a> from nmi_handler.o(.text) referenced from boot_vectors.o(.text)
 <LI><a href="#[4]">PendSV_Handler</a> from boot_vectors.o(.text) referenced from boot_vectors.o(RESET)
 <LI><a href="#[5f]">RADIOCNTL_Handler</a> from rf_580.o(.text) referenced from rf_580.o(.text)
 <LI><a href="#[18]">RFCAL_Handler</a> from boot_vectors.o(.text) referenced from boot_vectors.o(RESET)
 <LI><a href="#[0]">Reset_Handler</a> from boot_vectors.o(.text) referenced from boot_vectors.o(RESET)
 <LI><a href="#[15]">SPI_Handler</a> from boot_vectors.o(.text) referenced from boot_vectors.o(RESET)
 <LI><a href="#[3]">SVC_Handler</a> from boot_vectors.o(.text) referenced from boot_vectors.o(RESET)
 <LI><a href="#[58]">SVC_Handler_c</a> from arch_main.o(.text) referenced from boot_vectors.o(.text)
 <LI><a href="#[e]">SWTIM_Handler</a> from boot_vectors.o(.text) referenced from boot_vectors.o(RESET)
 <LI><a href="#[5]">SysTick_Handler</a> from boot_vectors.o(.text) referenced from boot_vectors.o(RESET)
 <LI><a href="#[54]">SystemInit</a> from system_armcm0.o(.text) referenced from boot_vectors.o(.text)
 <LI><a href="#[13]">UART2_Handler</a> from uart2.o(.text) referenced from boot_vectors.o(RESET)
 <LI><a href="#[12]">UART_Handler</a> from uart_sps.o(.text) referenced from boot_vectors.o(RESET)
 <LI><a href="#[27]">UART_Handler_func</a> from rom_symdef.txt(ABSOLUTE) referenced from jump_table.o(jump_table_mem_area)
 <LI><a href="#[f]">WKUP_QUADEC_Handler</a> from boot_vectors.o(.text) referenced from boot_vectors.o(RESET)
 <LI><a href="#[55]">__main</a> from entry.o(.ARM.Collect$$$$00000000) referenced from boot_vectors.o(.text)
 <LI><a href="#[7a]">app_module_init_cmp_evt_handler</a> from app_task.o(.text) referenced from app_task.o(.constdata)
 <LI><a href="#[7d]">app_server_request_flow_control_handler</a> from app_spss_task.o(.text) referenced from app_task.o(.constdata)
 <LI><a href="#[7b]">app_sps_create_db_cfm_handler</a> from app_spss_task.o(.text) referenced from app_task.o(.constdata)
 <LI><a href="#[7c]">app_sps_server_enable_cfm_handler</a> from app_spss_task.o(.text) referenced from app_task.o(.constdata)
 <LI><a href="#[3d]">check_pll_lock_func</a> from rom_symdef.txt(ABSOLUTE) referenced from jump_table.o(jump_table_mem_area)
 <LI><a href="#[42]">clear_HW_LUT_func</a> from rom_symdef.txt(ABSOLUTE) referenced from jump_table.o(jump_table_mem_area)
 <LI><a href="#[65]">cmp_abs_time</a> from arch_main.o(.text) referenced from arch_main.o(.constdata)
 <LI><a href="#[32]">custom_nvds_get_func</a> from nvds.o(.text) referenced from jump_table.o(jump_table_mem_area)
 <LI><a href="#[36]">enable_BLE_core_irq_func</a> from rom_symdef.txt(ABSOLUTE) referenced from jump_table.o(jump_table_mem_area)
 <LI><a href="#[49]">enable_rf_diag_irq_func</a> from rom_symdef.txt(ABSOLUTE) referenced from jump_table.o(jump_table_mem_area)
 <LI><a href="#[46]">find_initial_calcap_ranges_func</a> from rom_symdef.txt(ABSOLUTE) referenced from jump_table.o(jump_table_mem_area)
 <LI><a href="#[77]">gapc_cmp_evt_handler</a> from app_task.o(.text) referenced from app_task.o(.constdata)
 <LI><a href="#[78]">gapc_connection_req_ind_handler</a> from app_task.o(.text) referenced from app_task.o(.constdata)
 <LI><a href="#[6f]">gapc_disconnect_ind_handler</a> from sps_server_task.o(.text) referenced 2 times from sps_server_task.o(.constdata)
 <LI><a href="#[76]">gapm_adv_report_ind_handler</a> from app_task.o(.text) referenced from app_task.o(.constdata)
 <LI><a href="#[75]">gapm_cmp_evt_handler</a> from app_task.o(.text) referenced from app_task.o(.constdata)
 <LI><a href="#[74]">gapm_device_ready_ind_handler</a> from app_task.o(.text) referenced from app_task.o(.constdata)
 <LI><a href="#[70]">gattc_cmp_evt_handler</a> from sps_server_task.o(.text) referenced from sps_server_task.o(.constdata)
 <LI><a href="#[71]">gattc_write_cmd_ind_handler</a> from sps_server_task.o(.text) referenced from sps_server_task.o(.constdata)
 <LI><a href="#[4e]">get_rc16m_count_func</a> from arch_system.o(.text) referenced from jump_table.o(jump_table_mem_area)
 <LI><a href="#[59]">gpio0_callback</a> from periph_setup.o(.text) referenced from periph_setup.o(.text)
 <LI><a href="#[2e]">gtl_eif_init_func</a> from rom_symdef.txt(ABSOLUTE) referenced from jump_table.o(jump_table_mem_area)
 <LI><a href="#[38]">gtl_hci_rx_header_func</a> from rom_symdef.txt(ABSOLUTE) referenced from jump_table.o(jump_table_mem_area)
 <LI><a href="#[39]">gtl_hci_rx_payload_func</a> from rom_symdef.txt(ABSOLUTE) referenced from jump_table.o(jump_table_mem_area)
 <LI><a href="#[3a]">gtl_hci_tx_evt_func</a> from rom_symdef.txt(ABSOLUTE) referenced from jump_table.o(jump_table_mem_area)
 <LI><a href="#[2f]">ke_task_init_func</a> from ke_task.obj(.text) referenced from jump_table.o(jump_table_mem_area)
 <LI><a href="#[62]">ke_task_schedule</a> from ke_task.obj(.text) referenced from ke_task.obj(.text)
 <LI><a href="#[30]">ke_timer_init_func</a> from rom_symdef.txt(ABSOLUTE) referenced from jump_table.o(jump_table_mem_area)
 <LI><a href="#[66]">l2cc_pdu_recv_ind_handler</a> from atts_task.obj(.text) referenced from arch_main.o(.constdata)
 <LI><a href="#[2d]">lld_evt_init_func</a> from rom_symdef.txt(ABSOLUTE) referenced from jump_table.o(jump_table_mem_area)
 <LI><a href="#[35]">lld_init_func</a> from rom_symdef.txt(ABSOLUTE) referenced from jump_table.o(jump_table_mem_area)
 <LI><a href="#[28]">lld_sleep_compensate_func_patched</a> from rwble.o(.text) referenced from jump_table.o(jump_table_mem_area)
 <LI><a href="#[29]">lld_sleep_init_func</a> from arch_main.o(.text) referenced from jump_table.o(jump_table_mem_area)
 <LI><a href="#[2b]">lld_sleep_lpcycles_2_us_sel_func</a> from arch_system.o(.text) referenced from jump_table.o(jump_table_mem_area)
 <LI><a href="#[2a]">lld_sleep_us_2_lpcycles_sel_func</a> from arch_system.o(.text) referenced from jump_table.o(jump_table_mem_area)
 <LI><a href="#[52]">lld_test_mode_rx_func</a> from rom_symdef.txt(ABSOLUTE) referenced from jump_table.o(jump_table_mem_area)
 <LI><a href="#[51]">lld_test_mode_tx_func</a> from rom_symdef.txt(ABSOLUTE) referenced from jump_table.o(jump_table_mem_area)
 <LI><a href="#[50]">lld_test_stop_func</a> from rom_symdef.txt(ABSOLUTE) referenced from jump_table.o(jump_table_mem_area)
 <LI><a href="#[31]">llm_encryption_done_func</a> from rom_symdef.txt(ABSOLUTE) referenced from jump_table.o(jump_table_mem_area)
 <LI><a href="#[53]">main</a> from rom_symdef.txt(ABSOLUTE) referenced from entry9a.o(.ARM.Collect$$$$0000000B)
 <LI><a href="#[1e]">main_func</a> from arch_main.o(.text) referenced from jump_table.o(jump_table_mem_area)
 <LI><a href="#[3c]">meas_precharge_freq_func</a> from rom_symdef.txt(ABSOLUTE) referenced from jump_table.o(jump_table_mem_area)
 <LI><a href="#[4a]">modulationGainCalibration_func</a> from rom_symdef.txt(ABSOLUTE) referenced from jump_table.o(jump_table_mem_area)
 <LI><a href="#[6b]">my_llc_ch_map_req_ind</a> from ch_map.obj(.text) referenced from arch_main.o(.constdata)
 <LI><a href="#[6a]">my_llc_con_update_req_ind</a> from ch_map.obj(.text) referenced from arch_main.o(.constdata)
 <LI><a href="#[6c]">patched_gapm_adv_op_sanity</a> from gapm_util.obj(.text) referenced from arch_main.o(.constdata)
 <LI><a href="#[37]">platform_reset_func</a> from rom_symdef.txt(ABSOLUTE) referenced from jump_table.o(jump_table_mem_area)
 <LI><a href="#[47]">pll_vcocal_LUT_InitUpdate_func</a> from rom_symdef.txt(ABSOLUTE) referenced from jump_table.o(jump_table_mem_area)
 <LI><a href="#[34]">prf_cleanup_func</a> from prf_utils.o(.text) referenced from jump_table.o(jump_table_mem_area)
 <LI><a href="#[20]">prf_init_func</a> from prf_utils.o(.text) referenced from jump_table.o(jump_table_mem_area)
 <LI><a href="#[4d]">rf_calibration_func</a> from rom_symdef.txt(ABSOLUTE) referenced from jump_table.o(jump_table_mem_area)
 <LI><a href="#[60]">rf_force_agc_enable</a> from rf_580.o(.text) referenced from rf_580.o(.text)
 <LI><a href="#[1f]">rf_init_func</a> from rf_580.o(.text) referenced from jump_table.o(jump_table_mem_area)
 <LI><a href="#[5a]">rf_reg_rd</a> from rf_580.o(.text) referenced from rf_580.o(.text)
 <LI><a href="#[5b]">rf_reg_wr</a> from rf_580.o(.text) referenced from rf_580.o(.text)
 <LI><a href="#[2c]">rf_reinit_func</a> from rf_580.o(.text) referenced from jump_table.o(jump_table_mem_area)
 <LI><a href="#[5e]">rf_reset</a> from rf_580.o(.text) referenced from rf_580.o(.text)
 <LI><a href="#[61]">rf_rssi_convert</a> from rf_580.o(.text) referenced from rf_580.o(.text)
 <LI><a href="#[5d]">rf_sleep</a> from rf_580.o(.text) referenced from rf_580.o(.text)
 <LI><a href="#[5c]">rf_txpwr_dbm_get</a> from rf_580.o(.text) referenced from rf_580.o(.text)
 <LI><a href="#[33]">rwip_eif_get_func</a> from rom_symdef.txt(ABSOLUTE) referenced from jump_table.o(jump_table_mem_area)
 <LI><a href="#[44]">save_configure_restore_func</a> from rom_symdef.txt(ABSOLUTE) referenced from jump_table.o(jump_table_mem_area)
 <LI><a href="#[4f]">set_gauss_modgain_func</a> from rom_symdef.txt(ABSOLUTE) referenced from jump_table.o(jump_table_mem_area)
 <LI><a href="#[48]">set_rf_cal_cap_func</a> from rom_symdef.txt(ABSOLUTE) referenced from jump_table.o(jump_table_mem_area)
 <LI><a href="#[68]">smpc_check_pairing_feat</a> from smpc.obj(.text) referenced from arch_main.o(.constdata)
 <LI><a href="#[69]">smpc_pairing_cfm_handler</a> from smpc_task.obj(.text) referenced from arch_main.o(.constdata)
 <LI><a href="#[67]">smpc_send_pairing_req_ind</a> from smpc.obj(.text) referenced from arch_main.o(.constdata)
 <LI><a href="#[6d]">sps_server_create_db_req_handler</a> from sps_server_task.o(.text) referenced from sps_server_task.o(.constdata)
 <LI><a href="#[6e]">sps_server_enable_req_handler</a> from sps_server_task.o(.text) referenced from sps_server_task.o(.constdata)
 <LI><a href="#[72]">sps_server_init_ble_tx_req_handler</a> from sps_server_task.o(.text) referenced from sps_server_task.o(.constdata)
 <LI><a href="#[73]">sps_server_send_notify_flow_control_state_req_handler</a> from sps_server_task.o(.text) referenced from sps_server_task.o(.constdata)
 <LI><a href="#[24]">uart_finish_transfers_func</a> from rom_symdef.txt(ABSOLUTE) referenced from jump_table.o(jump_table_mem_area)
 <LI><a href="#[23]">uart_flow_off_func</a> from arch_system.o(.text) referenced from jump_table.o(jump_table_mem_area)
 <LI><a href="#[22]">uart_flow_on_func</a> from rom_symdef.txt(ABSOLUTE) referenced from jump_table.o(jump_table_mem_area)
 <LI><a href="#[21]">uart_init_func</a> from rom_symdef.txt(ABSOLUTE) referenced from jump_table.o(jump_table_mem_area)
 <LI><a href="#[25]">uart_read_func</a> from rom_symdef.txt(ABSOLUTE) referenced from jump_table.o(jump_table_mem_area)
 <LI><a href="#[63]">uart_rx_callback</a> from app_sps_scheduler.o(.text) referenced from app_sps_scheduler.o(.text)
 <LI><a href="#[64]">uart_tx_callback</a> from app_sps_scheduler.o(.text) referenced from app_sps_scheduler.o(.text)
 <LI><a href="#[26]">uart_write_func</a> from rom_symdef.txt(ABSOLUTE) referenced from jump_table.o(jump_table_mem_area)
 <LI><a href="#[43]">update_LUT_func</a> from rom_symdef.txt(ABSOLUTE) referenced from jump_table.o(jump_table_mem_area)
 <LI><a href="#[3f]">update_calcap_max_channel_func</a> from rom_symdef.txt(ABSOLUTE) referenced from jump_table.o(jump_table_mem_area)
 <LI><a href="#[3e]">update_calcap_min_channel_func</a> from rom_symdef.txt(ABSOLUTE) referenced from jump_table.o(jump_table_mem_area)
 <LI><a href="#[45]">update_calcap_ranges_func</a> from rom_symdef.txt(ABSOLUTE) referenced from jump_table.o(jump_table_mem_area)
 <LI><a href="#[41]">write_HW_LUT_func</a> from rom_symdef.txt(ABSOLUTE) referenced from jump_table.o(jump_table_mem_area)
 <LI><a href="#[40]">write_one_SW_LUT_entry_func</a> from rom_symdef.txt(ABSOLUTE) referenced from jump_table.o(jump_table_mem_area)
</UL>
<P>
<H3>
Global Symbols
</H3>
<P><STRONG><a name="[85]"></a>set_system_clocks</STRONG> (Thumb, 0 bytes, Stack size 0 bytes, rom_symdef.txt(ABSOLUTE))
<BR><BR>[Called By]<UL><LI><a href="#[1e]">&gt;&gt;</a>&nbsp;&nbsp;&nbsp;main_func (via Veneer)
</UL>

<P><STRONG><a name="[10b]"></a>rf_workaround_init</STRONG> (Thumb, 0 bytes, Stack size 0 bytes, rom_symdef.txt(ABSOLUTE))
<BR><BR>[Called By]<UL><LI><a href="#[a]">&gt;&gt;</a>&nbsp;&nbsp;&nbsp;BLE_SLP_Handler (via Veneer)
</UL>

<P><STRONG><a name="[37]"></a>platform_reset_func</STRONG> (Thumb, 0 bytes, Stack size 0 bytes, rom_symdef.txt(ABSOLUTE), UNUSED)
<BR>[Address Reference Count : 1]<UL><LI> jump_table.o(jump_table_mem_area)
</UL>
<P><STRONG><a name="[53]"></a>main</STRONG> (Thumb, 0 bytes, Stack size 0 bytes, rom_symdef.txt(ABSOLUTE), UNUSED)
<BR>[Address Reference Count : 1]<UL><LI> entry9a.o(.ARM.Collect$$$$0000000B)
</UL>
<P><STRONG><a name="[33]"></a>rwip_eif_get_func</STRONG> (Thumb, 0 bytes, Stack size 0 bytes, rom_symdef.txt(ABSOLUTE), UNUSED)
<BR>[Address Reference Count : 1]<UL><LI> jump_table.o(jump_table_mem_area)
</UL>
<P><STRONG><a name="[a0]"></a>app_get_sleep_mode</STRONG> (Thumb, 0 bytes, Stack size 0 bytes, rom_symdef.txt(ABSOLUTE))
<BR><BR>[Called By]<UL><LI><a href="#[b3]">&gt;&gt;</a>&nbsp;&nbsp;&nbsp;check_sys_startup_period (via Veneer)
<LI><a href="#[9f]">&gt;&gt;</a>&nbsp;&nbsp;&nbsp;app_force_active_mode (via Veneer)
</UL>

<P><STRONG><a name="[d4]"></a>co_list_push_back</STRONG> (Thumb, 0 bytes, Stack size 0 bytes, rom_symdef.txt(ABSOLUTE))
<BR><BR>[Called By]<UL><LI><a href="#[62]">&gt;&gt;</a>&nbsp;&nbsp;&nbsp;ke_task_schedule (via Veneer)
</UL>

<P><STRONG><a name="[d1]"></a>co_list_pop_front</STRONG> (Thumb, 0 bytes, Stack size 0 bytes, rom_symdef.txt(ABSOLUTE))
<BR><BR>[Called By]<UL><LI><a href="#[62]">&gt;&gt;</a>&nbsp;&nbsp;&nbsp;ke_task_schedule (via Veneer)
</UL>

<P><STRONG><a name="[f9]"></a>llc_util_dicon_procedure</STRONG> (Thumb, 0 bytes, Stack size 0 bytes, rom_symdef.txt(ABSOLUTE))
<BR><BR>[Called By]<UL><LI><a href="#[6a]">&gt;&gt;</a>&nbsp;&nbsp;&nbsp;my_llc_con_update_req_ind (via Veneer)
<LI><a href="#[6b]">&gt;&gt;</a>&nbsp;&nbsp;&nbsp;my_llc_ch_map_req_ind (via Veneer)
</UL>

<P><STRONG><a name="[36]"></a>enable_BLE_core_irq_func</STRONG> (Thumb, 0 bytes, Stack size 0 bytes, rom_symdef.txt(ABSOLUTE), UNUSED)
<BR>[Address Reference Count : 1]<UL><LI> jump_table.o(jump_table_mem_area)
</UL>
<P><STRONG><a name="[35]"></a>lld_init_func</STRONG> (Thumb, 0 bytes, Stack size 0 bytes, rom_symdef.txt(ABSOLUTE), UNUSED)
<BR>[Address Reference Count : 1]<UL><LI> jump_table.o(jump_table_mem_area)
</UL>
<P><STRONG><a name="[fa]"></a>lld_ch_map_ind</STRONG> (Thumb, 0 bytes, Stack size 0 bytes, rom_symdef.txt(ABSOLUTE))
<BR><BR>[Called By]<UL><LI><a href="#[6b]">&gt;&gt;</a>&nbsp;&nbsp;&nbsp;my_llc_ch_map_req_ind (via Veneer)
</UL>

<P><STRONG><a name="[f7]"></a>lld_con_update_ind</STRONG> (Thumb, 0 bytes, Stack size 0 bytes, rom_symdef.txt(ABSOLUTE))
<BR><BR>[Called By]<UL><LI><a href="#[6a]">&gt;&gt;</a>&nbsp;&nbsp;&nbsp;my_llc_con_update_req_ind (via Veneer)
</UL>

<P><STRONG><a name="[50]"></a>lld_test_stop_func</STRONG> (Thumb, 0 bytes, Stack size 0 bytes, rom_symdef.txt(ABSOLUTE), UNUSED)
<BR>[Address Reference Count : 1]<UL><LI> jump_table.o(jump_table_mem_area)
</UL>
<P><STRONG><a name="[51]"></a>lld_test_mode_tx_func</STRONG> (Thumb, 0 bytes, Stack size 0 bytes, rom_symdef.txt(ABSOLUTE), UNUSED)
<BR>[Address Reference Count : 1]<UL><LI> jump_table.o(jump_table_mem_area)
</UL>
<P><STRONG><a name="[52]"></a>lld_test_mode_rx_func</STRONG> (Thumb, 0 bytes, Stack size 0 bytes, rom_symdef.txt(ABSOLUTE), UNUSED)
<BR>[Address Reference Count : 1]<UL><LI> jump_table.o(jump_table_mem_area)
</UL>
<P><STRONG><a name="[2d]"></a>lld_evt_init_func</STRONG> (Thumb, 0 bytes, Stack size 0 bytes, rom_symdef.txt(ABSOLUTE), UNUSED)
<BR>[Address Reference Count : 1]<UL><LI> jump_table.o(jump_table_mem_area)
</UL>
<P><STRONG><a name="[108]"></a>lld_evt_start_isr</STRONG> (Thumb, 0 bytes, Stack size 0 bytes, rom_symdef.txt(ABSOLUTE))
<BR><BR>[Called By]<UL><LI><a href="#[9]">&gt;&gt;</a>&nbsp;&nbsp;&nbsp;BLE_CSCNT_Handler (via Veneer)
</UL>

<P><STRONG><a name="[10e]"></a>lld_evt_end_isr</STRONG> (Thumb, 0 bytes, Stack size 0 bytes, rom_symdef.txt(ABSOLUTE))
<BR><BR>[Called By]<UL><LI><a href="#[d]">&gt;&gt;</a>&nbsp;&nbsp;&nbsp;BLE_EVENT_Handler (via Veneer)
</UL>

<P><STRONG><a name="[10d]"></a>lld_evt_rx_isr</STRONG> (Thumb, 0 bytes, Stack size 0 bytes, rom_symdef.txt(ABSOLUTE))
<BR><BR>[Called By]<UL><LI><a href="#[c]">&gt;&gt;</a>&nbsp;&nbsp;&nbsp;BLE_RX_Handler (via Veneer)
</UL>

<P><STRONG><a name="[b0]"></a>lld_sleep_us_2_lpcycles_func</STRONG> (Thumb, 0 bytes, Stack size 0 bytes, rom_symdef.txt(ABSOLUTE))
<BR><BR>[Called By]<UL><LI><a href="#[2a]">&gt;&gt;</a>&nbsp;&nbsp;&nbsp;lld_sleep_us_2_lpcycles_sel_func (via Veneer)
</UL>

<P><STRONG><a name="[b1]"></a>lld_sleep_lpcycles_2_us_func</STRONG> (Thumb, 0 bytes, Stack size 0 bytes, rom_symdef.txt(ABSOLUTE))
<BR><BR>[Called By]<UL><LI><a href="#[2b]">&gt;&gt;</a>&nbsp;&nbsp;&nbsp;lld_sleep_lpcycles_2_us_sel_func (via Veneer)
</UL>

<P><STRONG><a name="[103]"></a>lld_sleep_enter</STRONG> (Thumb, 0 bytes, Stack size 0 bytes, rom_symdef.txt(ABSOLUTE))
<BR><BR>[Called By]<UL><LI><a href="#[99]">&gt;&gt;</a>&nbsp;&nbsp;&nbsp;rwip_sleep (via Veneer)
</UL>

<P><STRONG><a name="[94]"></a>lld_sleep_check</STRONG> (Thumb, 0 bytes, Stack size 0 bytes, rom_symdef.txt(ABSOLUTE))
<BR><BR>[Called By]<UL><LI><a href="#[99]">&gt;&gt;</a>&nbsp;&nbsp;&nbsp;rwip_sleep (via Veneer)
<LI><a href="#[1e]">&gt;&gt;</a>&nbsp;&nbsp;&nbsp;main_func (via Veneer)
<LI><a href="#[14f]">&gt;&gt;</a>&nbsp;&nbsp;&nbsp;app_rwip_sleep_check (via Veneer)
</UL>

<P><STRONG><a name="[31]"></a>llm_encryption_done_func</STRONG> (Thumb, 0 bytes, Stack size 0 bytes, rom_symdef.txt(ABSOLUTE), UNUSED)
<BR>[Address Reference Count : 1]<UL><LI> jump_table.o(jump_table_mem_area)
</UL>
<P><STRONG><a name="[21]"></a>uart_init_func</STRONG> (Thumb, 0 bytes, Stack size 0 bytes, rom_symdef.txt(ABSOLUTE), UNUSED)
<BR>[Address Reference Count : 1]<UL><LI> jump_table.o(jump_table_mem_area)
</UL>
<P><STRONG><a name="[b2]"></a>uart_flow_on</STRONG> (Thumb, 0 bytes, Stack size 0 bytes, rom_symdef.txt(ABSOLUTE))
<BR><BR>[Called By]<UL><LI><a href="#[23]">&gt;&gt;</a>&nbsp;&nbsp;&nbsp;uart_flow_off_func (via Veneer)
</UL>

<P><STRONG><a name="[22]"></a>uart_flow_on_func</STRONG> (Thumb, 0 bytes, Stack size 0 bytes, rom_symdef.txt(ABSOLUTE), UNUSED)
<BR>[Address Reference Count : 1]<UL><LI> jump_table.o(jump_table_mem_area)
</UL>
<P><STRONG><a name="[24]"></a>uart_finish_transfers_func</STRONG> (Thumb, 0 bytes, Stack size 0 bytes, rom_symdef.txt(ABSOLUTE), UNUSED)
<BR>[Address Reference Count : 1]<UL><LI> jump_table.o(jump_table_mem_area)
</UL>
<P><STRONG><a name="[25]"></a>uart_read_func</STRONG> (Thumb, 0 bytes, Stack size 0 bytes, rom_symdef.txt(ABSOLUTE), UNUSED)
<BR>[Address Reference Count : 1]<UL><LI> jump_table.o(jump_table_mem_area)
</UL>
<P><STRONG><a name="[26]"></a>uart_write_func</STRONG> (Thumb, 0 bytes, Stack size 0 bytes, rom_symdef.txt(ABSOLUTE), UNUSED)
<BR>[Address Reference Count : 1]<UL><LI> jump_table.o(jump_table_mem_area)
</UL>
<P><STRONG><a name="[27]"></a>UART_Handler_func</STRONG> (Thumb, 0 bytes, Stack size 0 bytes, rom_symdef.txt(ABSOLUTE), UNUSED)
<BR>[Address Reference Count : 1]<UL><LI> jump_table.o(jump_table_mem_area)
</UL>
<P><STRONG><a name="[3b]"></a>GPADC_init_func</STRONG> (Thumb, 0 bytes, Stack size 0 bytes, rom_symdef.txt(ABSOLUTE), UNUSED)
<BR>[Address Reference Count : 1]<UL><LI> jump_table.o(jump_table_mem_area)
</UL>
<P><STRONG><a name="[3c]"></a>meas_precharge_freq_func</STRONG> (Thumb, 0 bytes, Stack size 0 bytes, rom_symdef.txt(ABSOLUTE), UNUSED)
<BR>[Address Reference Count : 1]<UL><LI> jump_table.o(jump_table_mem_area)
</UL>
<P><STRONG><a name="[3d]"></a>check_pll_lock_func</STRONG> (Thumb, 0 bytes, Stack size 0 bytes, rom_symdef.txt(ABSOLUTE), UNUSED)
<BR>[Address Reference Count : 1]<UL><LI> jump_table.o(jump_table_mem_area)
</UL>
<P><STRONG><a name="[3e]"></a>update_calcap_min_channel_func</STRONG> (Thumb, 0 bytes, Stack size 0 bytes, rom_symdef.txt(ABSOLUTE), UNUSED)
<BR>[Address Reference Count : 1]<UL><LI> jump_table.o(jump_table_mem_area)
</UL>
<P><STRONG><a name="[3f]"></a>update_calcap_max_channel_func</STRONG> (Thumb, 0 bytes, Stack size 0 bytes, rom_symdef.txt(ABSOLUTE), UNUSED)
<BR>[Address Reference Count : 1]<UL><LI> jump_table.o(jump_table_mem_area)
</UL>
<P><STRONG><a name="[40]"></a>write_one_SW_LUT_entry_func</STRONG> (Thumb, 0 bytes, Stack size 0 bytes, rom_symdef.txt(ABSOLUTE), UNUSED)
<BR>[Address Reference Count : 1]<UL><LI> jump_table.o(jump_table_mem_area)
</UL>
<P><STRONG><a name="[41]"></a>write_HW_LUT_func</STRONG> (Thumb, 0 bytes, Stack size 0 bytes, rom_symdef.txt(ABSOLUTE), UNUSED)
<BR>[Address Reference Count : 1]<UL><LI> jump_table.o(jump_table_mem_area)
</UL>
<P><STRONG><a name="[42]"></a>clear_HW_LUT_func</STRONG> (Thumb, 0 bytes, Stack size 0 bytes, rom_symdef.txt(ABSOLUTE), UNUSED)
<BR>[Address Reference Count : 1]<UL><LI> jump_table.o(jump_table_mem_area)
</UL>
<P><STRONG><a name="[43]"></a>update_LUT_func</STRONG> (Thumb, 0 bytes, Stack size 0 bytes, rom_symdef.txt(ABSOLUTE), UNUSED)
<BR>[Address Reference Count : 1]<UL><LI> jump_table.o(jump_table_mem_area)
</UL>
<P><STRONG><a name="[44]"></a>save_configure_restore_func</STRONG> (Thumb, 0 bytes, Stack size 0 bytes, rom_symdef.txt(ABSOLUTE), UNUSED)
<BR>[Address Reference Count : 1]<UL><LI> jump_table.o(jump_table_mem_area)
</UL>
<P><STRONG><a name="[45]"></a>update_calcap_ranges_func</STRONG> (Thumb, 0 bytes, Stack size 0 bytes, rom_symdef.txt(ABSOLUTE), UNUSED)
<BR>[Address Reference Count : 1]<UL><LI> jump_table.o(jump_table_mem_area)
</UL>
<P><STRONG><a name="[46]"></a>find_initial_calcap_ranges_func</STRONG> (Thumb, 0 bytes, Stack size 0 bytes, rom_symdef.txt(ABSOLUTE), UNUSED)
<BR>[Address Reference Count : 1]<UL><LI> jump_table.o(jump_table_mem_area)
</UL>
<P><STRONG><a name="[ae]"></a>pll_vcocal_LUT_InitUpdate</STRONG> (Thumb, 0 bytes, Stack size 0 bytes, rom_symdef.txt(ABSOLUTE))
<BR><BR>[Called By]<UL><LI><a href="#[1f]">&gt;&gt;</a>&nbsp;&nbsp;&nbsp;rf_init_func (via Veneer)
<LI><a href="#[95]">&gt;&gt;</a>&nbsp;&nbsp;&nbsp;conditionally_run_radio_cals (via Veneer)
</UL>

<P><STRONG><a name="[47]"></a>pll_vcocal_LUT_InitUpdate_func</STRONG> (Thumb, 0 bytes, Stack size 0 bytes, rom_symdef.txt(ABSOLUTE), UNUSED)
<BR>[Address Reference Count : 1]<UL><LI> jump_table.o(jump_table_mem_area)
</UL>
<P><STRONG><a name="[10f]"></a>set_rf_cal_cap</STRONG> (Thumb, 0 bytes, Stack size 0 bytes, rom_symdef.txt(ABSOLUTE))
<BR><BR>[Called By]<UL><LI><a href="#[10]">&gt;&gt;</a>&nbsp;&nbsp;&nbsp;BLE_RF_DIAG_Handler (via Veneer)
</UL>

<P><STRONG><a name="[48]"></a>set_rf_cal_cap_func</STRONG> (Thumb, 0 bytes, Stack size 0 bytes, rom_symdef.txt(ABSOLUTE), UNUSED)
<BR>[Address Reference Count : 1]<UL><LI> jump_table.o(jump_table_mem_area)
</UL>
<P><STRONG><a name="[4a]"></a>modulationGainCalibration_func</STRONG> (Thumb, 0 bytes, Stack size 0 bytes, rom_symdef.txt(ABSOLUTE), UNUSED)
<BR>[Address Reference Count : 1]<UL><LI> jump_table.o(jump_table_mem_area)
</UL>
<P><STRONG><a name="[4b]"></a>DCoffsetCalibration_func</STRONG> (Thumb, 0 bytes, Stack size 0 bytes, rom_symdef.txt(ABSOLUTE), UNUSED)
<BR>[Address Reference Count : 1]<UL><LI> jump_table.o(jump_table_mem_area)
</UL>
<P><STRONG><a name="[4c]"></a>IffCalibration_func</STRONG> (Thumb, 0 bytes, Stack size 0 bytes, rom_symdef.txt(ABSOLUTE), UNUSED)
<BR>[Address Reference Count : 1]<UL><LI> jump_table.o(jump_table_mem_area)
</UL>
<P><STRONG><a name="[af]"></a>rf_calibration</STRONG> (Thumb, 0 bytes, Stack size 0 bytes, rom_symdef.txt(ABSOLUTE))
<BR><BR>[Called By]<UL><LI><a href="#[1f]">&gt;&gt;</a>&nbsp;&nbsp;&nbsp;rf_init_func (via Veneer)
<LI><a href="#[95]">&gt;&gt;</a>&nbsp;&nbsp;&nbsp;conditionally_run_radio_cals (via Veneer)
</UL>

<P><STRONG><a name="[4d]"></a>rf_calibration_func</STRONG> (Thumb, 0 bytes, Stack size 0 bytes, rom_symdef.txt(ABSOLUTE), UNUSED)
<BR>[Address Reference Count : 1]<UL><LI> jump_table.o(jump_table_mem_area)
</UL>
<P><STRONG><a name="[ad]"></a>get_rc16m_count</STRONG> (Thumb, 0 bytes, Stack size 0 bytes, rom_symdef.txt(ABSOLUTE))
<BR><BR>[Called By]<UL><LI><a href="#[1f]">&gt;&gt;</a>&nbsp;&nbsp;&nbsp;rf_init_func (via Veneer)
<LI><a href="#[95]">&gt;&gt;</a>&nbsp;&nbsp;&nbsp;conditionally_run_radio_cals (via Veneer)
</UL>

<P><STRONG><a name="[ac]"></a>$Super$$get_rc16m_count_func</STRONG> (Thumb, 0 bytes, Stack size 0 bytes, rom_symdef.txt(ABSOLUTE))
<BR><BR>[Called By]<UL><LI><a href="#[4e]">&gt;&gt;</a>&nbsp;&nbsp;&nbsp;get_rc16m_count_func (via Veneer)
</UL>

<P><STRONG><a name="[110]"></a>set_gauss_modgain</STRONG> (Thumb, 0 bytes, Stack size 0 bytes, rom_symdef.txt(ABSOLUTE))
<BR><BR>[Called By]<UL><LI><a href="#[10]">&gt;&gt;</a>&nbsp;&nbsp;&nbsp;BLE_RF_DIAG_Handler (via Veneer)
</UL>

<P><STRONG><a name="[4f]"></a>set_gauss_modgain_func</STRONG> (Thumb, 0 bytes, Stack size 0 bytes, rom_symdef.txt(ABSOLUTE), UNUSED)
<BR>[Address Reference Count : 1]<UL><LI> jump_table.o(jump_table_mem_area)
</UL>
<P><STRONG><a name="[90]"></a>enable_rf_diag_irq</STRONG> (Thumb, 0 bytes, Stack size 0 bytes, rom_symdef.txt(ABSOLUTE))
<BR><BR>[Called By]<UL><LI><a href="#[2c]">&gt;&gt;</a>&nbsp;&nbsp;&nbsp;rf_reinit_func (via Veneer)
<LI><a href="#[1e]">&gt;&gt;</a>&nbsp;&nbsp;&nbsp;main_func (via Veneer)
</UL>

<P><STRONG><a name="[49]"></a>enable_rf_diag_irq_func</STRONG> (Thumb, 0 bytes, Stack size 0 bytes, rom_symdef.txt(ABSOLUTE), UNUSED)
<BR>[Address Reference Count : 1]<UL><LI> jump_table.o(jump_table_mem_area)
</UL>
<P><STRONG><a name="[38]"></a>gtl_hci_rx_header_func</STRONG> (Thumb, 0 bytes, Stack size 0 bytes, rom_symdef.txt(ABSOLUTE), UNUSED)
<BR>[Address Reference Count : 1]<UL><LI> jump_table.o(jump_table_mem_area)
</UL>
<P><STRONG><a name="[39]"></a>gtl_hci_rx_payload_func</STRONG> (Thumb, 0 bytes, Stack size 0 bytes, rom_symdef.txt(ABSOLUTE), UNUSED)
<BR>[Address Reference Count : 1]<UL><LI> jump_table.o(jump_table_mem_area)
</UL>
<P><STRONG><a name="[3a]"></a>gtl_hci_tx_evt_func</STRONG> (Thumb, 0 bytes, Stack size 0 bytes, rom_symdef.txt(ABSOLUTE), UNUSED)
<BR>[Address Reference Count : 1]<UL><LI> jump_table.o(jump_table_mem_area)
</UL>
<P><STRONG><a name="[2e]"></a>gtl_eif_init_func</STRONG> (Thumb, 0 bytes, Stack size 0 bytes, rom_symdef.txt(ABSOLUTE), UNUSED)
<BR>[Address Reference Count : 1]<UL><LI> jump_table.o(jump_table_mem_area)
</UL>
<P><STRONG><a name="[118]"></a>attmdb_add_service</STRONG> (Thumb, 0 bytes, Stack size 0 bytes, rom_symdef.txt(ABSOLUTE))
<BR><BR>[Called By]<UL><LI><a href="#[6d]">&gt;&gt;</a>&nbsp;&nbsp;&nbsp;sps_server_create_db_req_handler (via Veneer)
</UL>

<P><STRONG><a name="[119]"></a>attmdb_add_attribute</STRONG> (Thumb, 0 bytes, Stack size 0 bytes, rom_symdef.txt(ABSOLUTE))
<BR><BR>[Called By]<UL><LI><a href="#[6d]">&gt;&gt;</a>&nbsp;&nbsp;&nbsp;sps_server_create_db_req_handler (via Veneer)
</UL>

<P><STRONG><a name="[11a]"></a>attmdb_att_set_value</STRONG> (Thumb, 0 bytes, Stack size 0 bytes, rom_symdef.txt(ABSOLUTE))
<BR><BR>[Called By]<UL><LI><a href="#[73]">&gt;&gt;</a>&nbsp;&nbsp;&nbsp;sps_server_send_notify_flow_control_state_req_handler (via Veneer)
<LI><a href="#[72]">&gt;&gt;</a>&nbsp;&nbsp;&nbsp;sps_server_init_ble_tx_req_handler (via Veneer)
<LI><a href="#[70]">&gt;&gt;</a>&nbsp;&nbsp;&nbsp;gattc_cmp_evt_handler (via Veneer)
<LI><a href="#[6d]">&gt;&gt;</a>&nbsp;&nbsp;&nbsp;sps_server_create_db_req_handler (via Veneer)
</UL>

<P><STRONG><a name="[11b]"></a>attmdb_svc_set_permission</STRONG> (Thumb, 0 bytes, Stack size 0 bytes, rom_symdef.txt(ABSOLUTE))
<BR><BR>[Called By]<UL><LI><a href="#[6f]">&gt;&gt;</a>&nbsp;&nbsp;&nbsp;gapc_disconnect_ind_handler (via Veneer)
<LI><a href="#[6e]">&gt;&gt;</a>&nbsp;&nbsp;&nbsp;sps_server_enable_req_handler (via Veneer)
<LI><a href="#[6d]">&gt;&gt;</a>&nbsp;&nbsp;&nbsp;sps_server_create_db_req_handler (via Veneer)
</UL>

<P><STRONG><a name="[dd]"></a>atts_mtu_exc_resp</STRONG> (Thumb, 0 bytes, Stack size 0 bytes, rom_symdef.txt(ABSOLUTE))
<BR><BR>[Called By]<UL><LI><a href="#[66]">&gt;&gt;</a>&nbsp;&nbsp;&nbsp;l2cc_pdu_recv_ind_handler (via Veneer)
</UL>

<P><STRONG><a name="[de]"></a>atts_find_info_resp</STRONG> (Thumb, 0 bytes, Stack size 0 bytes, rom_symdef.txt(ABSOLUTE))
<BR><BR>[Called By]<UL><LI><a href="#[66]">&gt;&gt;</a>&nbsp;&nbsp;&nbsp;l2cc_pdu_recv_ind_handler (via Veneer)
</UL>

<P><STRONG><a name="[df]"></a>atts_find_by_type_resp</STRONG> (Thumb, 0 bytes, Stack size 0 bytes, rom_symdef.txt(ABSOLUTE))
<BR><BR>[Called By]<UL><LI><a href="#[66]">&gt;&gt;</a>&nbsp;&nbsp;&nbsp;l2cc_pdu_recv_ind_handler (via Veneer)
</UL>

<P><STRONG><a name="[e0]"></a>atts_read_by_type_resp</STRONG> (Thumb, 0 bytes, Stack size 0 bytes, rom_symdef.txt(ABSOLUTE))
<BR><BR>[Called By]<UL><LI><a href="#[66]">&gt;&gt;</a>&nbsp;&nbsp;&nbsp;l2cc_pdu_recv_ind_handler (via Veneer)
</UL>

<P><STRONG><a name="[e1]"></a>atts_read_by_grp_type_resp</STRONG> (Thumb, 0 bytes, Stack size 0 bytes, rom_symdef.txt(ABSOLUTE))
<BR><BR>[Called By]<UL><LI><a href="#[66]">&gt;&gt;</a>&nbsp;&nbsp;&nbsp;l2cc_pdu_recv_ind_handler (via Veneer)
</UL>

<P><STRONG><a name="[e2]"></a>atts_read_resp</STRONG> (Thumb, 0 bytes, Stack size 0 bytes, rom_symdef.txt(ABSOLUTE))
<BR><BR>[Called By]<UL><LI><a href="#[66]">&gt;&gt;</a>&nbsp;&nbsp;&nbsp;l2cc_pdu_recv_ind_handler (via Veneer)
</UL>

<P><STRONG><a name="[e3]"></a>atts_read_blob_resp</STRONG> (Thumb, 0 bytes, Stack size 0 bytes, rom_symdef.txt(ABSOLUTE))
<BR><BR>[Called By]<UL><LI><a href="#[66]">&gt;&gt;</a>&nbsp;&nbsp;&nbsp;l2cc_pdu_recv_ind_handler (via Veneer)
</UL>

<P><STRONG><a name="[e4]"></a>atts_read_mult_resp</STRONG> (Thumb, 0 bytes, Stack size 0 bytes, rom_symdef.txt(ABSOLUTE))
<BR><BR>[Called By]<UL><LI><a href="#[66]">&gt;&gt;</a>&nbsp;&nbsp;&nbsp;l2cc_pdu_recv_ind_handler (via Veneer)
</UL>

<P><STRONG><a name="[e5]"></a>atts_write_no_resp</STRONG> (Thumb, 0 bytes, Stack size 0 bytes, rom_symdef.txt(ABSOLUTE))
<BR><BR>[Called By]<UL><LI><a href="#[66]">&gt;&gt;</a>&nbsp;&nbsp;&nbsp;l2cc_pdu_recv_ind_handler (via Veneer)
</UL>

<P><STRONG><a name="[e6]"></a>atts_write_resp</STRONG> (Thumb, 0 bytes, Stack size 0 bytes, rom_symdef.txt(ABSOLUTE))
<BR><BR>[Called By]<UL><LI><a href="#[66]">&gt;&gt;</a>&nbsp;&nbsp;&nbsp;l2cc_pdu_recv_ind_handler (via Veneer)
</UL>

<P><STRONG><a name="[e7]"></a>atts_signed_write_resp</STRONG> (Thumb, 0 bytes, Stack size 0 bytes, rom_symdef.txt(ABSOLUTE))
<BR><BR>[Called By]<UL><LI><a href="#[66]">&gt;&gt;</a>&nbsp;&nbsp;&nbsp;l2cc_pdu_recv_ind_handler (via Veneer)
</UL>

<P><STRONG><a name="[e8]"></a>atts_prepare_write_resp</STRONG> (Thumb, 0 bytes, Stack size 0 bytes, rom_symdef.txt(ABSOLUTE))
<BR><BR>[Called By]<UL><LI><a href="#[66]">&gt;&gt;</a>&nbsp;&nbsp;&nbsp;l2cc_pdu_recv_ind_handler (via Veneer)
</UL>

<P><STRONG><a name="[e9]"></a>atts_execute_write_resp</STRONG> (Thumb, 0 bytes, Stack size 0 bytes, rom_symdef.txt(ABSOLUTE))
<BR><BR>[Called By]<UL><LI><a href="#[66]">&gt;&gt;</a>&nbsp;&nbsp;&nbsp;l2cc_pdu_recv_ind_handler (via Veneer)
</UL>

<P><STRONG><a name="[db]"></a>atts_send_cmd_cmp</STRONG> (Thumb, 0 bytes, Stack size 0 bytes, rom_symdef.txt(ABSOLUTE))
<BR><BR>[Called By]<UL><LI><a href="#[66]">&gt;&gt;</a>&nbsp;&nbsp;&nbsp;l2cc_pdu_recv_ind_handler (via Veneer)
</UL>

<P><STRONG><a name="[123]"></a>atts_write_rsp_send</STRONG> (Thumb, 0 bytes, Stack size 0 bytes, rom_symdef.txt(ABSOLUTE))
<BR><BR>[Called By]<UL><LI><a href="#[71]">&gt;&gt;</a>&nbsp;&nbsp;&nbsp;gattc_write_cmd_ind_handler (via Veneer)
</UL>

<P><STRONG><a name="[f3]"></a>smpc_check_max_key_size</STRONG> (Thumb, 0 bytes, Stack size 0 bytes, rom_symdef.txt(ABSOLUTE))
<BR><BR>[Called By]<UL><LI><a href="#[69]">&gt;&gt;</a>&nbsp;&nbsp;&nbsp;smpc_pairing_cfm_handler (via Veneer)
</UL>

<P><STRONG><a name="[f4]"></a>smpc_check_key_distrib</STRONG> (Thumb, 0 bytes, Stack size 0 bytes, rom_symdef.txt(ABSOLUTE))
<BR><BR>[Called By]<UL><LI><a href="#[69]">&gt;&gt;</a>&nbsp;&nbsp;&nbsp;smpc_pairing_cfm_handler (via Veneer)
</UL>

<P><STRONG><a name="[ee]"></a>smpc_generate_rand</STRONG> (Thumb, 0 bytes, Stack size 0 bytes, rom_symdef.txt(ABSOLUTE))
<BR><BR>[Called By]<UL><LI><a href="#[69]">&gt;&gt;</a>&nbsp;&nbsp;&nbsp;smpc_pairing_cfm_handler (via Veneer)
</UL>

<P><STRONG><a name="[f2]"></a>smpc_pairing_end</STRONG> (Thumb, 0 bytes, Stack size 0 bytes, rom_symdef.txt(ABSOLUTE))
<BR><BR>[Called By]<UL><LI><a href="#[69]">&gt;&gt;</a>&nbsp;&nbsp;&nbsp;smpc_pairing_cfm_handler (via Veneer)
</UL>

<P><STRONG><a name="[f1]"></a>smpc_tkdp_rcp_start</STRONG> (Thumb, 0 bytes, Stack size 0 bytes, rom_symdef.txt(ABSOLUTE))
<BR><BR>[Called By]<UL><LI><a href="#[69]">&gt;&gt;</a>&nbsp;&nbsp;&nbsp;smpc_pairing_cfm_handler (via Veneer)
</UL>

<P><STRONG><a name="[f0]"></a>smpc_pdu_send</STRONG> (Thumb, 0 bytes, Stack size 0 bytes, rom_symdef.txt(ABSOLUTE))
<BR><BR>[Called By]<UL><LI><a href="#[69]">&gt;&gt;</a>&nbsp;&nbsp;&nbsp;smpc_pairing_cfm_handler (via Veneer)
</UL>

<P><STRONG><a name="[ef]"></a>smpc_tkdp_send_continue</STRONG> (Thumb, 0 bytes, Stack size 0 bytes, rom_symdef.txt(ABSOLUTE))
<BR><BR>[Called By]<UL><LI><a href="#[69]">&gt;&gt;</a>&nbsp;&nbsp;&nbsp;smpc_pairing_cfm_handler (via Veneer)
</UL>

<P><STRONG><a name="[f5]"></a>smpc_get_key_sec_prop</STRONG> (Thumb, 0 bytes, Stack size 0 bytes, rom_symdef.txt(ABSOLUTE))
<BR><BR>[Called By]<UL><LI><a href="#[69]">&gt;&gt;</a>&nbsp;&nbsp;&nbsp;smpc_pairing_cfm_handler (via Veneer)
</UL>

<P><STRONG><a name="[f6]"></a>smpc_is_sec_mode_reached</STRONG> (Thumb, 0 bytes, Stack size 0 bytes, rom_symdef.txt(ABSOLUTE))
<BR><BR>[Called By]<UL><LI><a href="#[69]">&gt;&gt;</a>&nbsp;&nbsp;&nbsp;smpc_pairing_cfm_handler (via Veneer)
</UL>

<P><STRONG><a name="[115]"></a>gapc_send_disconect_ind</STRONG> (Thumb, 0 bytes, Stack size 0 bytes, rom_symdef.txt(ABSOLUTE))
<BR><BR>[Called By]<UL><LI><a href="#[34]">&gt;&gt;</a>&nbsp;&nbsp;&nbsp;prf_cleanup_func (via Veneer)
</UL>

<P><STRONG><a name="[11c]"></a>gapc_get_conidx</STRONG> (Thumb, 0 bytes, Stack size 0 bytes, rom_symdef.txt(ABSOLUTE))
<BR><BR>[Called By]<UL><LI><a href="#[6e]">&gt;&gt;</a>&nbsp;&nbsp;&nbsp;sps_server_enable_req_handler (via Veneer)
</UL>

<P><STRONG><a name="[112]"></a>gapc_get_conhdl</STRONG> (Thumb, 0 bytes, Stack size 0 bytes, rom_symdef.txt(ABSOLUTE), UNUSED)
<BR><BR>[Called By]<UL><LI><a href="#[111]">&gt;&gt;</a>&nbsp;&nbsp;&nbsp;prf_server_error_ind_send (via Veneer)
</UL>

<P><STRONG><a name="[ec]"></a>gapc_get_role</STRONG> (Thumb, 0 bytes, Stack size 0 bytes, rom_symdef.txt(ABSOLUTE))
<BR><BR>[Called By]<UL><LI><a href="#[67]">&gt;&gt;</a>&nbsp;&nbsp;&nbsp;smpc_send_pairing_req_ind (via Veneer)
<LI><a href="#[69]">&gt;&gt;</a>&nbsp;&nbsp;&nbsp;smpc_pairing_cfm_handler (via Veneer)
</UL>

<P><STRONG><a name="[eb]"></a>gapc_get_enc_keysize</STRONG> (Thumb, 0 bytes, Stack size 0 bytes, rom_symdef.txt(ABSOLUTE))
<BR><BR>[Called By]<UL><LI><a href="#[67]">&gt;&gt;</a>&nbsp;&nbsp;&nbsp;smpc_send_pairing_req_ind (via Veneer)
<LI><a href="#[69]">&gt;&gt;</a>&nbsp;&nbsp;&nbsp;smpc_pairing_cfm_handler (via Veneer)
</UL>

<P><STRONG><a name="[fb]"></a>gapm_get_privacy_flag</STRONG> (Thumb, 0 bytes, Stack size 0 bytes, rom_symdef.txt(ABSOLUTE))
<BR><BR>[Called By]<UL><LI><a href="#[6c]">&gt;&gt;</a>&nbsp;&nbsp;&nbsp;patched_gapm_adv_op_sanity (via Veneer)
</UL>

<P><STRONG><a name="[fd]"></a>gapm_set_recon_addr</STRONG> (Thumb, 0 bytes, Stack size 0 bytes, rom_symdef.txt(ABSOLUTE))
<BR><BR>[Called By]<UL><LI><a href="#[6c]">&gt;&gt;</a>&nbsp;&nbsp;&nbsp;patched_gapm_adv_op_sanity (via Veneer)
</UL>

<P><STRONG><a name="[101]"></a>ke_sleep_check</STRONG> (Thumb, 0 bytes, Stack size 0 bytes, rom_symdef.txt(ABSOLUTE))
<BR><BR>[Called By]<UL><LI><a href="#[99]">&gt;&gt;</a>&nbsp;&nbsp;&nbsp;rwip_sleep (via Veneer)
<LI><a href="#[14f]">&gt;&gt;</a>&nbsp;&nbsp;&nbsp;app_rwip_sleep_check (via Veneer)
</UL>

<P><STRONG><a name="[d7]"></a>ke_event_callback_set</STRONG> (Thumb, 0 bytes, Stack size 0 bytes, rom_symdef.txt(ABSOLUTE))
<BR><BR>[Called By]<UL><LI><a href="#[2f]">&gt;&gt;</a>&nbsp;&nbsp;&nbsp;ke_task_init_func (via Veneer)
</UL>

<P><STRONG><a name="[d5]"></a>ke_event_clear</STRONG> (Thumb, 0 bytes, Stack size 0 bytes, rom_symdef.txt(ABSOLUTE))
<BR><BR>[Called By]<UL><LI><a href="#[62]">&gt;&gt;</a>&nbsp;&nbsp;&nbsp;ke_task_schedule (via Veneer)
</UL>

<P><STRONG><a name="[92]"></a>ke_event_get</STRONG> (Thumb, 0 bytes, Stack size 0 bytes, rom_symdef.txt(ABSOLUTE))
<BR><BR>[Called By]<UL><LI><a href="#[1e]">&gt;&gt;</a>&nbsp;&nbsp;&nbsp;main_func (via Veneer)
</UL>

<P><STRONG><a name="[9c]"></a>ke_mem_is_empty</STRONG> (Thumb, 0 bytes, Stack size 0 bytes, rom_symdef.txt(ABSOLUTE))
<BR><BR>[Called By]<UL><LI><a href="#[1e]">&gt;&gt;</a>&nbsp;&nbsp;&nbsp;main_func (via Veneer)
</UL>

<P><STRONG><a name="[140]"></a>ke_malloc</STRONG> (Thumb, 0 bytes, Stack size 0 bytes, rom_symdef.txt(ABSOLUTE))
<BR><BR>[Called By]<UL><LI><a href="#[13f]">&gt;&gt;</a>&nbsp;&nbsp;&nbsp;app_buffer_create (via Veneer)
</UL>

<P><STRONG><a name="[ea]"></a>ke_msg_alloc</STRONG> (Thumb, 0 bytes, Stack size 0 bytes, rom_symdef.txt(ABSOLUTE))
<BR><BR>[Called By]<UL><LI><a href="#[67]">&gt;&gt;</a>&nbsp;&nbsp;&nbsp;smpc_send_pairing_req_ind (via Veneer)
<LI><a href="#[154]">&gt;&gt;</a>&nbsp;&nbsp;&nbsp;app_sps_enable (via Veneer)
<LI><a href="#[156]">&gt;&gt;</a>&nbsp;&nbsp;&nbsp;app_sps_create_db (via Veneer)
<LI><a href="#[157]">&gt;&gt;</a>&nbsp;&nbsp;&nbsp;app_reset_app (via Veneer)
<LI><a href="#[153]">&gt;&gt;</a>&nbsp;&nbsp;&nbsp;gattc_exc_mtu_cmd (via Veneer)
<LI><a href="#[148]">&gt;&gt;</a>&nbsp;&nbsp;&nbsp;app_send_ble_flowctrl (via Veneer)
<LI><a href="#[14d]">&gt;&gt;</a>&nbsp;&nbsp;&nbsp;app_init_ble_tx (via Veneer)
<LI><a href="#[7b]">&gt;&gt;</a>&nbsp;&nbsp;&nbsp;app_sps_create_db_cfm_handler (via Veneer)
<LI><a href="#[13d]">&gt;&gt;</a>&nbsp;&nbsp;&nbsp;gapc_param_update_req_ind_handler (via Veneer)
<LI><a href="#[75]">&gt;&gt;</a>&nbsp;&nbsp;&nbsp;gapm_cmp_evt_handler (via Veneer)
<LI><a href="#[74]">&gt;&gt;</a>&nbsp;&nbsp;&nbsp;gapm_device_ready_ind_handler (via Veneer)
<LI><a href="#[12e]">&gt;&gt;</a>&nbsp;&nbsp;&nbsp;app_param_update_func (via Veneer)
<LI><a href="#[133]">&gt;&gt;</a>&nbsp;&nbsp;&nbsp;app_cancel_scanning (via Veneer)
<LI><a href="#[132]">&gt;&gt;</a>&nbsp;&nbsp;&nbsp;app_connect (via Veneer)
<LI><a href="#[131]">&gt;&gt;</a>&nbsp;&nbsp;&nbsp;app_scanning (via Veneer)
<LI><a href="#[12c]">&gt;&gt;</a>&nbsp;&nbsp;&nbsp;app_adv_stop (via Veneer)
<LI><a href="#[12a]">&gt;&gt;</a>&nbsp;&nbsp;&nbsp;app_adv_start (via Veneer)
<LI><a href="#[129]">&gt;&gt;</a>&nbsp;&nbsp;&nbsp;app_connect_confirm (via Veneer)
<LI><a href="#[128]">&gt;&gt;</a>&nbsp;&nbsp;&nbsp;app_disconnect (via Veneer)
<LI><a href="#[71]">&gt;&gt;</a>&nbsp;&nbsp;&nbsp;gattc_write_cmd_ind_handler (via Veneer)
<LI><a href="#[6e]">&gt;&gt;</a>&nbsp;&nbsp;&nbsp;sps_server_enable_req_handler (via Veneer)
<LI><a href="#[6d]">&gt;&gt;</a>&nbsp;&nbsp;&nbsp;sps_server_create_db_req_handler (via Veneer)
<LI><a href="#[113]">&gt;&gt;</a>&nbsp;&nbsp;&nbsp;prf_server_send_event (via Veneer)
<LI><a href="#[111]">&gt;&gt;</a>&nbsp;&nbsp;&nbsp;prf_server_error_ind_send (via Veneer)
</UL>

<P><STRONG><a name="[ed]"></a>ke_msg_send</STRONG> (Thumb, 0 bytes, Stack size 0 bytes, rom_symdef.txt(ABSOLUTE))
<BR><BR>[Called By]<UL><LI><a href="#[67]">&gt;&gt;</a>&nbsp;&nbsp;&nbsp;smpc_send_pairing_req_ind (via Veneer)
<LI><a href="#[154]">&gt;&gt;</a>&nbsp;&nbsp;&nbsp;app_sps_enable (via Veneer)
<LI><a href="#[156]">&gt;&gt;</a>&nbsp;&nbsp;&nbsp;app_sps_create_db (via Veneer)
<LI><a href="#[157]">&gt;&gt;</a>&nbsp;&nbsp;&nbsp;app_reset_app (via Veneer)
<LI><a href="#[153]">&gt;&gt;</a>&nbsp;&nbsp;&nbsp;gattc_exc_mtu_cmd (via Veneer)
<LI><a href="#[148]">&gt;&gt;</a>&nbsp;&nbsp;&nbsp;app_send_ble_flowctrl (via Veneer)
<LI><a href="#[14d]">&gt;&gt;</a>&nbsp;&nbsp;&nbsp;app_init_ble_tx (via Veneer)
<LI><a href="#[7b]">&gt;&gt;</a>&nbsp;&nbsp;&nbsp;app_sps_create_db_cfm_handler (via Veneer)
<LI><a href="#[13d]">&gt;&gt;</a>&nbsp;&nbsp;&nbsp;gapc_param_update_req_ind_handler (via Veneer)
<LI><a href="#[75]">&gt;&gt;</a>&nbsp;&nbsp;&nbsp;gapm_cmp_evt_handler (via Veneer)
<LI><a href="#[74]">&gt;&gt;</a>&nbsp;&nbsp;&nbsp;gapm_device_ready_ind_handler (via Veneer)
<LI><a href="#[12e]">&gt;&gt;</a>&nbsp;&nbsp;&nbsp;app_param_update_func (via Veneer)
<LI><a href="#[133]">&gt;&gt;</a>&nbsp;&nbsp;&nbsp;app_cancel_scanning (via Veneer)
<LI><a href="#[132]">&gt;&gt;</a>&nbsp;&nbsp;&nbsp;app_connect (via Veneer)
<LI><a href="#[131]">&gt;&gt;</a>&nbsp;&nbsp;&nbsp;app_scanning (via Veneer)
<LI><a href="#[12c]">&gt;&gt;</a>&nbsp;&nbsp;&nbsp;app_adv_stop (via Veneer)
<LI><a href="#[12a]">&gt;&gt;</a>&nbsp;&nbsp;&nbsp;app_adv_start (via Veneer)
<LI><a href="#[129]">&gt;&gt;</a>&nbsp;&nbsp;&nbsp;app_connect_confirm (via Veneer)
<LI><a href="#[128]">&gt;&gt;</a>&nbsp;&nbsp;&nbsp;app_disconnect (via Veneer)
<LI><a href="#[71]">&gt;&gt;</a>&nbsp;&nbsp;&nbsp;gattc_write_cmd_ind_handler (via Veneer)
<LI><a href="#[6e]">&gt;&gt;</a>&nbsp;&nbsp;&nbsp;sps_server_enable_req_handler (via Veneer)
<LI><a href="#[6d]">&gt;&gt;</a>&nbsp;&nbsp;&nbsp;sps_server_create_db_req_handler (via Veneer)
<LI><a href="#[113]">&gt;&gt;</a>&nbsp;&nbsp;&nbsp;prf_server_send_event (via Veneer)
<LI><a href="#[111]">&gt;&gt;</a>&nbsp;&nbsp;&nbsp;prf_server_error_ind_send (via Veneer)
</UL>

<P><STRONG><a name="[d3]"></a>ke_msg_free</STRONG> (Thumb, 0 bytes, Stack size 0 bytes, rom_symdef.txt(ABSOLUTE))
<BR><BR>[Called By]<UL><LI><a href="#[62]">&gt;&gt;</a>&nbsp;&nbsp;&nbsp;ke_task_schedule (via Veneer)
</UL>

<P><STRONG><a name="[117]"></a>ke_task_create</STRONG> (Thumb, 0 bytes, Stack size 0 bytes, rom_symdef.txt(ABSOLUTE))
<BR><BR>[Called By]<UL><LI><a href="#[8f]">&gt;&gt;</a>&nbsp;&nbsp;&nbsp;app_init (via Veneer)
<LI><a href="#[114]">&gt;&gt;</a>&nbsp;&nbsp;&nbsp;sps_server_init (via Veneer)
</UL>

<P><STRONG><a name="[dc]"></a>ke_state_set</STRONG> (Thumb, 0 bytes, Stack size 0 bytes, rom_symdef.txt(ABSOLUTE))
<BR><BR>[Called By]<UL><LI><a href="#[69]">&gt;&gt;</a>&nbsp;&nbsp;&nbsp;smpc_pairing_cfm_handler (via Veneer)
<LI><a href="#[6a]">&gt;&gt;</a>&nbsp;&nbsp;&nbsp;my_llc_con_update_req_ind (via Veneer)
<LI><a href="#[6b]">&gt;&gt;</a>&nbsp;&nbsp;&nbsp;my_llc_ch_map_req_ind (via Veneer)
<LI><a href="#[66]">&gt;&gt;</a>&nbsp;&nbsp;&nbsp;l2cc_pdu_recv_ind_handler (via Veneer)
<LI><a href="#[8f]">&gt;&gt;</a>&nbsp;&nbsp;&nbsp;app_init (via Veneer)
<LI><a href="#[135]">&gt;&gt;</a>&nbsp;&nbsp;&nbsp;app_set_dev_config_complete_func (via Veneer)
<LI><a href="#[77]">&gt;&gt;</a>&nbsp;&nbsp;&nbsp;gapc_cmp_evt_handler (via Veneer)
<LI><a href="#[78]">&gt;&gt;</a>&nbsp;&nbsp;&nbsp;gapc_connection_req_ind_handler (via Veneer)
<LI><a href="#[131]">&gt;&gt;</a>&nbsp;&nbsp;&nbsp;app_scanning (via Veneer)
<LI><a href="#[12a]">&gt;&gt;</a>&nbsp;&nbsp;&nbsp;app_adv_start (via Veneer)
<LI><a href="#[6f]">&gt;&gt;</a>&nbsp;&nbsp;&nbsp;gapc_disconnect_ind_handler (via Veneer)
<LI><a href="#[6e]">&gt;&gt;</a>&nbsp;&nbsp;&nbsp;sps_server_enable_req_handler (via Veneer)
<LI><a href="#[6d]">&gt;&gt;</a>&nbsp;&nbsp;&nbsp;sps_server_create_db_req_handler (via Veneer)
<LI><a href="#[114]">&gt;&gt;</a>&nbsp;&nbsp;&nbsp;sps_server_init (via Veneer)
</UL>

<P><STRONG><a name="[d8]"></a>ke_state_get</STRONG> (Thumb, 0 bytes, Stack size 0 bytes, rom_symdef.txt(ABSOLUTE))
<BR><BR>[Called By]<UL><LI><a href="#[a5]">&gt;&gt;</a>&nbsp;&nbsp;&nbsp;app_override_ble_xoff (via Veneer)
<LI><a href="#[34]">&gt;&gt;</a>&nbsp;&nbsp;&nbsp;prf_cleanup_func (via Veneer)
<LI><a href="#[69]">&gt;&gt;</a>&nbsp;&nbsp;&nbsp;smpc_pairing_cfm_handler (via Veneer)
<LI><a href="#[66]">&gt;&gt;</a>&nbsp;&nbsp;&nbsp;l2cc_pdu_recv_ind_handler (via Veneer)
<LI><a href="#[98]">&gt;&gt;</a>&nbsp;&nbsp;&nbsp;app_sleep_check (via Veneer)
<LI><a href="#[7b]">&gt;&gt;</a>&nbsp;&nbsp;&nbsp;app_sps_create_db_cfm_handler (via Veneer)
<LI><a href="#[13c]">&gt;&gt;</a>&nbsp;&nbsp;&nbsp;app_disconnect_func (via Veneer)
<LI><a href="#[137]">&gt;&gt;</a>&nbsp;&nbsp;&nbsp;app_adv_direct_complete (via Veneer)
<LI><a href="#[7a]">&gt;&gt;</a>&nbsp;&nbsp;&nbsp;app_module_init_cmp_evt_handler (via Veneer)
<LI><a href="#[78]">&gt;&gt;</a>&nbsp;&nbsp;&nbsp;gapc_connection_req_ind_handler (via Veneer)
<LI><a href="#[74]">&gt;&gt;</a>&nbsp;&nbsp;&nbsp;gapm_device_ready_ind_handler (via Veneer)
<LI><a href="#[72]">&gt;&gt;</a>&nbsp;&nbsp;&nbsp;sps_server_init_ble_tx_req_handler (via Veneer)
</UL>

<P><STRONG><a name="[d2]"></a>ke_task_handler_get</STRONG> (Thumb, 0 bytes, Stack size 0 bytes, rom_symdef.txt(ABSOLUTE))
<BR><BR>[Called By]<UL><LI><a href="#[62]">&gt;&gt;</a>&nbsp;&nbsp;&nbsp;ke_task_schedule (via Veneer)
</UL>

<P><STRONG><a name="[30]"></a>ke_timer_init_func</STRONG> (Thumb, 0 bytes, Stack size 0 bytes, rom_symdef.txt(ABSOLUTE), UNUSED)
<BR>[Address Reference Count : 1]<UL><LI> jump_table.o(jump_table_mem_area)
</UL>
<P><STRONG><a name="[130]"></a>ke_timer_set</STRONG> (Thumb, 0 bytes, Stack size 0 bytes, rom_symdef.txt(ABSOLUTE))
<BR><BR>[Called By]<UL><LI><a href="#[12f]">&gt;&gt;</a>&nbsp;&nbsp;&nbsp;app_timer_set (via Veneer)
</UL>

<P><STRONG><a name="[da]"></a>ke_timer_clear</STRONG> (Thumb, 0 bytes, Stack size 0 bytes, rom_symdef.txt(ABSOLUTE))
<BR><BR>[Called By]<UL><LI><a href="#[66]">&gt;&gt;</a>&nbsp;&nbsp;&nbsp;l2cc_pdu_recv_ind_handler (via Veneer)
<LI><a href="#[78]">&gt;&gt;</a>&nbsp;&nbsp;&nbsp;gapc_connection_req_ind_handler (via Veneer)
</UL>

<P><STRONG><a name="[102]"></a>ke_timer_sleep_check</STRONG> (Thumb, 0 bytes, Stack size 0 bytes, rom_symdef.txt(ABSOLUTE))
<BR><BR>[Called By]<UL><LI><a href="#[99]">&gt;&gt;</a>&nbsp;&nbsp;&nbsp;rwip_sleep (via Veneer)
<LI><a href="#[14f]">&gt;&gt;</a>&nbsp;&nbsp;&nbsp;app_rwip_sleep_check (via Veneer)
</UL>

<P><STRONG><a name="[124]"></a>nvds_get</STRONG> (Thumb, 0 bytes, Stack size 0 bytes, rom_symdef.txt(ABSOLUTE))
<BR><BR>[Called By]<UL><LI><a href="#[8f]">&gt;&gt;</a>&nbsp;&nbsp;&nbsp;app_init (via Veneer)
<LI><a href="#[12b]">&gt;&gt;</a>&nbsp;&nbsp;&nbsp;app_adv_func (via Veneer)
</UL>

<P><STRONG><a name="[ff]"></a>nvds_get_func</STRONG> (Thumb, 0 bytes, Stack size 0 bytes, rom_symdef.txt(ABSOLUTE))
<BR><BR>[Called By]<UL><LI><a href="#[32]">&gt;&gt;</a>&nbsp;&nbsp;&nbsp;custom_nvds_get_func (via Veneer)
</UL>

<P><STRONG><a name="[89]"></a>nvds_init</STRONG> (Thumb, 0 bytes, Stack size 0 bytes, rom_symdef.txt(ABSOLUTE))
<BR><BR>[Called By]<UL><LI><a href="#[1e]">&gt;&gt;</a>&nbsp;&nbsp;&nbsp;main_func (via Veneer)
</UL>

<P><STRONG><a name="[104]"></a>ble_regs_push</STRONG> (Thumb, 0 bytes, Stack size 0 bytes, rom_symdef.txt(ABSOLUTE))
<BR><BR>[Called By]<UL><LI><a href="#[99]">&gt;&gt;</a>&nbsp;&nbsp;&nbsp;rwip_sleep (via Veneer)
</UL>

<P><STRONG><a name="[109]"></a>ble_regs_pop</STRONG> (Thumb, 0 bytes, Stack size 0 bytes, rom_symdef.txt(ABSOLUTE))
<BR><BR>[Called By]<UL><LI><a href="#[a]">&gt;&gt;</a>&nbsp;&nbsp;&nbsp;BLE_SLP_Handler (via Veneer)
</UL>

<P><STRONG><a name="[10c]"></a>rf_reinit</STRONG> (Thumb, 0 bytes, Stack size 0 bytes, rom_symdef.txt(ABSOLUTE))
<BR><BR>[Called By]<UL><LI><a href="#[a]">&gt;&gt;</a>&nbsp;&nbsp;&nbsp;BLE_SLP_Handler (via Veneer)
</UL>

<P><STRONG><a name="[8d]"></a>rwip_init</STRONG> (Thumb, 0 bytes, Stack size 0 bytes, rom_symdef.txt(ABSOLUTE))
<BR><BR>[Called By]<UL><LI><a href="#[1e]">&gt;&gt;</a>&nbsp;&nbsp;&nbsp;main_func (via Veneer)
</UL>

<P><STRONG><a name="[91]"></a>rwip_prevent_sleep_get</STRONG> (Thumb, 0 bytes, Stack size 0 bytes, rom_symdef.txt(ABSOLUTE))
<BR><BR>[Called By]<UL><LI><a href="#[99]">&gt;&gt;</a>&nbsp;&nbsp;&nbsp;rwip_sleep (via Veneer)
<LI><a href="#[1e]">&gt;&gt;</a>&nbsp;&nbsp;&nbsp;main_func (via Veneer)
<LI><a href="#[14f]">&gt;&gt;</a>&nbsp;&nbsp;&nbsp;app_rwip_sleep_check (via Veneer)
</UL>

<P><STRONG><a name="[93]"></a>rwip_schedule</STRONG> (Thumb, 0 bytes, Stack size 0 bytes, rom_symdef.txt(ABSOLUTE))
<BR><BR>[Called By]<UL><LI><a href="#[1e]">&gt;&gt;</a>&nbsp;&nbsp;&nbsp;main_func (via Veneer)
</UL>

<P><STRONG><a name="[10a]"></a>rwip_wakeup</STRONG> (Thumb, 0 bytes, Stack size 0 bytes, rom_symdef.txt(ABSOLUTE))
<BR><BR>[Called By]<UL><LI><a href="#[a]">&gt;&gt;</a>&nbsp;&nbsp;&nbsp;BLE_SLP_Handler (via Veneer)
</UL>

<P><STRONG><a name="[ab]"></a>rwip_wakeup_delay_set</STRONG> (Thumb, 0 bytes, Stack size 0 bytes, rom_symdef.txt(ABSOLUTE))
<BR><BR>[Called By]<UL><LI><a href="#[84]">&gt;&gt;</a>&nbsp;&nbsp;&nbsp;set_sleep_delay (via Veneer)
</UL>

<P><STRONG><a name="[7]"></a>BLE_FINETGTIM_Handler</STRONG> (Thumb, 0 bytes, Stack size 0 bytes, rom_symdef.txt(ABSOLUTE), UNUSED)
<BR>[Address Reference Count : 1]<UL><LI> boot_vectors.o(RESET)
</UL>
<P><STRONG><a name="[8]"></a>BLE_GROSSTGTIM_Handler</STRONG> (Thumb, 0 bytes, Stack size 0 bytes, rom_symdef.txt(ABSOLUTE), UNUSED)
<BR>[Address Reference Count : 1]<UL><LI> boot_vectors.o(RESET)
</UL>
<P><STRONG><a name="[107]"></a>$Super$$BLE_CSCNT_Handler</STRONG> (Thumb, 0 bytes, Stack size 0 bytes, rom_symdef.txt(ABSOLUTE))
<BR><BR>[Called By]<UL><LI><a href="#[9]">&gt;&gt;</a>&nbsp;&nbsp;&nbsp;BLE_CSCNT_Handler (via Veneer)
</UL>

<P><STRONG><a name="[b]"></a>BLE_ERROR_Handler</STRONG> (Thumb, 0 bytes, Stack size 0 bytes, rom_symdef.txt(ABSOLUTE), UNUSED)
<BR>[Address Reference Count : 1]<UL><LI> boot_vectors.o(RESET)
</UL>
<P><STRONG><a name="[11]"></a>BLE_CRYPT_Handler</STRONG> (Thumb, 0 bytes, Stack size 0 bytes, rom_symdef.txt(ABSOLUTE), UNUSED)
<BR>[Address Reference Count : 1]<UL><LI> boot_vectors.o(RESET)
</UL>
<P><STRONG><a name="[9a]"></a>func_check_mem</STRONG> (Thumb, 0 bytes, Stack size 0 bytes, rom_symdef.txt(ABSOLUTE))
<BR><BR>[Called By]<UL><LI><a href="#[1e]">&gt;&gt;</a>&nbsp;&nbsp;&nbsp;main_func (via Veneer)
</UL>

<P><STRONG><a name="[9b]"></a>test_rxdone</STRONG> (Thumb, 0 bytes, Stack size 0 bytes, rom_symdef.txt(ABSOLUTE))
<BR><BR>[Called By]<UL><LI><a href="#[1e]">&gt;&gt;</a>&nbsp;&nbsp;&nbsp;main_func (via Veneer)
</UL>

<P><STRONG><a name="[f8]"></a>__aeabi_uidivmod</STRONG> (Thumb, 0 bytes, Stack size 0 bytes, rom_symdef.txt(ABSOLUTE))
<BR><BR>[Called By]<UL><LI><a href="#[28]">&gt;&gt;</a>&nbsp;&nbsp;&nbsp;lld_sleep_compensate_func_patched (via Veneer)
<LI><a href="#[99]">&gt;&gt;</a>&nbsp;&nbsp;&nbsp;rwip_sleep (via Veneer)
<LI><a href="#[6a]">&gt;&gt;</a>&nbsp;&nbsp;&nbsp;my_llc_con_update_req_ind (via Veneer)
<LI><a href="#[72]">&gt;&gt;</a>&nbsp;&nbsp;&nbsp;sps_server_init_ble_tx_req_handler (via Veneer)
<LI><a href="#[70]">&gt;&gt;</a>&nbsp;&nbsp;&nbsp;gattc_cmp_evt_handler (via Veneer)
</UL>

<P><STRONG><a name="[88]"></a>srand</STRONG> (Thumb, 0 bytes, Stack size 0 bytes, rom_symdef.txt(ABSOLUTE))
<BR><BR>[Called By]<UL><LI><a href="#[1e]">&gt;&gt;</a>&nbsp;&nbsp;&nbsp;main_func (via Veneer)
</UL>

<P><STRONG><a name="[b4]"></a>__aeabi_memcpy</STRONG> (Thumb, 0 bytes, Stack size 0 bytes, rom_symdef.txt(ABSOLUTE))
<BR><BR>[Called By]<UL><LI><a href="#[1f]">&gt;&gt;</a>&nbsp;&nbsp;&nbsp;rf_init_func (via Veneer)
<LI><a href="#[32]">&gt;&gt;</a>&nbsp;&nbsp;&nbsp;custom_nvds_get_func (via Veneer)
<LI><a href="#[69]">&gt;&gt;</a>&nbsp;&nbsp;&nbsp;smpc_pairing_cfm_handler (via Veneer)
<LI><a href="#[7f]">&gt;&gt;</a>&nbsp;&nbsp;&nbsp;nvds_read_bdaddr_from_otp (via Veneer)
<LI><a href="#[6b]">&gt;&gt;</a>&nbsp;&nbsp;&nbsp;my_llc_ch_map_req_ind (via Veneer)
<LI><a href="#[146]">&gt;&gt;</a>&nbsp;&nbsp;&nbsp;app_read_items (via Veneer)
<LI><a href="#[141]">&gt;&gt;</a>&nbsp;&nbsp;&nbsp;app_write_items (via Veneer)
<LI><a href="#[76]">&gt;&gt;</a>&nbsp;&nbsp;&nbsp;gapm_adv_report_ind_handler (via Veneer)
<LI><a href="#[78]">&gt;&gt;</a>&nbsp;&nbsp;&nbsp;gapc_connection_req_ind_handler (via Veneer)
<LI><a href="#[12b]">&gt;&gt;</a>&nbsp;&nbsp;&nbsp;app_adv_func (via Veneer)
<LI><a href="#[132]">&gt;&gt;</a>&nbsp;&nbsp;&nbsp;app_connect (via Veneer)
</UL>

<P><STRONG><a name="[155]"></a>__aeabi_memcpy4</STRONG> (Thumb, 0 bytes, Stack size 0 bytes, rom_symdef.txt(ABSOLUTE))
<BR><BR>[Called By]<UL><LI><a href="#[12b]">&gt;&gt;</a>&nbsp;&nbsp;&nbsp;app_adv_func (via Veneer)
</UL>

<P><STRONG><a name="[116]"></a>__aeabi_memclr</STRONG> (Thumb, 0 bytes, Stack size 0 bytes, rom_symdef.txt(ABSOLUTE))
<BR><BR>[Called By]<UL><LI><a href="#[8f]">&gt;&gt;</a>&nbsp;&nbsp;&nbsp;app_init (via Veneer)
<LI><a href="#[114]">&gt;&gt;</a>&nbsp;&nbsp;&nbsp;sps_server_init (via Veneer)
</UL>

<P><STRONG><a name="[d6]"></a>__aeabi_memclr4</STRONG> (Thumb, 0 bytes, Stack size 0 bytes, rom_symdef.txt(ABSOLUTE))
<BR><BR>[Called By]<UL><LI><a href="#[2f]">&gt;&gt;</a>&nbsp;&nbsp;&nbsp;ke_task_init_func (via Veneer)
</UL>

<P><STRONG><a name="[fe]"></a>memcmp</STRONG> (Thumb, 0 bytes, Stack size 0 bytes, rom_symdef.txt(ABSOLUTE))
<BR><BR>[Called By]<UL><LI><a href="#[32]">&gt;&gt;</a>&nbsp;&nbsp;&nbsp;custom_nvds_get_func (via Veneer)
<LI><a href="#[76]">&gt;&gt;</a>&nbsp;&nbsp;&nbsp;gapm_adv_report_ind_handler (via Veneer)
</UL>

<P><STRONG><a name="[b7]"></a>__aeabi_llsl</STRONG> (Thumb, 0 bytes, Stack size 0 bytes, rom_symdef.txt(ABSOLUTE))
<BR><BR>[Called By]<UL><LI><a href="#[a4]">&gt;&gt;</a>&nbsp;&nbsp;&nbsp;GPIO_GetPinStatus (via Veneer)
<LI><a href="#[a6]">&gt;&gt;</a>&nbsp;&nbsp;&nbsp;GPIO_EnableIRQ (via Veneer)
<LI><a href="#[a3]">&gt;&gt;</a>&nbsp;&nbsp;&nbsp;GPIO_ConfigurePin (via Veneer)
<LI><a href="#[86]">&gt;&gt;</a>&nbsp;&nbsp;&nbsp;GPIO_init (via Veneer)
<LI><a href="#[ba]">&gt;&gt;</a>&nbsp;&nbsp;&nbsp;GPIO_SetActive (via Veneer)
<LI><a href="#[b9]">&gt;&gt;</a>&nbsp;&nbsp;&nbsp;GPIO_SetInactive (via Veneer)
<LI><a href="#[b8]">&gt;&gt;</a>&nbsp;&nbsp;&nbsp;GPIO_SetPinFunction (via Veneer)
</UL>

<P><STRONG><a name="[d9]"></a>__ARM_common_switch8</STRONG> (Thumb, 0 bytes, Stack size 0 bytes, rom_symdef.txt(ABSOLUTE))
<BR><BR>[Called By]<UL><LI><a href="#[66]">&gt;&gt;</a>&nbsp;&nbsp;&nbsp;l2cc_pdu_recv_ind_handler (via Veneer)
<LI><a href="#[fc]">&gt;&gt;</a>&nbsp;&nbsp;&nbsp;gapm_adv_sanity (via Veneer)
</UL>

<P><STRONG><a name="[55]"></a>__main</STRONG> (Thumb, 0 bytes, Stack size unknown bytes, entry.o(.ARM.Collect$$$$00000000))
<BR>[Address Reference Count : 1]<UL><LI> boot_vectors.o(.text)
</UL>
<P><STRONG><a name="[15a]"></a>_main_stk</STRONG> (Thumb, 0 bytes, Stack size unknown bytes, entry2.o(.ARM.Collect$$$$00000001))

<P><STRONG><a name="[80]"></a>_main_scatterload</STRONG> (Thumb, 0 bytes, Stack size unknown bytes, entry5.o(.ARM.Collect$$$$00000004))
<BR><BR>[Calls]<UL><LI><a href="#[81]">&gt;&gt;</a>&nbsp;&nbsp;&nbsp;__scatterload
</UL>

<P><STRONG><a name="[159]"></a>__main_after_scatterload</STRONG> (Thumb, 0 bytes, Stack size unknown bytes, entry5.o(.ARM.Collect$$$$00000004))
<BR><BR>[Called By]<UL><LI><a href="#[81]">&gt;&gt;</a>&nbsp;&nbsp;&nbsp;__scatterload
</UL>

<P><STRONG><a name="[15b]"></a>_main_clock</STRONG> (Thumb, 0 bytes, Stack size unknown bytes, entry7b.o(.ARM.Collect$$$$00000008))

<P><STRONG><a name="[15c]"></a>_main_cpp_init</STRONG> (Thumb, 0 bytes, Stack size unknown bytes, entry8b.o(.ARM.Collect$$$$0000000A))

<P><STRONG><a name="[15d]"></a>_main_init</STRONG> (Thumb, 0 bytes, Stack size unknown bytes, entry9a.o(.ARM.Collect$$$$0000000B))

<P><STRONG><a name="[15e]"></a>__rt_final_cpp</STRONG> (Thumb, 0 bytes, Stack size unknown bytes, entry10a.o(.ARM.Collect$$$$0000000D))

<P><STRONG><a name="[15f]"></a>__rt_final_exit</STRONG> (Thumb, 0 bytes, Stack size unknown bytes, entry11a.o(.ARM.Collect$$$$0000000F))

<P><STRONG><a name="[54]"></a>SystemInit</STRONG> (Thumb, 62 bytes, Stack size 0 bytes, system_armcm0.o(.text))
<BR>[Address Reference Count : 1]<UL><LI> boot_vectors.o(.text)
</UL>
<P><STRONG><a name="[0]"></a>Reset_Handler</STRONG> (Thumb, 8 bytes, Stack size 0 bytes, boot_vectors.o(.text))
<BR>[Address Reference Count : 1]<UL><LI> boot_vectors.o(RESET)
</UL>
<P><STRONG><a name="[4]"></a>PendSV_Handler</STRONG> (Thumb, 2 bytes, Stack size 0 bytes, boot_vectors.o(.text))
<BR><BR>[Calls]<UL><LI><a href="#[4]">&gt;&gt;</a>&nbsp;&nbsp;&nbsp;PendSV_Handler
</UL>
<BR>[Called By]<UL><LI><a href="#[4]">&gt;&gt;</a>&nbsp;&nbsp;&nbsp;PendSV_Handler
</UL>
<BR>[Address Reference Count : 1]<UL><LI> boot_vectors.o(RESET)
</UL>
<P><STRONG><a name="[5]"></a>SysTick_Handler</STRONG> (Thumb, 2 bytes, Stack size 0 bytes, boot_vectors.o(.text))
<BR><BR>[Calls]<UL><LI><a href="#[5]">&gt;&gt;</a>&nbsp;&nbsp;&nbsp;SysTick_Handler
</UL>
<BR>[Called By]<UL><LI><a href="#[5]">&gt;&gt;</a>&nbsp;&nbsp;&nbsp;SysTick_Handler
</UL>
<BR>[Address Reference Count : 1]<UL><LI> boot_vectors.o(RESET)
</UL>
<P><STRONG><a name="[16]"></a>ADC_Handler</STRONG> (Thumb, 0 bytes, Stack size 0 bytes, boot_vectors.o(.text))
<BR><BR>[Calls]<UL><LI><a href="#[16]">&gt;&gt;</a>&nbsp;&nbsp;&nbsp;ADC_Handler
</UL>
<BR>[Called By]<UL><LI><a href="#[16]">&gt;&gt;</a>&nbsp;&nbsp;&nbsp;ADC_Handler
</UL>
<BR>[Address Reference Count : 1]<UL><LI> boot_vectors.o(RESET)
</UL>
<P><STRONG><a name="[14]"></a>I2C_Handler</STRONG> (Thumb, 0 bytes, Stack size 0 bytes, boot_vectors.o(.text))
<BR>[Address Reference Count : 1]<UL><LI> boot_vectors.o(RESET)
</UL>
<P><STRONG><a name="[17]"></a>KEYBRD_Handler</STRONG> (Thumb, 0 bytes, Stack size 0 bytes, boot_vectors.o(.text))
<BR>[Address Reference Count : 1]<UL><LI> boot_vectors.o(RESET)
</UL>
<P><STRONG><a name="[18]"></a>RFCAL_Handler</STRONG> (Thumb, 0 bytes, Stack size 0 bytes, boot_vectors.o(.text))
<BR>[Address Reference Count : 1]<UL><LI> boot_vectors.o(RESET)
</UL>
<P><STRONG><a name="[15]"></a>SPI_Handler</STRONG> (Thumb, 0 bytes, Stack size 0 bytes, boot_vectors.o(.text))
<BR>[Address Reference Count : 1]<UL><LI> boot_vectors.o(RESET)
</UL>
<P><STRONG><a name="[e]"></a>SWTIM_Handler</STRONG> (Thumb, 0 bytes, Stack size 0 bytes, boot_vectors.o(.text))
<BR>[Address Reference Count : 1]<UL><LI> boot_vectors.o(RESET)
</UL>
<P><STRONG><a name="[f]"></a>WKUP_QUADEC_Handler</STRONG> (Thumb, 0 bytes, Stack size 0 bytes, boot_vectors.o(.text))
<BR>[Address Reference Count : 1]<UL><LI> boot_vectors.o(RESET)
</UL>
<P><STRONG><a name="[57]"></a>HardFault_HandlerC</STRONG> (Thumb, 86 bytes, Stack size 0 bytes, hardfault_handler.o(.text))
<BR>[Address Reference Count : 1]<UL><LI> boot_vectors.o(.text)
</UL>
<P><STRONG><a name="[58]"></a>SVC_Handler_c</STRONG> (Thumb, 22 bytes, Stack size 0 bytes, arch_main.o(.text))
<BR>[Address Reference Count : 1]<UL><LI> boot_vectors.o(.text)
</UL>
<P><STRONG><a name="[82]"></a>patch_func</STRONG> (Thumb, 98 bytes, Stack size 8 bytes, arch_main.o(.text))
<BR><BR>[Stack]<UL><LI>Max Depth = 8<LI>Call Chain = patch_func
</UL>
<BR>[Calls]<UL><LI><a href="#[83]">&gt;&gt;</a>&nbsp;&nbsp;&nbsp;NVIC_SetPriority
</UL>
<BR>[Called By]<UL><LI><a href="#[87]">&gt;&gt;</a>&nbsp;&nbsp;&nbsp;periph_init
</UL>

<P><STRONG><a name="[29]"></a>lld_sleep_init_func</STRONG> (Thumb, 26 bytes, Stack size 8 bytes, arch_main.o(.text))
<BR><BR>[Stack]<UL><LI>Max Depth = 16<LI>Call Chain = lld_sleep_init_func &rArr; set_sleep_delay
</UL>
<BR>[Calls]<UL><LI><a href="#[84]">&gt;&gt;</a>&nbsp;&nbsp;&nbsp;set_sleep_delay
</UL>
<BR>[Called By]<UL><LI><a href="#[1e]">&gt;&gt;</a>&nbsp;&nbsp;&nbsp;main_func
</UL>
<BR>[Address Reference Count : 1]<UL><LI> jump_table.o(jump_table_mem_area)
</UL>
<P><STRONG><a name="[1e]"></a>main_func</STRONG> (Thumb, 676 bytes, Stack size 40 bytes, arch_main.o(.text))
<BR><BR>[Stack]<UL><LI>Max Depth = 144<LI>Call Chain = main_func &rArr; periph_init &rArr; set_pad_functions &rArr; GPIO_ConfigurePin &rArr; GPIO_SetPinFunction
</UL>
<BR>[Calls]<UL><LI><a href="#[9b]">&gt;&gt;</a>&nbsp;&nbsp;&nbsp;test_rxdone (via Veneer)
<LI><a href="#[88]">&gt;&gt;</a>&nbsp;&nbsp;&nbsp;srand (via Veneer)
<LI><a href="#[85]">&gt;&gt;</a>&nbsp;&nbsp;&nbsp;set_system_clocks (via Veneer)
<LI><a href="#[99]">&gt;&gt;</a>&nbsp;&nbsp;&nbsp;rwip_sleep
<LI><a href="#[93]">&gt;&gt;</a>&nbsp;&nbsp;&nbsp;rwip_schedule (via Veneer)
<LI><a href="#[91]">&gt;&gt;</a>&nbsp;&nbsp;&nbsp;rwip_prevent_sleep_get (via Veneer)
<LI><a href="#[8d]">&gt;&gt;</a>&nbsp;&nbsp;&nbsp;rwip_init (via Veneer)
<LI><a href="#[87]">&gt;&gt;</a>&nbsp;&nbsp;&nbsp;periph_init
<LI><a href="#[7f]">&gt;&gt;</a>&nbsp;&nbsp;&nbsp;nvds_read_bdaddr_from_otp
<LI><a href="#[89]">&gt;&gt;</a>&nbsp;&nbsp;&nbsp;nvds_init (via Veneer)
<LI><a href="#[94]">&gt;&gt;</a>&nbsp;&nbsp;&nbsp;lld_sleep_check (via Veneer)
<LI><a href="#[9c]">&gt;&gt;</a>&nbsp;&nbsp;&nbsp;ke_mem_is_empty (via Veneer)
<LI><a href="#[92]">&gt;&gt;</a>&nbsp;&nbsp;&nbsp;ke_event_get (via Veneer)
<LI><a href="#[8a]">&gt;&gt;</a>&nbsp;&nbsp;&nbsp;iq_trim_from_otp
<LI><a href="#[8b]">&gt;&gt;</a>&nbsp;&nbsp;&nbsp;init_pwr_and_clk_ble
<LI><a href="#[9a]">&gt;&gt;</a>&nbsp;&nbsp;&nbsp;func_check_mem (via Veneer)
<LI><a href="#[90]">&gt;&gt;</a>&nbsp;&nbsp;&nbsp;enable_rf_diag_irq (via Veneer)
<LI><a href="#[95]">&gt;&gt;</a>&nbsp;&nbsp;&nbsp;conditionally_run_radio_cals
<LI><a href="#[97]">&gt;&gt;</a>&nbsp;&nbsp;&nbsp;app_write_ble_buff
<LI><a href="#[98]">&gt;&gt;</a>&nbsp;&nbsp;&nbsp;app_sleep_check
<LI><a href="#[8e]">&gt;&gt;</a>&nbsp;&nbsp;&nbsp;app_set_extended_sleep
<LI><a href="#[8f]">&gt;&gt;</a>&nbsp;&nbsp;&nbsp;app_init
<LI><a href="#[96]">&gt;&gt;</a>&nbsp;&nbsp;&nbsp;app_ble_pull
<LI><a href="#[86]">&gt;&gt;</a>&nbsp;&nbsp;&nbsp;GPIO_init
<LI><a href="#[29]">&gt;&gt;</a>&nbsp;&nbsp;&nbsp;lld_sleep_init_func
<LI><a href="#[8c]">&gt;&gt;</a>&nbsp;&nbsp;&nbsp;NVIC_ClearPendingIRQ
<LI><a href="#[83]">&gt;&gt;</a>&nbsp;&nbsp;&nbsp;NVIC_SetPriority
</UL>
<BR>[Address Reference Count : 1]<UL><LI> jump_table.o(jump_table_mem_area)
</UL>
<P><STRONG><a name="[7e]"></a>dummyf</STRONG> (Thumb, 2 bytes, Stack size 0 bytes, jump_table.o(.text), UNUSED, KEPT)

<P><STRONG><a name="[a1]"></a>app_disable_sleep</STRONG> (Thumb, 26 bytes, Stack size 0 bytes, arch_sleep.o(.text))
<BR><BR>[Called By]<UL><LI><a href="#[9f]">&gt;&gt;</a>&nbsp;&nbsp;&nbsp;app_force_active_mode
<LI><a href="#[98]">&gt;&gt;</a>&nbsp;&nbsp;&nbsp;app_sleep_check
</UL>

<P><STRONG><a name="[8e]"></a>app_set_extended_sleep</STRONG> (Thumb, 26 bytes, Stack size 0 bytes, arch_sleep.o(.text))
<BR><BR>[Called By]<UL><LI><a href="#[9d]">&gt;&gt;</a>&nbsp;&nbsp;&nbsp;app_restore_sleep_mode
<LI><a href="#[98]">&gt;&gt;</a>&nbsp;&nbsp;&nbsp;app_sleep_check
<LI><a href="#[1e]">&gt;&gt;</a>&nbsp;&nbsp;&nbsp;main_func
</UL>

<P><STRONG><a name="[9e]"></a>app_set_deep_sleep</STRONG> (Thumb, 28 bytes, Stack size 0 bytes, arch_sleep.o(.text), UNUSED)
<BR><BR>[Called By]<UL><LI><a href="#[9d]">&gt;&gt;</a>&nbsp;&nbsp;&nbsp;app_restore_sleep_mode
</UL>

<P><STRONG><a name="[9d]"></a>app_restore_sleep_mode</STRONG> (Thumb, 68 bytes, Stack size 0 bytes, arch_sleep.o(.text), UNUSED)
<BR><BR>[Calls]<UL><LI><a href="#[9e]">&gt;&gt;</a>&nbsp;&nbsp;&nbsp;app_set_deep_sleep
<LI><a href="#[8e]">&gt;&gt;</a>&nbsp;&nbsp;&nbsp;app_set_extended_sleep
</UL>

<P><STRONG><a name="[9f]"></a>app_force_active_mode</STRONG> (Thumb, 30 bytes, Stack size 8 bytes, arch_sleep.o(.text), UNUSED)
<BR><BR>[Calls]<UL><LI><a href="#[a0]">&gt;&gt;</a>&nbsp;&nbsp;&nbsp;app_get_sleep_mode (via Veneer)
<LI><a href="#[a1]">&gt;&gt;</a>&nbsp;&nbsp;&nbsp;app_disable_sleep
</UL>

<P><STRONG><a name="[160]"></a>app_ble_ext_wakeup_on</STRONG> (Thumb, 8 bytes, Stack size 0 bytes, arch_sleep.o(.text), UNUSED)

<P><STRONG><a name="[161]"></a>app_ble_ext_wakeup_off</STRONG> (Thumb, 8 bytes, Stack size 0 bytes, arch_sleep.o(.text), UNUSED)

<P><STRONG><a name="[100]"></a>app_ble_ext_wakeup_get</STRONG> (Thumb, 6 bytes, Stack size 0 bytes, arch_sleep.o(.text))
<BR><BR>[Called By]<UL><LI><a href="#[99]">&gt;&gt;</a>&nbsp;&nbsp;&nbsp;rwip_sleep
<LI><a href="#[14f]">&gt;&gt;</a>&nbsp;&nbsp;&nbsp;app_rwip_sleep_check
</UL>

<P><STRONG><a name="[162]"></a>app_ble_force_wakeup</STRONG> (Thumb, 46 bytes, Stack size 0 bytes, arch_sleep.o(.text), UNUSED)

<P><STRONG><a name="[163]"></a>app_last_rwble_evt_get</STRONG> (Thumb, 6 bytes, Stack size 0 bytes, arch_sleep.o(.text), UNUSED)

<P><STRONG><a name="[56]"></a>NMI_HandlerC</STRONG> (Thumb, 126 bytes, Stack size 0 bytes, nmi_handler.o(.text))
<BR>[Address Reference Count : 1]<UL><LI> boot_vectors.o(.text)
</UL>
<P><STRONG><a name="[b6]"></a>GPIO_reservations</STRONG> (Thumb, 152 bytes, Stack size 16 bytes, periph_setup.o(.text))
<BR><BR>[Stack]<UL><LI>Max Depth = 16<LI>Call Chain = GPIO_reservations
</UL>
<BR>[Called By]<UL><LI><a href="#[86]">&gt;&gt;</a>&nbsp;&nbsp;&nbsp;GPIO_init
</UL>

<P><STRONG><a name="[a2]"></a>set_pad_functions</STRONG> (Thumb, 68 bytes, Stack size 24 bytes, periph_setup.o(.text))
<BR><BR>[Stack]<UL><LI>Max Depth = 88<LI>Call Chain = set_pad_functions &rArr; GPIO_ConfigurePin &rArr; GPIO_SetPinFunction
</UL>
<BR>[Calls]<UL><LI><a href="#[a3]">&gt;&gt;</a>&nbsp;&nbsp;&nbsp;GPIO_ConfigurePin
</UL>
<BR>[Called By]<UL><LI><a href="#[87]">&gt;&gt;</a>&nbsp;&nbsp;&nbsp;periph_init
</UL>

<P><STRONG><a name="[59]"></a>gpio0_callback</STRONG> (Thumb, 80 bytes, Stack size 24 bytes, periph_setup.o(.text))
<BR><BR>[Stack]<UL><LI>Max Depth = 64<LI>Call Chain = gpio0_callback &rArr; GPIO_EnableIRQ
</UL>
<BR>[Calls]<UL><LI><a href="#[a7]">&gt;&gt;</a>&nbsp;&nbsp;&nbsp;app_override_ble_xon
<LI><a href="#[a5]">&gt;&gt;</a>&nbsp;&nbsp;&nbsp;app_override_ble_xoff
<LI><a href="#[a4]">&gt;&gt;</a>&nbsp;&nbsp;&nbsp;GPIO_GetPinStatus
<LI><a href="#[a6]">&gt;&gt;</a>&nbsp;&nbsp;&nbsp;GPIO_EnableIRQ
</UL>
<BR>[Address Reference Count : 1]<UL><LI> periph_setup.o(.text)
</UL>
<P><STRONG><a name="[87]"></a>periph_init</STRONG> (Thumb, 118 bytes, Stack size 16 bytes, periph_setup.o(.text))
<BR><BR>[Stack]<UL><LI>Max Depth = 104<LI>Call Chain = periph_init &rArr; set_pad_functions &rArr; GPIO_ConfigurePin &rArr; GPIO_SetPinFunction
</UL>
<BR>[Calls]<UL><LI><a href="#[a8]">&gt;&gt;</a>&nbsp;&nbsp;&nbsp;uart_sps_init
<LI><a href="#[a9]">&gt;&gt;</a>&nbsp;&nbsp;&nbsp;app_scheduler_reinit
<LI><a href="#[aa]">&gt;&gt;</a>&nbsp;&nbsp;&nbsp;GPIO_RegisterCallback
<LI><a href="#[a4]">&gt;&gt;</a>&nbsp;&nbsp;&nbsp;GPIO_GetPinStatus
<LI><a href="#[a6]">&gt;&gt;</a>&nbsp;&nbsp;&nbsp;GPIO_EnableIRQ
<LI><a href="#[a2]">&gt;&gt;</a>&nbsp;&nbsp;&nbsp;set_pad_functions
<LI><a href="#[82]">&gt;&gt;</a>&nbsp;&nbsp;&nbsp;patch_func
</UL>
<BR>[Called By]<UL><LI><a href="#[1e]">&gt;&gt;</a>&nbsp;&nbsp;&nbsp;main_func
<LI><a href="#[6]">&gt;&gt;</a>&nbsp;&nbsp;&nbsp;BLE_WAKEUP_LP_Handler
</UL>

<P><STRONG><a name="[164]"></a>select_lp_clk</STRONG> (Thumb, 8 bytes, Stack size 0 bytes, arch_system.o(.text), UNUSED)

<P><STRONG><a name="[8b]"></a>init_pwr_and_clk_ble</STRONG> (Thumb, 196 bytes, Stack size 16 bytes, arch_system.o(.text))
<BR><BR>[Stack]<UL><LI>Max Depth = 16<LI>Call Chain = init_pwr_and_clk_ble
</UL>
<BR>[Called By]<UL><LI><a href="#[1e]">&gt;&gt;</a>&nbsp;&nbsp;&nbsp;main_func
</UL>

<P><STRONG><a name="[105]"></a>use_lowest_amba_clocks</STRONG> (Thumb, 22 bytes, Stack size 0 bytes, arch_system.o(.text))
<BR><BR>[Called By]<UL><LI><a href="#[6]">&gt;&gt;</a>&nbsp;&nbsp;&nbsp;BLE_WAKEUP_LP_Handler
</UL>

<P><STRONG><a name="[106]"></a>use_highest_amba_clocks</STRONG> (Thumb, 22 bytes, Stack size 0 bytes, arch_system.o(.text))
<BR><BR>[Called By]<UL><LI><a href="#[6]">&gt;&gt;</a>&nbsp;&nbsp;&nbsp;BLE_WAKEUP_LP_Handler
</UL>

<P><STRONG><a name="[165]"></a>set_pxact_gpio</STRONG> (Thumb, 24 bytes, Stack size 0 bytes, arch_system.o(.text), UNUSED)

<P><STRONG><a name="[166]"></a>calibrate_rcx20</STRONG> (Thumb, 2 bytes, Stack size 0 bytes, arch_system.o(.text), UNUSED)

<P><STRONG><a name="[167]"></a>read_rcx_freq</STRONG> (Thumb, 2 bytes, Stack size 0 bytes, arch_system.o(.text), UNUSED)

<P><STRONG><a name="[84]"></a>set_sleep_delay</STRONG> (Thumb, 10 bytes, Stack size 8 bytes, arch_system.o(.text))
<BR><BR>[Stack]<UL><LI>Max Depth = 8<LI>Call Chain = set_sleep_delay
</UL>
<BR>[Calls]<UL><LI><a href="#[ab]">&gt;&gt;</a>&nbsp;&nbsp;&nbsp;rwip_wakeup_delay_set (via Veneer)
</UL>
<BR>[Called By]<UL><LI><a href="#[29]">&gt;&gt;</a>&nbsp;&nbsp;&nbsp;lld_sleep_init_func
</UL>

<P><STRONG><a name="[4e]"></a>get_rc16m_count_func</STRONG> (Thumb, 28 bytes, Stack size 16 bytes, arch_system.o(.text))
<BR><BR>[Stack]<UL><LI>Max Depth = 16<LI>Call Chain = get_rc16m_count_func
</UL>
<BR>[Calls]<UL><LI><a href="#[ac]">&gt;&gt;</a>&nbsp;&nbsp;&nbsp;$Super$$get_rc16m_count_func (via Veneer)
</UL>
<BR>[Address Reference Count : 1]<UL><LI> jump_table.o(jump_table_mem_area)
</UL>
<P><STRONG><a name="[95]"></a>conditionally_run_radio_cals</STRONG> (Thumb, 82 bytes, Stack size 8 bytes, arch_system.o(.text))
<BR><BR>[Stack]<UL><LI>Max Depth = 8<LI>Call Chain = conditionally_run_radio_cals
</UL>
<BR>[Calls]<UL><LI><a href="#[af]">&gt;&gt;</a>&nbsp;&nbsp;&nbsp;rf_calibration (via Veneer)
<LI><a href="#[ae]">&gt;&gt;</a>&nbsp;&nbsp;&nbsp;pll_vcocal_LUT_InitUpdate (via Veneer)
<LI><a href="#[ad]">&gt;&gt;</a>&nbsp;&nbsp;&nbsp;get_rc16m_count (via Veneer)
</UL>
<BR>[Called By]<UL><LI><a href="#[1e]">&gt;&gt;</a>&nbsp;&nbsp;&nbsp;main_func
</UL>

<P><STRONG><a name="[168]"></a>lld_sleep_us_2_lpcycles_rcx_func</STRONG> (Thumb, 6 bytes, Stack size 8 bytes, arch_system.o(.text), UNUSED)

<P><STRONG><a name="[169]"></a>lld_sleep_lpcycles_2_us_rcx_func</STRONG> (Thumb, 6 bytes, Stack size 8 bytes, arch_system.o(.text), UNUSED)

<P><STRONG><a name="[2a]"></a>lld_sleep_us_2_lpcycles_sel_func</STRONG> (Thumb, 10 bytes, Stack size 8 bytes, arch_system.o(.text))
<BR><BR>[Stack]<UL><LI>Max Depth = 8<LI>Call Chain = lld_sleep_us_2_lpcycles_sel_func
</UL>
<BR>[Calls]<UL><LI><a href="#[b0]">&gt;&gt;</a>&nbsp;&nbsp;&nbsp;lld_sleep_us_2_lpcycles_func (via Veneer)
</UL>
<BR>[Address Reference Count : 1]<UL><LI> jump_table.o(jump_table_mem_area)
</UL>
<P><STRONG><a name="[2b]"></a>lld_sleep_lpcycles_2_us_sel_func</STRONG> (Thumb, 10 bytes, Stack size 8 bytes, arch_system.o(.text))
<BR><BR>[Stack]<UL><LI>Max Depth = 8<LI>Call Chain = lld_sleep_lpcycles_2_us_sel_func
</UL>
<BR>[Calls]<UL><LI><a href="#[b1]">&gt;&gt;</a>&nbsp;&nbsp;&nbsp;lld_sleep_lpcycles_2_us_func (via Veneer)
</UL>
<BR>[Called By]<UL><LI><a href="#[28]">&gt;&gt;</a>&nbsp;&nbsp;&nbsp;lld_sleep_compensate_func_patched
</UL>
<BR>[Address Reference Count : 1]<UL><LI> jump_table.o(jump_table_mem_area)
</UL>
<P><STRONG><a name="[23]"></a>uart_flow_off_func</STRONG> (Thumb, 58 bytes, Stack size 8 bytes, arch_system.o(.text))
<BR><BR>[Stack]<UL><LI>Max Depth = 8<LI>Call Chain = uart_flow_off_func
</UL>
<BR>[Calls]<UL><LI><a href="#[b2]">&gt;&gt;</a>&nbsp;&nbsp;&nbsp;uart_flow_on (via Veneer)
</UL>
<BR>[Address Reference Count : 1]<UL><LI> jump_table.o(jump_table_mem_area)
</UL>
<P><STRONG><a name="[16a]"></a>calculate_arch_adv_time</STRONG> (Thumb, 12 bytes, Stack size 0 bytes, arch_system.o(.text), UNUSED)

<P><STRONG><a name="[b3]"></a>check_sys_startup_period</STRONG> (Thumb, 90 bytes, Stack size 8 bytes, arch_system.o(.text))
<BR><BR>[Stack]<UL><LI>Max Depth = 8<LI>Call Chain = check_sys_startup_period
</UL>
<BR>[Calls]<UL><LI><a href="#[a0]">&gt;&gt;</a>&nbsp;&nbsp;&nbsp;app_get_sleep_mode (via Veneer)
</UL>
<BR>[Called By]<UL><LI><a href="#[99]">&gt;&gt;</a>&nbsp;&nbsp;&nbsp;rwip_sleep
<LI><a href="#[14f]">&gt;&gt;</a>&nbsp;&nbsp;&nbsp;app_rwip_sleep_check
</UL>

<P><STRONG><a name="[16b]"></a>app_use_lower_clocks_check</STRONG> (Thumb, 4 bytes, Stack size 0 bytes, arch_system.o(.text), UNUSED)

<P><STRONG><a name="[8a]"></a>iq_trim_from_otp</STRONG> (Thumb, 54 bytes, Stack size 12 bytes, rf_580.o(.text))
<BR><BR>[Stack]<UL><LI>Max Depth = 12<LI>Call Chain = iq_trim_from_otp
</UL>
<BR>[Called By]<UL><LI><a href="#[1e]">&gt;&gt;</a>&nbsp;&nbsp;&nbsp;main_func
</UL>

<P><STRONG><a name="[5a]"></a>rf_reg_rd</STRONG> (Thumb, 4 bytes, Stack size 0 bytes, rf_580.o(.text))
<BR>[Address Reference Count : 1]<UL><LI> rf_580.o(.text)
</UL>
<P><STRONG><a name="[5b]"></a>rf_reg_wr</STRONG> (Thumb, 2 bytes, Stack size 0 bytes, rf_580.o(.text))
<BR>[Address Reference Count : 1]<UL><LI> rf_580.o(.text)
</UL>
<P><STRONG><a name="[5e]"></a>rf_reset</STRONG> (Thumb, 2 bytes, Stack size 0 bytes, rf_580.o(.text))
<BR>[Address Reference Count : 1]<UL><LI> rf_580.o(.text)
</UL>
<P><STRONG><a name="[60]"></a>rf_force_agc_enable</STRONG> (Thumb, 2 bytes, Stack size 0 bytes, rf_580.o(.text))
<BR>[Address Reference Count : 1]<UL><LI> rf_580.o(.text)
</UL>
<P><STRONG><a name="[5c]"></a>rf_txpwr_dbm_get</STRONG> (Thumb, 4 bytes, Stack size 0 bytes, rf_580.o(.text))
<BR>[Address Reference Count : 1]<UL><LI> rf_580.o(.text)
</UL>
<P><STRONG><a name="[b5]"></a>rf_regs</STRONG> (Thumb, 214 bytes, Stack size 8 bytes, rf_580.o(.text))
<BR><BR>[Stack]<UL><LI>Max Depth = 8<LI>Call Chain = rf_regs
</UL>
<BR>[Called By]<UL><LI><a href="#[2c]">&gt;&gt;</a>&nbsp;&nbsp;&nbsp;rf_reinit_func
<LI><a href="#[1f]">&gt;&gt;</a>&nbsp;&nbsp;&nbsp;rf_init_func
</UL>

<P><STRONG><a name="[1f]"></a>rf_init_func</STRONG> (Thumb, 138 bytes, Stack size 48 bytes, rf_580.o(.text))
<BR><BR>[Stack]<UL><LI>Max Depth = 56<LI>Call Chain = rf_init_func &rArr; rf_regs
</UL>
<BR>[Calls]<UL><LI><a href="#[b4]">&gt;&gt;</a>&nbsp;&nbsp;&nbsp;__aeabi_memcpy (via Veneer)
<LI><a href="#[b5]">&gt;&gt;</a>&nbsp;&nbsp;&nbsp;rf_regs
<LI><a href="#[af]">&gt;&gt;</a>&nbsp;&nbsp;&nbsp;rf_calibration (via Veneer)
<LI><a href="#[ae]">&gt;&gt;</a>&nbsp;&nbsp;&nbsp;pll_vcocal_LUT_InitUpdate (via Veneer)
<LI><a href="#[ad]">&gt;&gt;</a>&nbsp;&nbsp;&nbsp;get_rc16m_count (via Veneer)
</UL>
<BR>[Address Reference Count : 1]<UL><LI> jump_table.o(jump_table_mem_area)
</UL>
<P><STRONG><a name="[2c]"></a>rf_reinit_func</STRONG> (Thumb, 120 bytes, Stack size 8 bytes, rf_580.o(.text))
<BR><BR>[Stack]<UL><LI>Max Depth = 16<LI>Call Chain = rf_reinit_func &rArr; rf_regs
</UL>
<BR>[Calls]<UL><LI><a href="#[b5]">&gt;&gt;</a>&nbsp;&nbsp;&nbsp;rf_regs
<LI><a href="#[90]">&gt;&gt;</a>&nbsp;&nbsp;&nbsp;enable_rf_diag_irq (via Veneer)
</UL>
<BR>[Address Reference Count : 1]<UL><LI> jump_table.o(jump_table_mem_area)
</UL>
<P><STRONG><a name="[86]"></a>GPIO_init</STRONG> (Thumb, 140 bytes, Stack size 32 bytes, gpio.o(.text))
<BR><BR>[Stack]<UL><LI>Max Depth = 48<LI>Call Chain = GPIO_init &rArr; GPIO_reservations
</UL>
<BR>[Calls]<UL><LI><a href="#[b6]">&gt;&gt;</a>&nbsp;&nbsp;&nbsp;GPIO_reservations
<LI><a href="#[b7]">&gt;&gt;</a>&nbsp;&nbsp;&nbsp;__aeabi_llsl (via Veneer)
</UL>
<BR>[Called By]<UL><LI><a href="#[1e]">&gt;&gt;</a>&nbsp;&nbsp;&nbsp;main_func
</UL>

<P><STRONG><a name="[b8]"></a>GPIO_SetPinFunction</STRONG> (Thumb, 66 bytes, Stack size 24 bytes, gpio.o(.text))
<BR><BR>[Stack]<UL><LI>Max Depth = 24<LI>Call Chain = GPIO_SetPinFunction
</UL>
<BR>[Calls]<UL><LI><a href="#[b7]">&gt;&gt;</a>&nbsp;&nbsp;&nbsp;__aeabi_llsl (via Veneer)
</UL>
<BR>[Called By]<UL><LI><a href="#[a3]">&gt;&gt;</a>&nbsp;&nbsp;&nbsp;GPIO_ConfigurePin
</UL>

<P><STRONG><a name="[b9]"></a>GPIO_SetInactive</STRONG> (Thumb, 60 bytes, Stack size 16 bytes, gpio.o(.text))
<BR><BR>[Stack]<UL><LI>Max Depth = 16<LI>Call Chain = GPIO_SetInactive
</UL>
<BR>[Calls]<UL><LI><a href="#[b7]">&gt;&gt;</a>&nbsp;&nbsp;&nbsp;__aeabi_llsl (via Veneer)
</UL>
<BR>[Called By]<UL><LI><a href="#[a3]">&gt;&gt;</a>&nbsp;&nbsp;&nbsp;GPIO_ConfigurePin
</UL>

<P><STRONG><a name="[ba]"></a>GPIO_SetActive</STRONG> (Thumb, 60 bytes, Stack size 16 bytes, gpio.o(.text))
<BR><BR>[Stack]<UL><LI>Max Depth = 16<LI>Call Chain = GPIO_SetActive
</UL>
<BR>[Calls]<UL><LI><a href="#[b7]">&gt;&gt;</a>&nbsp;&nbsp;&nbsp;__aeabi_llsl (via Veneer)
</UL>
<BR>[Called By]<UL><LI><a href="#[a3]">&gt;&gt;</a>&nbsp;&nbsp;&nbsp;GPIO_ConfigurePin
</UL>

<P><STRONG><a name="[a3]"></a>GPIO_ConfigurePin</STRONG> (Thumb, 80 bytes, Stack size 40 bytes, gpio.o(.text))
<BR><BR>[Stack]<UL><LI>Max Depth = 64<LI>Call Chain = GPIO_ConfigurePin &rArr; GPIO_SetPinFunction
</UL>
<BR>[Calls]<UL><LI><a href="#[b7]">&gt;&gt;</a>&nbsp;&nbsp;&nbsp;__aeabi_llsl (via Veneer)
<LI><a href="#[ba]">&gt;&gt;</a>&nbsp;&nbsp;&nbsp;GPIO_SetActive
<LI><a href="#[b9]">&gt;&gt;</a>&nbsp;&nbsp;&nbsp;GPIO_SetInactive
<LI><a href="#[b8]">&gt;&gt;</a>&nbsp;&nbsp;&nbsp;GPIO_SetPinFunction
</UL>
<BR>[Called By]<UL><LI><a href="#[a2]">&gt;&gt;</a>&nbsp;&nbsp;&nbsp;set_pad_functions
</UL>

<P><STRONG><a name="[a4]"></a>GPIO_GetPinStatus</STRONG> (Thumb, 66 bytes, Stack size 16 bytes, gpio.o(.text))
<BR><BR>[Stack]<UL><LI>Max Depth = 16<LI>Call Chain = GPIO_GetPinStatus
</UL>
<BR>[Calls]<UL><LI><a href="#[b7]">&gt;&gt;</a>&nbsp;&nbsp;&nbsp;__aeabi_llsl (via Veneer)
</UL>
<BR>[Called By]<UL><LI><a href="#[a9]">&gt;&gt;</a>&nbsp;&nbsp;&nbsp;app_scheduler_reinit
<LI><a href="#[59]">&gt;&gt;</a>&nbsp;&nbsp;&nbsp;gpio0_callback
[...]
<BR><BR>[Calls]<UL><LI><a href="#[ed]">&gt;&gt;</a>&nbsp;&nbsp;&nbsp;ke_msg_send (via Veneer)
<LI><a href="#[ea]">&gt;&gt;</a>&nbsp;&nbsp;&nbsp;ke_msg_alloc (via Veneer)
</UL>

<P><STRONG><a name="[12e]"></a>app_param_update_func</STRONG> (Thumb, 38 bytes, Stack size 8 bytes, app_sps_device_project.o(.text))
<BR><BR>[Stack]<UL><LI>Max Depth = 8<LI>Call Chain = app_param_update_func
</UL>
<BR>[Calls]<UL><LI><a href="#[ed]">&gt;&gt;</a>&nbsp;&nbsp;&nbsp;ke_msg_send (via Veneer)
<LI><a href="#[ea]">&gt;&gt;</a>&nbsp;&nbsp;&nbsp;ke_msg_alloc (via Veneer)
</UL>
<BR>[Called By]<UL><LI><a href="#[12d]">&gt;&gt;</a>&nbsp;&nbsp;&nbsp;app_param_update_start
</UL>

<P><STRONG><a name="[172]"></a>app_sec_init_func</STRONG> (Thumb, 2 bytes, Stack size 0 bytes, app_sps_device_project.o(.text), UNUSED)

<P><STRONG><a name="[173]"></a>app_sec_encrypt_complete_func</STRONG> (Thumb, 2 bytes, Stack size 0 bytes, app_sps_device_project.o(.text), UNUSED)

<P><STRONG><a name="[174]"></a>app_mitm_passcode_entry_func</STRONG> (Thumb, 2 bytes, Stack size 0 bytes, app_sps_device_project.o(.text), UNUSED)

<P><STRONG><a name="[7b]"></a>app_sps_create_db_cfm_handler</STRONG> (Thumb, 38 bytes, Stack size 8 bytes, app_spss_task.o(.text))
<BR><BR>[Stack]<UL><LI>Max Depth = 8<LI>Call Chain = app_sps_create_db_cfm_handler
</UL>
<BR>[Calls]<UL><LI><a href="#[ed]">&gt;&gt;</a>&nbsp;&nbsp;&nbsp;ke_msg_send (via Veneer)
<LI><a href="#[ea]">&gt;&gt;</a>&nbsp;&nbsp;&nbsp;ke_msg_alloc (via Veneer)
<LI><a href="#[d8]">&gt;&gt;</a>&nbsp;&nbsp;&nbsp;ke_state_get (via Veneer)
</UL>
<BR>[Address Reference Count : 1]<UL><LI> app_task.o(.constdata)
</UL>
<P><STRONG><a name="[7c]"></a>app_sps_server_enable_cfm_handler</STRONG> (Thumb, 4 bytes, Stack size 0 bytes, app_spss_task.o(.text))
<BR>[Address Reference Count : 1]<UL><LI> app_task.o(.constdata)
</UL>
<P><STRONG><a name="[7d]"></a>app_server_request_flow_control_handler</STRONG> (Thumb, 24 bytes, Stack size 8 bytes, app_spss_task.o(.text))
<BR><BR>[Stack]<UL><LI>Max Depth = 16<LI>Call Chain = app_server_request_flow_control_handler &rArr; app_send_ble_flowctrl
</UL>
<BR>[Calls]<UL><LI><a href="#[148]">&gt;&gt;</a>&nbsp;&nbsp;&nbsp;app_send_ble_flowctrl
</UL>
<BR>[Address Reference Count : 1]<UL><LI> app_task.o(.constdata)
</UL>
<P><STRONG><a name="[156]"></a>app_sps_create_db</STRONG> (Thumb, 24 bytes, Stack size 8 bytes, app_spss.o(.text))
<BR><BR>[Stack]<UL><LI>Max Depth = 8<LI>Call Chain = app_sps_create_db
</UL>
<BR>[Calls]<UL><LI><a href="#[ed]">&gt;&gt;</a>&nbsp;&nbsp;&nbsp;ke_msg_send (via Veneer)
<LI><a href="#[ea]">&gt;&gt;</a>&nbsp;&nbsp;&nbsp;ke_msg_alloc (via Veneer)
</UL>
<BR>[Called By]<UL><LI><a href="#[127]">&gt;&gt;</a>&nbsp;&nbsp;&nbsp;app_db_init_func
</UL>

<P><STRONG><a name="[152]"></a>app_sps_init</STRONG> (Thumb, 16 bytes, Stack size 8 bytes, app_spss.o(.text))
<BR><BR>[Stack]<UL><LI>Max Depth = 40<LI>Call Chain = app_sps_init &rArr; app_buffer_init &rArr; app_buffer_create
</UL>
<BR>[Calls]<UL><LI><a href="#[158]">&gt;&gt;</a>&nbsp;&nbsp;&nbsp;app_flowcontrol_init
<LI><a href="#[14c]">&gt;&gt;</a>&nbsp;&nbsp;&nbsp;app_uart_init
<LI><a href="#[14a]">&gt;&gt;</a>&nbsp;&nbsp;&nbsp;app_buffer_init
</UL>
<BR>[Called By]<UL><LI><a href="#[125]">&gt;&gt;</a>&nbsp;&nbsp;&nbsp;app_init_func
</UL>

<P><STRONG><a name="[154]"></a>app_sps_enable</STRONG> (Thumb, 30 bytes, Stack size 8 bytes, app_spss.o(.text))
<BR><BR>[Stack]<UL><LI>Max Depth = 8<LI>Call Chain = app_sps_enable
</UL>
<BR>[Calls]<UL><LI><a href="#[ed]">&gt;&gt;</a>&nbsp;&nbsp;&nbsp;ke_msg_send (via Veneer)
<LI><a href="#[ea]">&gt;&gt;</a>&nbsp;&nbsp;&nbsp;ke_msg_alloc (via Veneer)
</UL>
<BR>[Called By]<UL><LI><a href="#[139]">&gt;&gt;</a>&nbsp;&nbsp;&nbsp;app_connection_func
</UL>

<P><STRONG><a name="[148]"></a>app_send_ble_flowctrl</STRONG> (Thumb, 26 bytes, Stack size 8 bytes, app_spss.o(.text))
<BR><BR>[Stack]<UL><LI>Max Depth = 8<LI>Call Chain = app_send_ble_flowctrl
</UL>
<BR>[Calls]<UL><LI><a href="#[ed]">&gt;&gt;</a>&nbsp;&nbsp;&nbsp;ke_msg_send (via Veneer)
<LI><a href="#[ea]">&gt;&gt;</a>&nbsp;&nbsp;&nbsp;ke_msg_alloc (via Veneer)
</UL>
<BR>[Called By]<UL><LI><a href="#[a7]">&gt;&gt;</a>&nbsp;&nbsp;&nbsp;app_override_ble_xon
<LI><a href="#[a5]">&gt;&gt;</a>&nbsp;&nbsp;&nbsp;app_override_ble_xoff
<LI><a href="#[64]">&gt;&gt;</a>&nbsp;&nbsp;&nbsp;uart_tx_callback
<LI><a href="#[7d]">&gt;&gt;</a>&nbsp;&nbsp;&nbsp;app_server_request_flow_control_handler
<LI><a href="#[121]">&gt;&gt;</a>&nbsp;&nbsp;&nbsp;app_ble_push
</UL>

<P><STRONG><a name="[14d]"></a>app_init_ble_tx</STRONG> (Thumb, 22 bytes, Stack size 8 bytes, app_spss.o(.text))
<BR><BR>[Stack]<UL><LI>Max Depth = 8<LI>Call Chain = app_init_ble_tx
</UL>
<BR>[Calls]<UL><LI><a href="#[ed]">&gt;&gt;</a>&nbsp;&nbsp;&nbsp;ke_msg_send (via Veneer)
<LI><a href="#[ea]">&gt;&gt;</a>&nbsp;&nbsp;&nbsp;ke_msg_alloc (via Veneer)
</UL>
<BR>[Called By]<UL><LI><a href="#[96]">&gt;&gt;</a>&nbsp;&nbsp;&nbsp;app_ble_pull
</UL>

<P><STRONG><a name="[81]"></a>__scatterload</STRONG> (Thumb, 28 bytes, Stack size 0 bytes, init.o(.text))
<BR><BR>[Calls]<UL><LI><a href="#[159]">&gt;&gt;</a>&nbsp;&nbsp;&nbsp;__main_after_scatterload
</UL>
<BR>[Called By]<UL><LI><a href="#[80]">&gt;&gt;</a>&nbsp;&nbsp;&nbsp;_main_scatterload
</UL>

<P><STRONG><a name="[175]"></a>__scatterload_rt2</STRONG> (Thumb, 0 bytes, Stack size 0 bytes, init.o(.text), UNUSED)

<P><STRONG><a name="[176]"></a>__scatterload_copy</STRONG> (Thumb, 14 bytes, Stack size unknown bytes, handlers.o(i.__scatterload_copy), UNUSED)

<P><STRONG><a name="[177]"></a>__scatterload_null</STRONG> (Thumb, 2 bytes, Stack size unknown bytes, handlers.o(i.__scatterload_null), UNUSED)

<P><STRONG><a name="[178]"></a>__scatterload_zeroinit</STRONG> (Thumb, 14 bytes, Stack size unknown bytes, handlers.o(i.__scatterload_zeroinit), UNUSED)
<P>
<H3>
Local Symbols
</H3>
<P><STRONG><a name="[1]"></a>NMI_Handler</STRONG> (Thumb, 24 bytes, Stack size 0 bytes, boot_vectors.o(.text))
<BR>[Address Reference Count : 1]<UL><LI> boot_vectors.o(RESET)
</UL>
<P><STRONG><a name="[2]"></a>HardFault_Handler</STRONG> (Thumb, 24 bytes, Stack size 0 bytes, boot_vectors.o(.text))
<BR>[Address Reference Count : 1]<UL><LI> boot_vectors.o(RESET)
</UL>
<P><STRONG><a name="[3]"></a>SVC_Handler</STRONG> (Thumb, 24 bytes, Stack size 0 bytes, boot_vectors.o(.text))
<BR>[Address Reference Count : 1]<UL><LI> boot_vectors.o(RESET)
</UL>
<P><STRONG><a name="[83]"></a>NVIC_SetPriority</STRONG> (Thumb, 60 bytes, Stack size 0 bytes, arch_main.o(.text))
<BR><BR>[Called By]<UL><LI><a href="#[1e]">&gt;&gt;</a>&nbsp;&nbsp;&nbsp;main_func
<LI><a href="#[82]">&gt;&gt;</a>&nbsp;&nbsp;&nbsp;patch_func
</UL>

<P><STRONG><a name="[65]"></a>cmp_abs_time</STRONG> (Thumb, 22 bytes, Stack size 0 bytes, arch_main.o(.text))
<BR>[Address Reference Count : 1]<UL><LI> arch_main.o(.constdata)
</UL>
<P><STRONG><a name="[8c]"></a>NVIC_ClearPendingIRQ</STRONG> (Thumb, 14 bytes, Stack size 0 bytes, arch_main.o(.text))
<BR><BR>[Called By]<UL><LI><a href="#[1e]">&gt;&gt;</a>&nbsp;&nbsp;&nbsp;main_func
</UL>

<P><STRONG><a name="[5d]"></a>rf_sleep</STRONG> (Thumb, 14 bytes, Stack size 0 bytes, rf_580.o(.text))
<BR>[Address Reference Count : 1]<UL><LI> rf_580.o(.text)
</UL>
<P><STRONG><a name="[5f]"></a>RADIOCNTL_Handler</STRONG> (Thumb, 2 bytes, Stack size 0 bytes, rf_580.o(.text))
<BR>[Address Reference Count : 1]<UL><LI> rf_580.o(.text)
</UL>
<P><STRONG><a name="[61]"></a>rf_rssi_convert</STRONG> (Thumb, 4 bytes, Stack size 0 bytes, rf_580.o(.text))
<BR>[Address Reference Count : 1]<UL><LI> rf_580.o(.text)
</UL>
<P><STRONG><a name="[c0]"></a>uart_sps_timeout_data_avail_isr</STRONG> (Thumb, 60 bytes, Stack size 8 bytes, uart_sps.o(.text))
<BR><BR>[Stack]<UL><LI>Max Depth = 8<LI>Call Chain = uart_sps_timeout_data_avail_isr
</UL>
<BR>[Called By]<UL><LI><a href="#[12]">&gt;&gt;</a>&nbsp;&nbsp;&nbsp;UART_Handler
</UL>

<P><STRONG><a name="[c1]"></a>uart_sps_rec_data_avail_isr</STRONG> (Thumb, 68 bytes, Stack size 8 bytes, uart_sps.o(.text))
<BR><BR>[Stack]<UL><LI>Max Depth = 8<LI>Call Chain = uart_sps_rec_data_avail_isr
</UL>
<BR>[Called By]<UL><LI><a href="#[12]">&gt;&gt;</a>&nbsp;&nbsp;&nbsp;UART_Handler
</UL>

<P><STRONG><a name="[c2]"></a>uart_sps_thr_empty_isr</STRONG> (Thumb, 78 bytes, Stack size 8 bytes, uart_sps.o(.text))
<BR><BR>[Stack]<UL><LI>Max Depth = 8<LI>Call Chain = uart_sps_thr_empty_isr
</UL>
<BR>[Called By]<UL><LI><a href="#[12]">&gt;&gt;</a>&nbsp;&nbsp;&nbsp;UART_Handler
</UL>

<P><STRONG><a name="[cd]"></a>uart2_thr_empty_isr</STRONG> (Thumb, 70 bytes, Stack size 8 bytes, uart2.o(.text))
<BR><BR>[Stack]<UL><LI>Max Depth = 8<LI>Call Chain = uart2_thr_empty_isr
</UL>
<BR>[Called By]<UL><LI><a href="#[cf]">&gt;&gt;</a>&nbsp;&nbsp;&nbsp;UART2_Handler_func
<LI><a href="#[cc]">&gt;&gt;</a>&nbsp;&nbsp;&nbsp;uart2_write_func
</UL>

<P><STRONG><a name="[d0]"></a>uart2_rec_data_avail_isr</STRONG> (Thumb, 60 bytes, Stack size 0 bytes, uart2.o(.text))
<BR><BR>[Called By]<UL><LI><a href="#[cf]">&gt;&gt;</a>&nbsp;&nbsp;&nbsp;UART2_Handler_func
</UL>

<P><STRONG><a name="[62]"></a>ke_task_schedule</STRONG> (Thumb, 146 bytes, Stack size 16 bytes, ke_task.obj(.text))
<BR><BR>[Stack]<UL><LI>Max Depth = 16<LI>Call Chain = ke_task_schedule
</UL>
<BR>[Calls]<UL><LI><a href="#[d2]">&gt;&gt;</a>&nbsp;&nbsp;&nbsp;ke_task_handler_get (via Veneer)
<LI><a href="#[d3]">&gt;&gt;</a>&nbsp;&nbsp;&nbsp;ke_msg_free (via Veneer)
<LI><a href="#[d5]">&gt;&gt;</a>&nbsp;&nbsp;&nbsp;ke_event_clear (via Veneer)
<LI><a href="#[d4]">&gt;&gt;</a>&nbsp;&nbsp;&nbsp;co_list_push_back (via Veneer)
<LI><a href="#[d1]">&gt;&gt;</a>&nbsp;&nbsp;&nbsp;co_list_pop_front (via Veneer)
</UL>
<BR>[Address Reference Count : 1]<UL><LI> ke_task.obj(.text)
</UL>
<P><STRONG><a name="[fc]"></a>gapm_adv_sanity</STRONG> (Thumb, 170 bytes, Stack size 60 bytes, gapm_util.obj(.text))
<BR><BR>[Stack]<UL><LI>Max Depth = 60<LI>Call Chain = gapm_adv_sanity
</UL>
<BR>[Calls]<UL><LI><a href="#[d9]">&gt;&gt;</a>&nbsp;&nbsp;&nbsp;__ARM_common_switch8 (via Veneer)
</UL>
<BR>[Called By]<UL><LI><a href="#[6c]">&gt;&gt;</a>&nbsp;&nbsp;&nbsp;patched_gapm_adv_op_sanity
</UL>

<P><STRONG><a name="[6d]"></a>sps_server_create_db_req_handler</STRONG> (Thumb, 564 bytes, Stack size 56 bytes, sps_server_task.o(.text))
<BR><BR>[Stack]<UL><LI>Max Depth = 56<LI>Call Chain = sps_server_create_db_req_handler
</UL>
<BR>[Calls]<UL><LI><a href="#[11b]">&gt;&gt;</a>&nbsp;&nbsp;&nbsp;attmdb_svc_set_permission (via Veneer)
<LI><a href="#[11a]">&gt;&gt;</a>&nbsp;&nbsp;&nbsp;attmdb_att_set_value (via Veneer)
<LI><a href="#[118]">&gt;&gt;</a>&nbsp;&nbsp;&nbsp;attmdb_add_service (via Veneer)
<LI><a href="#[119]">&gt;&gt;</a>&nbsp;&nbsp;&nbsp;attmdb_add_attribute (via Veneer)
<LI><a href="#[ed]">&gt;&gt;</a>&nbsp;&nbsp;&nbsp;ke_msg_send (via Veneer)
<LI><a href="#[ea]">&gt;&gt;</a>&nbsp;&nbsp;&nbsp;ke_msg_alloc (via Veneer)
<LI><a href="#[dc]">&gt;&gt;</a>&nbsp;&nbsp;&nbsp;ke_state_set (via Veneer)
</UL>
<BR>[Address Reference Count : 1]<UL><LI> sps_server_task.o(.constdata)
</UL>
<P><STRONG><a name="[6e]"></a>sps_server_enable_req_handler</STRONG> (Thumb, 74 bytes, Stack size 16 bytes, sps_server_task.o(.text))
<BR><BR>[Stack]<UL><LI>Max Depth = 16<LI>Call Chain = sps_server_enable_req_handler
</UL>
<BR>[Calls]<UL><LI><a href="#[11c]">&gt;&gt;</a>&nbsp;&nbsp;&nbsp;gapc_get_conidx (via Veneer)
<LI><a href="#[11b]">&gt;&gt;</a>&nbsp;&nbsp;&nbsp;attmdb_svc_set_permission (via Veneer)
<LI><a href="#[ed]">&gt;&gt;</a>&nbsp;&nbsp;&nbsp;ke_msg_send (via Veneer)
<LI><a href="#[ea]">&gt;&gt;</a>&nbsp;&nbsp;&nbsp;ke_msg_alloc (via Veneer)
<LI><a href="#[dc]">&gt;&gt;</a>&nbsp;&nbsp;&nbsp;ke_state_set (via Veneer)
</UL>
<BR>[Address Reference Count : 1]<UL><LI> sps_server_task.o(.constdata)
</UL>
<P><STRONG><a name="[6f]"></a>gapc_disconnect_ind_handler</STRONG> (Thumb, 24 bytes, Stack size 8 bytes, sps_server_task.o(.text))
<BR><BR>[Stack]<UL><LI>Max Depth = 8<LI>Call Chain = gapc_disconnect_ind_handler
</UL>
<BR>[Calls]<UL><LI><a href="#[11b]">&gt;&gt;</a>&nbsp;&nbsp;&nbsp;attmdb_svc_set_permission (via Veneer)
<LI><a href="#[dc]">&gt;&gt;</a>&nbsp;&nbsp;&nbsp;ke_state_set (via Veneer)
</UL>
<BR>[Address Reference Count : 1]<UL><LI> sps_server_task.o(.constdata)
</UL>
<P><STRONG><a name="[70]"></a>gattc_cmp_evt_handler</STRONG> (Thumb, 128 bytes, Stack size 24 bytes, sps_server_task.o(.text))
<BR><BR>[Stack]<UL><LI>Max Depth = 40<LI>Call Chain = gattc_cmp_evt_handler &rArr; app_check_uart_xon &rArr; app_check_buffer_almost_empty
</UL>
<BR>[Calls]<UL><LI><a href="#[11a]">&gt;&gt;</a>&nbsp;&nbsp;&nbsp;attmdb_att_set_value (via Veneer)
<LI><a href="#[11f]">&gt;&gt;</a>&nbsp;&nbsp;&nbsp;app_release_items
<LI><a href="#[11d]">&gt;&gt;</a>&nbsp;&nbsp;&nbsp;app_item_count
<LI><a href="#[11e]">&gt;&gt;</a>&nbsp;&nbsp;&nbsp;app_get_item_address
<LI><a href="#[120]">&gt;&gt;</a>&nbsp;&nbsp;&nbsp;app_check_uart_xon
<LI><a href="#[113]">&gt;&gt;</a>&nbsp;&nbsp;&nbsp;prf_server_send_event
<LI><a href="#[f8]">&gt;&gt;</a>&nbsp;&nbsp;&nbsp;__aeabi_uidivmod (via Veneer)
</UL>
<BR>[Address Reference Count : 1]<UL><LI> sps_server_task.o(.constdata)
</UL>
<P><STRONG><a name="[72]"></a>sps_server_init_ble_tx_req_handler</STRONG> (Thumb, 132 bytes, Stack size 24 bytes, sps_server_task.o(.text))
<BR><BR>[Stack]<UL><LI>Max Depth = 40<LI>Call Chain = sps_server_init_ble_tx_req_handler &rArr; app_check_uart_xon &rArr; app_check_buffer_almost_empty
</UL>
<BR>[Calls]<UL><LI><a href="#[11a]">&gt;&gt;</a>&nbsp;&nbsp;&nbsp;attmdb_att_set_value (via Veneer)
<LI><a href="#[11f]">&gt;&gt;</a>&nbsp;&nbsp;&nbsp;app_release_items
<LI><a href="#[11d]">&gt;&gt;</a>&nbsp;&nbsp;&nbsp;app_item_count
<LI><a href="#[11e]">&gt;&gt;</a>&nbsp;&nbsp;&nbsp;app_get_item_address
<LI><a href="#[120]">&gt;&gt;</a>&nbsp;&nbsp;&nbsp;app_check_uart_xon
<LI><a href="#[113]">&gt;&gt;</a>&nbsp;&nbsp;&nbsp;prf_server_send_event
<LI><a href="#[f8]">&gt;&gt;</a>&nbsp;&nbsp;&nbsp;__aeabi_uidivmod (via Veneer)
<LI><a href="#[d8]">&gt;&gt;</a>&nbsp;&nbsp;&nbsp;ke_state_get (via Veneer)
</UL>
<BR>[Address Reference Count : 1]<UL><LI> sps_server_task.o(.constdata)
</UL>
<P><STRONG><a name="[73]"></a>sps_server_send_notify_flow_control_state_req_handler</STRONG> (Thumb, 44 bytes, Stack size 8 bytes, sps_server_task.o(.text))
<BR><BR>[Stack]<UL><LI>Max Depth = 24<LI>Call Chain = sps_server_send_notify_flow_control_state_req_handler &rArr; prf_server_send_event
</UL>
<BR>[Calls]<UL><LI><a href="#[11a]">&gt;&gt;</a>&nbsp;&nbsp;&nbsp;attmdb_att_set_value (via Veneer)
<LI><a href="#[113]">&gt;&gt;</a>&nbsp;&nbsp;&nbsp;prf_server_send_event
</UL>
<BR>[Address Reference Count : 1]<UL><LI> sps_server_task.o(.constdata)
</UL>
<P><STRONG><a name="[71]"></a>gattc_write_cmd_ind_handler</STRONG> (Thumb, 168 bytes, Stack size 16 bytes, sps_server_task.o(.text))
<BR><BR>[Stack]<UL><LI>Max Depth = 72<LI>Call Chain = gattc_write_cmd_ind_handler &rArr; app_ble_push &rArr; uart_tx_callback &rArr; app_read_items
</UL>
<BR>[Calls]<UL><LI><a href="#[123]">&gt;&gt;</a>&nbsp;&nbsp;&nbsp;atts_write_rsp_send (via Veneer)
<LI><a href="#[122]">&gt;&gt;</a>&nbsp;&nbsp;&nbsp;app_update_transmit_allowed
<LI><a href="#[121]">&gt;&gt;</a>&nbsp;&nbsp;&nbsp;app_ble_push
<LI><a href="#[ed]">&gt;&gt;</a>&nbsp;&nbsp;&nbsp;ke_msg_send (via Veneer)
<LI><a href="#[ea]">&gt;&gt;</a>&nbsp;&nbsp;&nbsp;ke_msg_alloc (via Veneer)
</UL>
<BR>[Address Reference Count : 1]<UL><LI> sps_server_task.o(.constdata)
</UL>
<P><STRONG><a name="[13f]"></a>app_buffer_create</STRONG> (Thumb, 60 bytes, Stack size 24 bytes, app_sps_scheduler.o(.text))
<BR><BR>[Stack]<UL><LI>Max Depth = 24<LI>Call Chain = app_buffer_create
</UL>
<BR>[Calls]<UL><LI><a href="#[140]">&gt;&gt;</a>&nbsp;&nbsp;&nbsp;ke_malloc (via Veneer)
</UL>
<BR>[Called By]<UL><LI><a href="#[14a]">&gt;&gt;</a>&nbsp;&nbsp;&nbsp;app_buffer_init
</UL>

<P><STRONG><a name="[141]"></a>app_write_items</STRONG> (Thumb, 84 bytes, Stack size 24 bytes, app_sps_scheduler.o(.text))
<BR><BR>[Stack]<UL><LI>Max Depth = 24<LI>Call Chain = app_write_items
</UL>
<BR>[Calls]<UL><LI><a href="#[b4]">&gt;&gt;</a>&nbsp;&nbsp;&nbsp;__aeabi_memcpy (via Veneer)
<LI><a href="#[11d]">&gt;&gt;</a>&nbsp;&nbsp;&nbsp;app_item_count
</UL>
<BR>[Called By]<UL><LI><a href="#[97]">&gt;&gt;</a>&nbsp;&nbsp;&nbsp;app_write_ble_buff
<LI><a href="#[142]">&gt;&gt;</a>&nbsp;&nbsp;&nbsp;app_uart_push
<LI><a href="#[121]">&gt;&gt;</a>&nbsp;&nbsp;&nbsp;app_ble_push
</UL>

<P><STRONG><a name="[142]"></a>app_uart_push</STRONG> (Thumb, 64 bytes, Stack size 16 bytes, app_sps_scheduler.o(.text))
<BR><BR>[Stack]<UL><LI>Max Depth = 40<LI>Call Chain = app_uart_push &rArr; app_write_items
</UL>
<BR>[Calls]<UL><LI><a href="#[143]">&gt;&gt;</a>&nbsp;&nbsp;&nbsp;app_check_buffer_almost_full
<LI><a href="#[141]">&gt;&gt;</a>&nbsp;&nbsp;&nbsp;app_write_items
<LI><a href="#[122]">&gt;&gt;</a>&nbsp;&nbsp;&nbsp;app_update_transmit_allowed
<LI><a href="#[144]">&gt;&gt;</a>&nbsp;&nbsp;&nbsp;uart_sps_force_flow_off
</UL>
<BR>[Called By]<UL><LI><a href="#[63]">&gt;&gt;</a>&nbsp;&nbsp;&nbsp;uart_rx_callback
</UL>

<P><STRONG><a name="[63]"></a>uart_rx_callback</STRONG> (Thumb, 48 bytes, Stack size 8 bytes, app_sps_scheduler.o(.text))
<BR><BR>[Stack]<UL><LI>Max Depth = 48<LI>Call Chain = uart_rx_callback &rArr; app_uart_push &rArr; app_write_items
</UL>
<BR>[Calls]<UL><LI><a href="#[142]">&gt;&gt;</a>&nbsp;&nbsp;&nbsp;app_uart_push
<LI><a href="#[145]">&gt;&gt;</a>&nbsp;&nbsp;&nbsp;uart_sps_read
</UL>
<BR>[Address Reference Count : 1]<UL><LI> app_sps_scheduler.o(.text)
</UL>
<P><STRONG><a name="[64]"></a>uart_tx_callback</STRONG> (Thumb, 110 bytes, Stack size 24 bytes, app_sps_scheduler.o(.text))
<BR><BR>[Stack]<UL><LI>Max Depth = 48<LI>Call Chain = uart_tx_callback &rArr; app_read_items
</UL>
<BR>[Calls]<UL><LI><a href="#[148]">&gt;&gt;</a>&nbsp;&nbsp;&nbsp;app_send_ble_flowctrl
<LI><a href="#[147]">&gt;&gt;</a>&nbsp;&nbsp;&nbsp;app_check_buffer_almost_empty
<LI><a href="#[146]">&gt;&gt;</a>&nbsp;&nbsp;&nbsp;app_read_items
<LI><a href="#[149]">&gt;&gt;</a>&nbsp;&nbsp;&nbsp;uart_sps_write
</UL>
<BR>[Called By]<UL><LI><a href="#[121]">&gt;&gt;</a>&nbsp;&nbsp;&nbsp;app_ble_push
</UL>
<BR>[Address Reference Count : 1]<UL><LI> app_sps_scheduler.o(.text)
</UL>
<P><STRONG><a name="[14b]"></a>app_buffer_initialized</STRONG> (Thumb, 18 bytes, Stack size 0 bytes, app_sps_scheduler.o(.text))
<BR><BR>[Called By]<UL><LI><a href="#[14a]">&gt;&gt;</a>&nbsp;&nbsp;&nbsp;app_buffer_init
</UL>

<P><STRONG><a name="[146]"></a>app_read_items</STRONG> (Thumb, 94 bytes, Stack size 24 bytes, app_sps_scheduler.o(.text))
<BR><BR>[Stack]<UL><LI>Max Depth = 24<LI>Call Chain = app_read_items
</UL>
<BR>[Calls]<UL><LI><a href="#[b4]">&gt;&gt;</a>&nbsp;&nbsp;&nbsp;__aeabi_memcpy (via Veneer)
<LI><a href="#[11d]">&gt;&gt;</a>&nbsp;&nbsp;&nbsp;app_item_count
</UL>
<BR>[Called By]<UL><LI><a href="#[64]">&gt;&gt;</a>&nbsp;&nbsp;&nbsp;uart_tx_callback
</UL>

<P><STRONG><a name="[143]"></a>app_check_buffer_almost_full</STRONG> (Thumb, 32 bytes, Stack size 8 bytes, app_sps_scheduler.o(.text))
<BR><BR>[Stack]<UL><LI>Max Depth = 8<LI>Call Chain = app_check_buffer_almost_full
</UL>
<BR>[Calls]<UL><LI><a href="#[11d]">&gt;&gt;</a>&nbsp;&nbsp;&nbsp;app_item_count
</UL>
<BR>[Called By]<UL><LI><a href="#[142]">&gt;&gt;</a>&nbsp;&nbsp;&nbsp;app_uart_push
<LI><a href="#[121]">&gt;&gt;</a>&nbsp;&nbsp;&nbsp;app_ble_push
</UL>

<P><STRONG><a name="[147]"></a>app_check_buffer_almost_empty</STRONG> (Thumb, 34 bytes, Stack size 8 bytes, app_sps_scheduler.o(.text))
<BR><BR>[Stack]<UL><LI>Max Depth = 8<LI>Call Chain = app_check_buffer_almost_empty
</UL>
<BR>[Calls]<UL><LI><a href="#[11d]">&gt;&gt;</a>&nbsp;&nbsp;&nbsp;app_item_count
</UL>
<BR>[Called By]<UL><LI><a href="#[a7]">&gt;&gt;</a>&nbsp;&nbsp;&nbsp;app_override_ble_xon
<LI><a href="#[64]">&gt;&gt;</a>&nbsp;&nbsp;&nbsp;uart_tx_callback
<LI><a href="#[120]">&gt;&gt;</a>&nbsp;&nbsp;&nbsp;app_check_uart_xon
</UL>
<P>
<H3>
Undefined Global Symbols
</H3><HR></body></html>
