<html>
<body>
<pre>
<h1>µVision Build Log</h1>
<h2>Tool Versions:</h2>
IDE-Version: µVision V5.13.0.0
Copyright (C) 2014 ARM Ltd and ARM Germany GmbH. All rights reserved.
License Information: Francesco Vanduynslager, University of Glasgow, LIC=----
 
Tool Versions:
Toolchain:       MDK-Lite  Version: 5.13.0.0
Toolchain Path:  C:\Keil_v5\ARM\ARMCC\Bin
C Compiler:      Armcc.exe V5.05 update 1 (build 106)
Assembler:       Armasm.exe V5.05 update 1 (build 106)
Linker/Locator:  ArmLink.exe V5.05 update 1 (build 106)
Library Manager: ArmAr.exe V5.05 update 1 (build 106)
Hex Converter:   FromElf.exe V5.05 update 1 (build 106)
CPU DLL:         SARMCM3.DLL V5.13.0.0
Dialog DLL:      DARMCM1.DLL V1.12.0.0
Target DLL:      Segger\JL2CM3.dll V2.99.11.0
Dialog DLL:      TARMCM1.DLL V1.9.0.0
 
<h2>Project:</h2>
C:\Users\Francesco\Documents\Work\DA1458x_SDK_3.0.6\dk_apps\keil_projects\DA14580_DSPS_3.150.2\dk_apps\keil_projects\sps\sps_host\sps_host.uvproj
Project File Date:  02/06/2015

<h2>Output:</h2>
Rebuild target 'sps_host'
compiling system_ARMCM0.c...
assembling boot_vectors.s...
compiling hardfault_handler.c...
compiling arch_main.c...
..\..\..\src\plf\refip\src\arch\main\ble\arch_main.c(117): warning:  #1215-D: #warning directive: "==============================================================> DEVELOPMENT_DEBUG is set!"
      #warning "==============================================================> DEVELOPMENT_DEBUG is set!"
..\..\..\src\plf\refip\src\arch\main\ble\arch_main.c: 1 warning, 0 errors
compiling jump_table.c...
compiling arch_sleep.c...
compiling nmi_handler.c...
compiling periph_setup.c...
compiling arch_system.c...
compiling rf_580.c...
compiling gpio.c...
..\..\..\src\plf\refip\src\driver\gpio\gpio.c(59): warning:  #1215-D: #warning directive: "GPIO assignment checking is active! Deactivate before burning OTP..."
          #warning "GPIO assignment checking is active! Deactivate before burning OTP..."
..\..\..\src\plf\refip\src\driver\gpio\gpio.c: 1 warning, 0 errors
compiling uart_sps.c...
compiling gapm.c...
compiling nvds.c...
compiling rwip.c...
compiling rwble.c...
compiling sps_client.c...
compiling sps_client_task.c...
compiling prf_utils_128.c...
compiling prf_utils.c...
compiling app.c...
..\..\..\src\modules\app\src\app.c(359): warning:  #1441-D: nonstandard cast on lvalue
      jump_table_struct[lld_rx_irq_thres] = (uint32_t) rx_threshold;
..\..\..\src\modules\app\src\app.c: 1 warning, 0 errors
compiling app_task.c...
compiling app_sps_host_project.c...
compiling app_spsc_task.c...
compiling app_sps_scheduler.c...
compiling app_spsc.c...
linking...
Program Size: Code=14792 RO-data=1176 RW-data=16 ZI-data=9796  
FromELF: creating hex file...
".\out\sps_host.axf" - 0 Error(s), 3 Warning(s).
</pre>
</body>
</html>
