Component: ARM Compiler 5.05 update 1 (build 106) Tool: armlink [4d0efa]

==============================================================================

Section Cross References

    boot_vectors.o(RESET) refers to boot_vectors.o(STACK) for __initial_sp
    boot_vectors.o(RESET) refers to boot_vectors.o(.text) for Reset_Handler
    boot_vectors.o(RESET) refers to rwble.o(.text) for BLE_WAKEUP_LP_Handler
    boot_vectors.o(RESET) refers to uart_sps.o(.text) for UART_Handler
    boot_vectors.o(RESET) refers to gpio.o(.text) for GPIO0_Handler
    boot_vectors.o(.text) refers to system_armcm0.o(.text) for SystemInit
    boot_vectors.o(.text) refers to entry.o(.ARM.Collect$$$$00000000) for __main
    boot_vectors.o(.text) refers to nmi_handler.o(.text) for NMI_HandlerC
    boot_vectors.o(.text) refers to hardfault_handler.o(.text) for HardFault_HandlerC
    boot_vectors.o(.text) refers to arch_main.o(.text) for SVC_Handler_c
    arch_main.o(.text) refers to arch_system.o(.text) for set_sleep_delay
    arch_main.o(.text) refers to gpio.o(.text) for GPIO_init
    arch_main.o(.text) refers to periph_setup.o(.text) for periph_init
    arch_main.o(.text) refers to nvds.o(.text) for nvds_read_bdaddr_from_otp
    arch_main.o(.text) refers to rf_580.o(.text) for iq_trim_from_otp
    arch_main.o(.text) refers to arch_sleep.o(.text) for app_set_extended_sleep
    arch_main.o(.text) refers to app.o(.text) for app_init
    arch_main.o(.text) refers to app_sps_scheduler.o(.text) for app_ble_pull
    arch_main.o(.text) refers to rwip.o(.text) for rwip_sleep
    arch_main.o(.text) refers to arch_main.o(.constdata) for .constdata
    arch_main.o(.text) refers to arch_main.o(retention_mem_area0) for retention_mem_area0
    arch_main.o(.text) refers to arch_main.o(BLE_exchange_memory) for BLE_exchange_memory
    arch_main.o(.text) refers to app.o(retention_mem_area0) for app_sleep_flow_off
    arch_main.o(.text) refers to jump_table.o(jump_table_mem_area) for jump_table_base
    arch_main.o(.constdata) refers to arch_main.o(.text) for cmp_abs_time
    arch_main.o(.constdata) refers to atts_task.obj(.text) for l2cc_pdu_recv_ind_handler
    arch_main.o(.constdata) refers to smpc.obj(.text) for smpc_send_pairing_req_ind
    arch_main.o(.constdata) refers to smpc_task.obj(.text) for smpc_pairing_cfm_handler
    arch_main.o(.constdata) refers to ch_map.obj(.text) for my_llc_con_update_req_ind
    arch_main.o(.constdata) refers to gapm_util.obj(.text) for patched_gapm_adv_op_sanity
    jump_table.o(jump_table_mem_area) refers to arch_main.o(.text) for main_func
    jump_table.o(jump_table_mem_area) refers to rf_580.o(.text) for rf_init_func
    jump_table.o(jump_table_mem_area) refers to prf_utils.o(.text) for prf_init_func
    jump_table.o(jump_table_mem_area) refers to arch_system.o(.text) for uart_flow_off_func
    jump_table.o(jump_table_mem_area) refers to rwble.o(.text) for lld_sleep_compensate_func_patched
    jump_table.o(jump_table_mem_area) refers to jump_table.o(heap_mem_area_not_ret) for rwip_heap_non_ret
    jump_table.o(jump_table_mem_area) refers to jump_table.o(heap_env_area) for rwip_heap_env_ret
    jump_table.o(jump_table_mem_area) refers to jump_table.o(heap_db_area) for rwip_heap_db_ret
    jump_table.o(jump_table_mem_area) refers to jump_table.o(heap_msg_area) for rwip_heap_msg_ret
    jump_table.o(jump_table_mem_area) refers to ke_task.obj(.text) for ke_task_init_func
    jump_table.o(jump_table_mem_area) refers to nvds.o(.text) for custom_nvds_get_func
    jump_table.o(jump_table_mem_area) refers to arch_main.o(.constdata) for LUT_CFG
    arch_sleep.o(.text) refers to arch_sleep.o(retention_mem_area0) for retention_mem_area0
    arch_sleep.o(.text) refers to rwble.o(retention_mem_area0) for rwble_last_event
    periph_setup.o(.text) refers to gpio.o(.text) for GPIO_ConfigurePin
    periph_setup.o(.text) refers to app_sps_scheduler.o(.text) for app_override_ble_xoff
    periph_setup.o(.text) refers to arch_main.o(.text) for patch_func
    periph_setup.o(.text) refers to uart_sps.o(.text) for uart_sps_init
    periph_setup.o(.text) refers to gpio.o(.bss) for GPIO
    arch_system.o(.text) refers to arch_system.o(retention_mem_area0) for retention_mem_area0
    arch_system.o(.text) refers to arch_main.o(retention_mem_area0) for sys_startup_flag
    arch_system.o(.text) refers to arch_system.o(.data) for .data
    rf_580.o(.text) refers to jump_table.o(jump_table_mem_area) for jump_table_base
    gpio.o(.text) refers to periph_setup.o(.text) for GPIO_reservations
    gpio.o(.text) refers to gpio.o(.bss) for .bss
    gpio.o(.text) refers to gpio.o(.constdata) for .constdata
    uart_sps.o(.text) refers to uart_sps.o(retention_mem_area0) for retention_mem_area0
    uart_sps.o(.text) refers to uart_sps.o(.bss) for .bss
    smpc_task.obj(.text) refers to smpc.obj(.text) for smpc_send_pairing_req_ind
    nvds.o(.text) refers to nvds.o(retention_mem_area0) for retention_mem_area0
[...]
    atts_write_no_resp                       0x0002ad17   Thumb Code     0  rom_symdef.txt ABSOLUTE
    atts_write_resp                          0x0002ad77   Thumb Code     0  rom_symdef.txt ABSOLUTE
    atts_signed_write_resp                   0x0002adf1   Thumb Code     0  rom_symdef.txt ABSOLUTE
    atts_prepare_write_resp                  0x0002ae85   Thumb Code     0  rom_symdef.txt ABSOLUTE
    atts_execute_write_resp                  0x0002af11   Thumb Code     0  rom_symdef.txt ABSOLUTE
    atts_send_cmd_cmp                        0x0002afd5   Thumb Code     0  rom_symdef.txt ABSOLUTE
    atts_write_rsp_send                      0x0002aff3   Thumb Code     0  rom_symdef.txt ABSOLUTE
    gattc_cleanup                            0x0002b0a3   Thumb Code     0  rom_symdef.txt ABSOLUTE
    gattc_init                               0x0002b0cd   Thumb Code     0  rom_symdef.txt ABSOLUTE
    gattc_create                             0x0002b109   Thumb Code     0  rom_symdef.txt ABSOLUTE
    gattc_send_att_req                       0x0002b13b   Thumb Code     0  rom_symdef.txt ABSOLUTE
    gattc_allocate_att_req                   0x0002b145   Thumb Code     0  rom_symdef.txt ABSOLUTE
    gattc_send_execute                       0x0002b165   Thumb Code     0  rom_symdef.txt ABSOLUTE
    gattc_get_event_dest                     0x0002b179   Thumb Code     0  rom_symdef.txt ABSOLUTE
    gattc_init_operation                     0x0002b1b7   Thumb Code     0  rom_symdef.txt ABSOLUTE
    gattc_get_operation                      0x0002b1d1   Thumb Code     0  rom_symdef.txt ABSOLUTE
    gattc_send_complete_evt                  0x0002b1e5   Thumb Code     0  rom_symdef.txt ABSOLUTE
    gattc_get_mtu                            0x0002b2d3   Thumb Code     0  rom_symdef.txt ABSOLUTE
    gattc_set_mtu                            0x0002b2dd   Thumb Code     0  rom_symdef.txt ABSOLUTE
    gattm_svc_get_start_hdl                  0x0002c2e9   Thumb Code     0  rom_symdef.txt ABSOLUTE
    gattm_init                               0x0002c2ef   Thumb Code     0  rom_symdef.txt ABSOLUTE
    gattm_create                             0x0002c317   Thumb Code     0  rom_symdef.txt ABSOLUTE
    gattm_cleanup                            0x0002c31f   Thumb Code     0  rom_symdef.txt ABSOLUTE
    gattm_get_max_mtu                        0x0002c327   Thumb Code     0  rom_symdef.txt ABSOLUTE
    gattm_set_max_mtu                        0x0002c32d   Thumb Code     0  rom_symdef.txt ABSOLUTE
    l2cc_cleanup                             0x0002c479   Thumb Code     0  rom_symdef.txt ABSOLUTE
    l2cc_init                                0x0002c4a9   Thumb Code     0  rom_symdef.txt ABSOLUTE
    l2cc_create                              0x0002c4e5   Thumb Code     0  rom_symdef.txt ABSOLUTE
    l2cc_update_state                        0x0002c515   Thumb Code     0  rom_symdef.txt ABSOLUTE
    l2cm_init                                0x0002c759   Thumb Code     0  rom_symdef.txt ABSOLUTE
    l2cm_create                              0x0002c781   Thumb Code     0  rom_symdef.txt ABSOLUTE
    l2cm_cleanup                             0x0002c789   Thumb Code     0  rom_symdef.txt ABSOLUTE
    l2cm_set_link_layer_buff_size            0x0002c7a9   Thumb Code     0  rom_symdef.txt ABSOLUTE
    smpc_regs_push                           0x0002c7b9   Thumb Code     0  rom_symdef.txt ABSOLUTE
    smpc_regs_pop                            0x0002c7bb   Thumb Code     0  rom_symdef.txt ABSOLUTE
    smpc_clear_timeout_timer                 0x0002c7bd   Thumb Code     0  rom_symdef.txt ABSOLUTE
    smpc_cleanup                             0x0002c7e1   Thumb Code     0  rom_symdef.txt ABSOLUTE
    smpc_init                                0x0002c841   Thumb Code     0  rom_symdef.txt ABSOLUTE
    smpc_create                              0x0002c87d   Thumb Code     0  rom_symdef.txt ABSOLUTE
    smpc_init_operation                      0x0002c8ab   Thumb Code     0  rom_symdef.txt ABSOLUTE
    smpc_send_cmp_evt                        0x0002c8c1   Thumb Code     0  rom_symdef.txt ABSOLUTE
    smpc_send_use_enc_block_cmd              0x0002c935   Thumb Code     0  rom_symdef.txt ABSOLUTE
    smpc_send_start_enc_cmd                  0x0002c96d   Thumb Code     0  rom_symdef.txt ABSOLUTE
    smpc_send_ltk_req_rsp                    0x0002c9cb   Thumb Code     0  rom_symdef.txt ABSOLUTE
    smpc_send_pairing_ind                    0x0002cadb   Thumb Code     0  rom_symdef.txt ABSOLUTE
    smpc_launch_rep_att_timer                0x0002cb6f   Thumb Code     0  rom_symdef.txt ABSOLUTE
    smpc_check_repeated_attempts             0x0002cbbd   Thumb Code     0  rom_symdef.txt ABSOLUTE
    smpc_check_max_key_size                  0x0002cc01   Thumb Code     0  rom_symdef.txt ABSOLUTE
    smpc_check_key_distrib                   0x0002cc29   Thumb Code     0  rom_symdef.txt ABSOLUTE
    smpc_xor                                 0x0002cc7d   Thumb Code     0  rom_symdef.txt ABSOLUTE
    smpc_generate_l                          0x0002cc93   Thumb Code     0  rom_symdef.txt ABSOLUTE
    smpc_generate_ci                         0x0002ccdf   Thumb Code     0  rom_symdef.txt ABSOLUTE
    smpc_generate_rand                       0x0002cd4b   Thumb Code     0  rom_symdef.txt ABSOLUTE
    smpc_generate_e1                         0x0002cd6f   Thumb Code     0  rom_symdef.txt ABSOLUTE
    smpc_generate_cfm                        0x0002ce25   Thumb Code     0  rom_symdef.txt ABSOLUTE
    smpc_generate_stk                        0x0002cead   Thumb Code     0  rom_symdef.txt ABSOLUTE
    smpc_calc_subkeys                        0x0002cf01   Thumb Code     0  rom_symdef.txt ABSOLUTE
    smpc_pairing_end                         0x0002cf77   Thumb Code     0  rom_symdef.txt ABSOLUTE
    smpc_tkdp_rcp_continue                   0x0002d00b   Thumb Code     0  rom_symdef.txt ABSOLUTE
    smpc_tkdp_rcp_start                      0x0002d069   Thumb Code     0  rom_symdef.txt ABSOLUTE
    smpc_pdu_send                            0x0002d0ab   Thumb Code     0  rom_symdef.txt ABSOLUTE
    smpc_tkdp_send_start                     0x0002d11b   Thumb Code     0  rom_symdef.txt ABSOLUTE
    smpc_tkdp_send_continue                  0x0002d199   Thumb Code     0  rom_symdef.txt ABSOLUTE
    smpc_get_key_sec_prop                    0x0002d215   Thumb Code     0  rom_symdef.txt ABSOLUTE
    smpc_is_sec_mode_reached                 0x0002d28d   Thumb Code     0  rom_symdef.txt ABSOLUTE
    smpc_handle_enc_change_evt               0x0002d2b7   Thumb Code     0  rom_symdef.txt ABSOLUTE
    smpc_pdu_recv                            0x0002d35d   Thumb Code     0  rom_symdef.txt ABSOLUTE
    smpm_init                                0x0002de21   Thumb Code     0  rom_symdef.txt ABSOLUTE
    smpm_create                              0x0002de5b   Thumb Code     0  rom_symdef.txt ABSOLUTE
    smpm_cleanup                             0x0002de63   Thumb Code     0  rom_symdef.txt ABSOLUTE
    smpm_send_cmp_evt                        0x0002de6b   Thumb Code     0  rom_symdef.txt ABSOLUTE
    smpm_send_encrypt_req                    0x0002dea3   Thumb Code     0  rom_symdef.txt ABSOLUTE
    smpm_send_gen_rand_nb_req                0x0002ded1   Thumb Code     0  rom_symdef.txt ABSOLUTE
    smpm_check_addr_type                     0x0002dedf   Thumb Code     0  rom_symdef.txt ABSOLUTE
    gapc_init                                0x0002e269   Thumb Code     0  rom_symdef.txt ABSOLUTE
    gapc_con_create                          0x0002e2a5   Thumb Code     0  rom_symdef.txt ABSOLUTE
    gapc_con_cleanup                         0x0002e385   Thumb Code     0  rom_symdef.txt ABSOLUTE
    gapc_send_disconect_ind                  0x0002e395   Thumb Code     0  rom_symdef.txt ABSOLUTE
    gapc_get_conidx                          0x0002e3b7   Thumb Code     0  rom_symdef.txt ABSOLUTE
    gapc_get_conhdl                          0x0002e3e3   Thumb Code     0  rom_symdef.txt ABSOLUTE
    gapc_get_role                            0x0002e3f9   Thumb Code     0  rom_symdef.txt ABSOLUTE
    gapc_get_bdaddr                          0x0002e415   Thumb Code     0  rom_symdef.txt ABSOLUTE
    gapc_get_csrk                            0x0002e435   Thumb Code     0  rom_symdef.txt ABSOLUTE
    gapc_get_sign_counter                    0x0002e453   Thumb Code     0  rom_symdef.txt ABSOLUTE
    gapc_send_complete_evt                   0x0002e471   Thumb Code     0  rom_symdef.txt ABSOLUTE
    gapc_send_error_evt                      0x0002e4bd   Thumb Code     0  rom_symdef.txt ABSOLUTE
    gapc_is_sec_set                          0x0002e4df   Thumb Code     0  rom_symdef.txt ABSOLUTE
    gapc_get_enc_keysize                     0x0002e549   Thumb Code     0  rom_symdef.txt ABSOLUTE
    gapc_set_enc_keysize                     0x0002e561   Thumb Code     0  rom_symdef.txt ABSOLUTE
    gapc_link_encrypted                      0x0002e575   Thumb Code     0  rom_symdef.txt ABSOLUTE
    gapc_auth_set                            0x0002e58f   Thumb Code     0  rom_symdef.txt ABSOLUTE
    gapc_param_updata_sanity                 0x0002e67b   Thumb Code     0  rom_symdef.txt ABSOLUTE
    gapm_init                                0x0002f4f3   Thumb Code     0  rom_symdef.txt ABSOLUTE
    gapm_host_init                           0x0002f547   Thumb Code     0  rom_symdef.txt ABSOLUTE
    gapm_get_operation                       0x0002f56d   Thumb Code     0  rom_symdef.txt ABSOLUTE
    gapm_send_complete_evt                   0x0002f57f   Thumb Code     0  rom_symdef.txt ABSOLUTE
    gapm_send_error_evt                      0x0002f5b5   Thumb Code     0  rom_symdef.txt ABSOLUTE
    gapm_con_create                          0x0002f5d3   Thumb Code     0  rom_symdef.txt ABSOLUTE
    gapm_con_enable                          0x0002f631   Thumb Code     0  rom_symdef.txt ABSOLUTE
    gapm_con_cleanup                         0x0002f63d   Thumb Code     0  rom_symdef.txt ABSOLUTE
    gapm_get_privacy_flag                    0x00030c7f   Thumb Code     0  rom_symdef.txt ABSOLUTE
    gapm_set_recon_addr                      0x00030cab   Thumb Code     0  rom_symdef.txt ABSOLUTE
    gapm_adv_op_sanity                       0x00030cef   Thumb Code     0  rom_symdef.txt ABSOLUTE
    gapm_set_adv_mode                        0x00030e75   Thumb Code     0  rom_symdef.txt ABSOLUTE
    gapm_execute_adv_op                      0x00030e8d   Thumb Code     0  rom_symdef.txt ABSOLUTE
    gapm_scan_op_sanity                      0x00030fdd   Thumb Code     0  rom_symdef.txt ABSOLUTE
    gapm_set_scan_mode                       0x000310b5   Thumb Code     0  rom_symdef.txt ABSOLUTE
    gapm_execute_scan_op                     0x000310d1   Thumb Code     0  rom_symdef.txt ABSOLUTE
    gapm_connect_op_sanity                   0x00031175   Thumb Code     0  rom_symdef.txt ABSOLUTE
    gapm_execute_connect_op                  0x000312b9   Thumb Code     0  rom_symdef.txt ABSOLUTE
    gapm_get_role                            0x0003142d   Thumb Code     0  rom_symdef.txt ABSOLUTE
    gapm_get_recon_addr                      0x00031433   Thumb Code     0  rom_symdef.txt ABSOLUTE
    gapm_set_privacy_flag                    0x00031473   Thumb Code     0  rom_symdef.txt ABSOLUTE
    gapm_get_ad_type_flag                    0x0003149f   Thumb Code     0  rom_symdef.txt ABSOLUTE
    gapm_add_to_filter                       0x000314c5   Thumb Code     0  rom_symdef.txt ABSOLUTE
    gapm_is_filtered                         0x00031529   Thumb Code     0  rom_symdef.txt ABSOLUTE
    gapm_update_air_op_state                 0x0003157f   Thumb Code     0  rom_symdef.txt ABSOLUTE
    gapm_get_irk                             0x00031635   Thumb Code     0  rom_symdef.txt ABSOLUTE
    gapm_get_bdaddr                          0x0003163b   Thumb Code     0  rom_symdef.txt ABSOLUTE
    l2cc_pdu_pack                            0x0003164d   Thumb Code     0  rom_symdef.txt ABSOLUTE
    l2cc_pdu_unpack                          0x000318f3   Thumb Code     0  rom_symdef.txt ABSOLUTE
    l2cc_detect_dest                         0x00031b2d   Thumb Code     0  rom_symdef.txt ABSOLUTE
    smpc_check_param                         0x00031b95   Thumb Code     0  rom_symdef.txt ABSOLUTE
    ke_init                                  0x0003200d   Thumb Code     0  rom_symdef.txt ABSOLUTE
    ke_flush                                 0x00032039   Thumb Code     0  rom_symdef.txt ABSOLUTE
    ke_sleep_check                           0x00032079   Thumb Code     0  rom_symdef.txt ABSOLUTE
    ke_event_init                            0x00032091   Thumb Code     0  rom_symdef.txt ABSOLUTE
    ke_event_callback_set                    0x0003209d   Thumb Code     0  rom_symdef.txt ABSOLUTE
    ke_event_set                             0x000320b1   Thumb Code     0  rom_symdef.txt ABSOLUTE
    ke_event_clear                           0x000320dd   Thumb Code     0  rom_symdef.txt ABSOLUTE
    ke_event_get                             0x00032109   Thumb Code     0  rom_symdef.txt ABSOLUTE
    ke_event_get_all                         0x0003212f   Thumb Code     0  rom_symdef.txt ABSOLUTE
    ke_event_flush                           0x00032135   Thumb Code     0  rom_symdef.txt ABSOLUTE
    ke_event_schedule                        0x0003213d   Thumb Code     0  rom_symdef.txt ABSOLUTE
    ke_mem_init                              0x0003218d   Thumb Code     0  rom_symdef.txt ABSOLUTE
    ke_mem_is_empty                          0x000321d7   Thumb Code     0  rom_symdef.txt ABSOLUTE
    ke_malloc                                0x00032215   Thumb Code     0  rom_symdef.txt ABSOLUTE
    ke_free                                  0x000322d7   Thumb Code     0  rom_symdef.txt ABSOLUTE
    ke_msg_alloc                             0x000323b1   Thumb Code     0  rom_symdef.txt ABSOLUTE
    ke_msg_send                              0x000323e1   Thumb Code     0  rom_symdef.txt ABSOLUTE
    ke_msg_send_basic                        0x0003240d   Thumb Code     0  rom_symdef.txt ABSOLUTE
    ke_msg_forward                           0x0003241b   Thumb Code     0  rom_symdef.txt ABSOLUTE
    ke_msg_forward_new_id                    0x00032425   Thumb Code     0  rom_symdef.txt ABSOLUTE
    ke_msg_free                              0x00032435   Thumb Code     0  rom_symdef.txt ABSOLUTE
    ke_queue_extract                         0x00032441   Thumb Code     0  rom_symdef.txt ABSOLUTE
    ke_queue_insert                          0x0003247f   Thumb Code     0  rom_symdef.txt ABSOLUTE
    ke_task_init                             0x0003256d   Thumb Code     0  rom_symdef.txt ABSOLUTE
    ke_task_create                           0x00032587   Thumb Code     0  rom_symdef.txt ABSOLUTE
    ke_task_delete                           0x000325e1   Thumb Code     0  rom_symdef.txt ABSOLUTE
    ke_state_set                             0x00032631   Thumb Code     0  rom_symdef.txt ABSOLUTE
    ke_state_get                             0x000326b3   Thumb Code     0  rom_symdef.txt ABSOLUTE
    ke_msg_discard                           0x000326e3   Thumb Code     0  rom_symdef.txt ABSOLUTE
    ke_msg_save                              0x000326e7   Thumb Code     0  rom_symdef.txt ABSOLUTE
    ke_task_handler_get                      0x000326eb   Thumb Code     0  rom_symdef.txt ABSOLUTE
    ke_timer_init                            0x00032813   Thumb Code     0  rom_symdef.txt ABSOLUTE
    ke_timer_init_func                       0x00032819   Thumb Code     0  rom_symdef.txt ABSOLUTE
    ke_timer_set                             0x00032825   Thumb Code     0  rom_symdef.txt ABSOLUTE
    ke_timer_clear                           0x000328a5   Thumb Code     0  rom_symdef.txt ABSOLUTE
    ke_timer_active                          0x000328fb   Thumb Code     0  rom_symdef.txt ABSOLUTE
    ke_timer_sleep_check                     0x00032921   Thumb Code     0  rom_symdef.txt ABSOLUTE
    ke_time                                  0x0003297d   Thumb Code     0  rom_symdef.txt ABSOLUTE
    nvds_get                                 0x000329d1   Thumb Code     0  rom_symdef.txt ABSOLUTE
    nvds_get_func                            0x000329d7   Thumb Code     0  rom_symdef.txt ABSOLUTE
    nvds_init                                0x00032bcf   Thumb Code     0  rom_symdef.txt ABSOLUTE
    rwble_hl_init                            0x00032be5   Thumb Code     0  rom_symdef.txt ABSOLUTE
    rwble_hl_send_message                    0x00032c0b   Thumb Code     0  rom_symdef.txt ABSOLUTE
    ble_regs_push                            0x00032c0d   Thumb Code     0  rom_symdef.txt ABSOLUTE
    ble_regs_pop                             0x00032c65   Thumb Code     0  rom_symdef.txt ABSOLUTE
    rf_init                                  0x00032cbd   Thumb Code     0  rom_symdef.txt ABSOLUTE
    rf_reinit                                0x00032cc3   Thumb Code     0  rom_symdef.txt ABSOLUTE
    rwip_init                                0x00032ccb   Thumb Code     0  rom_symdef.txt ABSOLUTE
    rwip_reset                               0x00032d8d   Thumb Code     0  rom_symdef.txt ABSOLUTE
    rwip_version                             0x00032db9   Thumb Code     0  rom_symdef.txt ABSOLUTE
    rwip_prevent_sleep_get                   0x00032dc1   Thumb Code     0  rom_symdef.txt ABSOLUTE
    rwip_schedule                            0x00032dc9   Thumb Code     0  rom_symdef.txt ABSOLUTE
    rwip_prevent_sleep_set                   0x00032eb7   Thumb Code     0  rom_symdef.txt ABSOLUTE
    rwip_wakeup                              0x00032edb   Thumb Code     0  rom_symdef.txt ABSOLUTE
    rwip_prevent_sleep_clear                 0x00032eed   Thumb Code     0  rom_symdef.txt ABSOLUTE
    rwip_wakeup_end                          0x00032f11   Thumb Code     0  rom_symdef.txt ABSOLUTE
    rwip_wakeup_delay_set                    0x00032f2f   Thumb Code     0  rom_symdef.txt ABSOLUTE
    rwip_sleep_enable                        0x00032f3f   Thumb Code     0  rom_symdef.txt ABSOLUTE
    rwip_ext_wakeup_enable                   0x00032f47   Thumb Code     0  rom_symdef.txt ABSOLUTE
    rwble_init                               0x00032f71   Thumb Code     0  rom_symdef.txt ABSOLUTE
    rwble_reset                              0x00032fd5   Thumb Code     0  rom_symdef.txt ABSOLUTE
    rwble_version                            0x00033003   Thumb Code     0  rom_symdef.txt ABSOLUTE
    rwble_get_clock                          0x0003302d   Thumb Code     0  rom_symdef.txt ABSOLUTE
    BLE_FINETGTIM_Handler                    0x00033105   Thumb Code     0  rom_symdef.txt ABSOLUTE
    BLE_GROSSTGTIM_Handler                   0x0003310d   Thumb Code     0  rom_symdef.txt ABSOLUTE
    $Super$$BLE_CSCNT_Handler                0x00033115   Thumb Code     0  rom_symdef.txt ABSOLUTE
    BLE_ERROR_Handler                        0x0003318d   Thumb Code     0  rom_symdef.txt ABSOLUTE
    BLE_CRYPT_Handler                        0x000331ad   Thumb Code     0  rom_symdef.txt ABSOLUTE
    func_check_mem                           0x000331eb   Thumb Code     0  rom_symdef.txt ABSOLUTE
    test_rxdone                              0x0003323d   Thumb Code     0  rom_symdef.txt ABSOLUTE
    prf_create                               0x000339fd   Thumb Code     0  rom_symdef.txt ABSOLUTE
    prf_init                                 0x00033a23   Thumb Code     0  rom_symdef.txt ABSOLUTE
    prf_cleanup                              0x00033a2b   Thumb Code     0  rom_symdef.txt ABSOLUTE
    __aeabi_uidiv                            0x00033aa7   Thumb Code     0  rom_symdef.txt ABSOLUTE
    __aeabi_uidivmod                         0x00033aa7   Thumb Code     0  rom_symdef.txt ABSOLUTE
    __aeabi_idiv                             0x00033ad3   Thumb Code     0  rom_symdef.txt ABSOLUTE
    __aeabi_idivmod                          0x00033ad3   Thumb Code     0  rom_symdef.txt ABSOLUTE
    rand                                     0x00033afd   Thumb Code     0  rom_symdef.txt ABSOLUTE
    srand                                    0x00033b0f   Thumb Code     0  rom_symdef.txt ABSOLUTE
    __aeabi_memcpy                           0x00033b21   Thumb Code     0  rom_symdef.txt ABSOLUTE
    __aeabi_memcpy4                          0x00033b21   Thumb Code     0  rom_symdef.txt ABSOLUTE
    __aeabi_memcpy8                          0x00033b21   Thumb Code     0  rom_symdef.txt ABSOLUTE
    __aeabi_memset                           0x00033b45   Thumb Code     0  rom_symdef.txt ABSOLUTE
    __aeabi_memset4                          0x00033b45   Thumb Code     0  rom_symdef.txt ABSOLUTE
    __aeabi_memset8                          0x00033b45   Thumb Code     0  rom_symdef.txt ABSOLUTE
    __aeabi_memclr                           0x00033b53   Thumb Code     0  rom_symdef.txt ABSOLUTE
    __aeabi_memclr4                          0x00033b53   Thumb Code     0  rom_symdef.txt ABSOLUTE
    __aeabi_memclr8                          0x00033b53   Thumb Code     0  rom_symdef.txt ABSOLUTE
    _memset$wrapper                          0x00033b57   Thumb Code     0  rom_symdef.txt ABSOLUTE
    strlen                                   0x00033b69   Thumb Code     0  rom_symdef.txt ABSOLUTE
    memcmp                                   0x00033b77   Thumb Code     0  rom_symdef.txt ABSOLUTE
    __aeabi_dmul                             0x00033b91   Thumb Code     0  rom_symdef.txt ABSOLUTE
    __aeabi_i2d                              0x00033c61   Thumb Code     0  rom_symdef.txt ABSOLUTE
    __aeabi_ui2d                             0x00033c89   Thumb Code     0  rom_symdef.txt ABSOLUTE
    __aeabi_cdcmpeq                          0x00033ca5   Thumb Code     0  rom_symdef.txt ABSOLUTE
    __aeabi_cdcmple                          0x00033ca5   Thumb Code     0  rom_symdef.txt ABSOLUTE
    __I$use$fp                               0x00033ccd   Thumb Code     0  rom_symdef.txt ABSOLUTE
    _double_round                            0x00033ccd   Thumb Code     0  rom_symdef.txt ABSOLUTE
    _double_epilogue                         0x00033ce7   Thumb Code     0  rom_symdef.txt ABSOLUTE
    __aeabi_llsl                             0x00033d8d   Thumb Code     0  rom_symdef.txt ABSOLUTE
    _ll_shift_l                              0x00033d8d   Thumb Code     0  rom_symdef.txt ABSOLUTE
    __aeabi_llsr                             0x00033dad   Thumb Code     0  rom_symdef.txt ABSOLUTE
    _ll_ushift_r                             0x00033dad   Thumb Code     0  rom_symdef.txt ABSOLUTE
    __ARM_clz                                0x00033dcf   Thumb Code     0  rom_symdef.txt ABSOLUTE
    __ARM_common_switch8                     0x00033dfd   Thumb Code     0  rom_symdef.txt ABSOLUTE
    uart_api                                 0x00033e18   Data           0  rom_symdef.txt ABSOLUTE
    co_sca2ppm                               0x00033e28   Data           0  rom_symdef.txt ABSOLUTE
    co_null_bdaddr                           0x00033e38   Data           0  rom_symdef.txt ABSOLUTE
    co_default_bdaddr                        0x00033e3e   Data           0  rom_symdef.txt ABSOLUTE
    dbg_default_handler                      0x00033f14   Data           0  rom_symdef.txt ABSOLUTE
    llc_state_handler                        0x000340dc   Data           0  rom_symdef.txt ABSOLUTE
    llc_default_handler                      0x0003418c   Data           0  rom_symdef.txt ABSOLUTE
    llm_local_cmds                           0x000341bc   Data           0  rom_symdef.txt ABSOLUTE
    llm_local_le_feats                       0x000341fc   Data           0  rom_symdef.txt ABSOLUTE
    llm_local_le_states                      0x00034204   Data           0  rom_symdef.txt ABSOLUTE
    llm_state_handler                        0x00034354   Data           0  rom_symdef.txt ABSOLUTE
    llm_default_handler                      0x00034384   Data           0  rom_symdef.txt ABSOLUTE
    LLM_AA_CT1                               0x0003438c   Data           0  rom_symdef.txt ABSOLUTE
    LLM_AA_CT2                               0x0003438f   Data           0  rom_symdef.txt ABSOLUTE
    gtl_default_state                        0x000343a4   Data           0  rom_symdef.txt ABSOLUTE
    gtl_default_handler                      0x000343bc   Data           0  rom_symdef.txt ABSOLUTE
    attc_default_state                       0x000343d8   Data           0  rom_symdef.txt ABSOLUTE
    attc_state_handler                       0x000343f8   Data           0  rom_symdef.txt ABSOLUTE
    attc_default_handler                     0x00034410   Data           0  rom_symdef.txt ABSOLUTE
    attm_default_state                       0x00034428   Data           0  rom_symdef.txt ABSOLUTE
    attm_state_handler                       0x00034480   Data           0  rom_symdef.txt ABSOLUTE
    attm_default_handler                     0x00034488   Data           0  rom_symdef.txt ABSOLUTE
    atts_default_state                       0x000344a0   Data           0  rom_symdef.txt ABSOLUTE
    atts_state_handler                       0x000344d0   Data           0  rom_symdef.txt ABSOLUTE
    atts_default_handler                     0x000344f8   Data           0  rom_symdef.txt ABSOLUTE
    gattc_default_state                      0x00034510   Data           0  rom_symdef.txt ABSOLUTE
    gattc_state_handler                      0x00034598   Data           0  rom_symdef.txt ABSOLUTE
    gattc_default_handler                    0x000345b0   Data           0  rom_symdef.txt ABSOLUTE
    gattm_default_state                      0x00034604   Data           0  rom_symdef.txt ABSOLUTE
    gattm_state_handler                      0x00034614   Data           0  rom_symdef.txt ABSOLUTE
    gattm_default_handler                    0x00034624   Data           0  rom_symdef.txt ABSOLUTE
    l2cc_default_state                       0x0003463c   Data           0  rom_symdef.txt ABSOLUTE
    l2cc_state_handler                       0x00034654   Data           0  rom_symdef.txt ABSOLUTE
    l2cc_default_handler                     0x0003466c   Data           0  rom_symdef.txt ABSOLUTE
    l2cm_default_state                       0x00034684   Data           0  rom_symdef.txt ABSOLUTE
    l2cm_state_handler                       0x0003468c   Data           0  rom_symdef.txt ABSOLUTE
    l2cm_default_handler                     0x00034694   Data           0  rom_symdef.txt ABSOLUTE
    smpc_default_state                       0x000346c8   Data           0  rom_symdef.txt ABSOLUTE
    smpc_state_handler                       0x00034760   Data           0  rom_symdef.txt ABSOLUTE
    smpc_default_handler                     0x00034780   Data           0  rom_symdef.txt ABSOLUTE
    smpm_default_state                       0x00034798   Data           0  rom_symdef.txt ABSOLUTE
    smpm_state_handler                       0x000347d0   Data           0  rom_symdef.txt ABSOLUTE
    smpm_default_handler                     0x000347e0   Data           0  rom_symdef.txt ABSOLUTE
    gapc_default_state                       0x000347f8   Data           0  rom_symdef.txt ABSOLUTE
    gapc_state_handler                       0x00034910   Data           0  rom_symdef.txt ABSOLUTE
    gapc_default_handler                     0x00034928   Data           0  rom_symdef.txt ABSOLUTE
    gapm_default_state                       0x000349ec   Data           0  rom_symdef.txt ABSOLUTE
    gapm_state_handler                       0x00034b94   Data           0  rom_symdef.txt ABSOLUTE
    gapm_default_handler                     0x00034bbc   Data           0  rom_symdef.txt ABSOLUTE
    smpc_construct_pdu                       0x00034ce8   Data           0  rom_symdef.txt ABSOLUTE
    smpc_recv_pdu                            0x00034d18   Data           0  rom_symdef.txt ABSOLUTE
    dummy                                    0x00080000   Data           0  rom_symdef.txt ABSOLUTE
    sleep_env                                0x00080254   Data           0  rom_symdef.txt ABSOLUTE
    iq_trim_bias_ctrl1_reg                   0x00080256   Data           0  rom_symdef.txt ABSOLUTE
    co_buf_env                               0x00080258   Data           0  rom_symdef.txt ABSOLUTE
    dbg_state                                0x00080348   Data           0  rom_symdef.txt ABSOLUTE
    iq_trim_rf_mixer_ctrl1_reg               0x0008034a   Data           0  rom_symdef.txt ABSOLUTE
    llc_env                                  0x0008034c   Data           0  rom_symdef.txt ABSOLUTE
    llc_state                                0x00080364   Data           0  rom_symdef.txt ABSOLUTE
    ret_winsize_var                          0x0008036a   Data           0  rom_symdef.txt ABSOLUTE
    lld_evt_env                              0x0008036c   Data           0  rom_symdef.txt ABSOLUTE
    lld_sleep_env                            0x0008038c   Data           0  rom_symdef.txt ABSOLUTE
    llm_le_env                               0x00080390   Data           0  rom_symdef.txt ABSOLUTE
    llm_le_env_lpus                          0x000803e4   Data           0  rom_symdef.txt ABSOLUTE
    llm_bt_env                               0x0008042a   Data           0  rom_symdef.txt ABSOLUTE
    llm_state                                0x00080432   Data           0  rom_symdef.txt ABSOLUTE
    uart_env                                 0x00080434   Data           0  rom_symdef.txt ABSOLUTE
    vcocal_ctrl_reg_val                      0x00080452   Data           0  rom_symdef.txt ABSOLUTE
    last_temp_count                          0x00080478   Data           0  rom_symdef.txt ABSOLUTE
    last_temp_time                           0x0008047c   Data           0  rom_symdef.txt ABSOLUTE
    gtl_env                                  0x00080480   Data           0  rom_symdef.txt ABSOLUTE
    gtl_state                                0x000804a4   Data           0  rom_symdef.txt ABSOLUTE
    attc_state                               0x000804a5   Data           0  rom_symdef.txt ABSOLUTE
    attm_env                                 0x000804ac   Data           0  rom_symdef.txt ABSOLUTE
    attm_state                               0x000804b4   Data           0  rom_symdef.txt ABSOLUTE
    atts_env                                 0x000804b8   Data           0  rom_symdef.txt ABSOLUTE
    atts_state                               0x000804d0   Data           0  rom_symdef.txt ABSOLUTE
    gattc_env                                0x000804d8   Data           0  rom_symdef.txt ABSOLUTE
    gattc_state                              0x000804f0   Data           0  rom_symdef.txt ABSOLUTE
    gattm_env                                0x000804f6   Data           0  rom_symdef.txt ABSOLUTE
    gattm_state                              0x000804fc   Data           0  rom_symdef.txt ABSOLUTE
    l2cc_env                                 0x00080500   Data           0  rom_symdef.txt ABSOLUTE
    l2cc_state                               0x00080518   Data           0  rom_symdef.txt ABSOLUTE
    l2cm_env                                 0x0008051e   Data           0  rom_symdef.txt ABSOLUTE
    l2cm_state                               0x00080524   Data           0  rom_symdef.txt ABSOLUTE
    smpc_env                                 0x00080528   Data           0  rom_symdef.txt ABSOLUTE
    smpc_state                               0x00080540   Data           0  rom_symdef.txt ABSOLUTE
    smpm_env                                 0x00080548   Data           0  rom_symdef.txt ABSOLUTE
    smpm_state                               0x00080550   Data           0  rom_symdef.txt ABSOLUTE
    gapc_env                                 0x00080554   Data           0  rom_symdef.txt ABSOLUTE
    gapc_state                               0x0008056c   Data           0  rom_symdef.txt ABSOLUTE
    gap_cfg_table                            0x00080574   Data           0  rom_symdef.txt ABSOLUTE
    gapm_env                                 0x00080578   Data           0  rom_symdef.txt ABSOLUTE
    gapm_state                               0x000805a4   Data           0  rom_symdef.txt ABSOLUTE
    ke_env                                   0x000805a8   Data           0  rom_symdef.txt ABSOLUTE
    ke_task_env                              0x00080604   Data           0  rom_symdef.txt ABSOLUTE
    nvds_data_ptr                            0x000806c0   Data           0  rom_symdef.txt ABSOLUTE
    func_check_mem_flag                      0x000806c4   Data           0  rom_symdef.txt ABSOLUTE
    ke_mem_heaps_used                        0x000806c5   Data           0  rom_symdef.txt ABSOLUTE
    rwip_env                                 0x000806c6   Data           0  rom_symdef.txt ABSOLUTE
    ble_reg_save                             0x000806cc   Data           0  rom_symdef.txt ABSOLUTE
    rwip_rf                                  0x0008071c   Data           0  rom_symdef.txt ABSOLUTE
    rwip_heap_db_ret                         0x00080768   Data        1536  jump_table.o(heap_db_area)
    rwip_heap_env_ret                        0x00080d68   Data         668  jump_table.o(heap_env_area)
    rwip_heap_msg_ret                        0x00081004   Data        2060  jump_table.o(heap_msg_area)
    descript                                 0x00082a20   Data        1502  arch_main.o(BLE_exchange_memory)
    __Vectors                                0x20000000   Data           4  boot_vectors.o(RESET)
    __Vectors_End                            0x200000a0   Data           0  boot_vectors.o(RESET)
    jump_table_base                          0x20000160   Data         352  jump_table.o(jump_table_mem_area)
    gap_timeout_table                        0x200002c0   Data         100  gapm.o(timeout_table_area)
    nvds_data_storage                        0x20000340   Data         164  nvds.o(nvds_data_storage_area)
    __main                                   0x20000441   Thumb Code     0  entry.o(.ARM.Collect$$$$00000000)
    _main_stk                                0x20000441   Thumb Code     0  entry2.o(.ARM.Collect$$$$00000001)
    _main_scatterload                        0x20000445   Thumb Code     0  entry5.o(.ARM.Collect$$$$00000004)
    __main_after_scatterload                 0x20000449   Thumb Code     0  entry5.o(.ARM.Collect$$$$00000004)
    _main_clock                              0x20000449   Thumb Code     0  entry7b.o(.ARM.Collect$$$$00000008)
    _main_cpp_init                           0x20000449   Thumb Code     0  entry8b.o(.ARM.Collect$$$$0000000A)
    _main_init                               0x20000449   Thumb Code     0  entry9a.o(.ARM.Collect$$$$0000000B)
    __rt_final_cpp                           0x20000451   Thumb Code     0  entry10a.o(.ARM.Collect$$$$0000000D)
    __rt_final_exit                          0x20000451   Thumb Code     0  entry11a.o(.ARM.Collect$$$$0000000F)
    SystemInit                               0x20000455   Thumb Code    62  system_armcm0.o(.text)
    Reset_Handler                            0x200004a5   Thumb Code     8  boot_vectors.o(.text)
    PendSV_Handler                           0x200004f5   Thumb Code     2  boot_vectors.o(.text)
    SysTick_Handler                          0x200004f7   Thumb Code     2  boot_vectors.o(.text)
    ADC_Handler                              0x200004f9   Thumb Code     0  boot_vectors.o(.text)
    I2C_Handler                              0x200004f9   Thumb Code     0  boot_vectors.o(.text)
    KEYBRD_Handler                           0x200004f9   Thumb Code     0  boot_vectors.o(.text)
    RFCAL_Handler                            0x200004f9   Thumb Code     0  boot_vectors.o(.text)
    SPI_Handler                              0x200004f9   Thumb Code     0  boot_vectors.o(.text)
    SWTIM_Handler                            0x200004f9   Thumb Code     0  boot_vectors.o(.text)
    UART2_Handler                            0x200004f9   Thumb Code     0  boot_vectors.o(.text)
    WKUP_QUADEC_Handler                      0x200004f9   Thumb Code     0  boot_vectors.o(.text)
    HardFault_HandlerC                       0x20000511   Thumb Code    86  hardfault_handler.o(.text)
    SVC_Handler_c                            0x200005c3   Thumb Code    22  arch_main.o(.text)
    patch_func                               0x200005d9   Thumb Code    98  arch_main.o(.text)
    lld_sleep_init_func                      0x2000063b   Thumb Code    26  arch_main.o(.text)
    main_func                                0x20000655   Thumb Code   594  arch_main.o(.text)
    dummyf                                   0x20000941   Thumb Code     2  jump_table.o(.text)
    app_disable_sleep                        0x20000945   Thumb Code    26  arch_sleep.o(.text)
    app_set_extended_sleep                   0x2000095f   Thumb Code    26  arch_sleep.o(.text)
    app_set_deep_sleep                       0x20000979   Thumb Code    28  arch_sleep.o(.text)
    app_restore_sleep_mode                   0x20000995   Thumb Code    68  arch_sleep.o(.text)
    app_force_active_mode                    0x200009d9   Thumb Code    30  arch_sleep.o(.text)
    app_ble_ext_wakeup_on                    0x200009f7   Thumb Code     8  arch_sleep.o(.text)
    app_ble_ext_wakeup_off                   0x200009ff   Thumb Code     8  arch_sleep.o(.text)
    app_ble_ext_wakeup_get                   0x20000a07   Thumb Code     6  arch_sleep.o(.text)
    app_ble_force_wakeup                     0x20000a0d   Thumb Code    46  arch_sleep.o(.text)
    app_last_rwble_evt_get                   0x20000a3b   Thumb Code     6  arch_sleep.o(.text)
    NMI_HandlerC                             0x20000a55   Thumb Code   126  nmi_handler.o(.text)
    GPIO_reservations                        0x20000ae5   Thumb Code   152  periph_setup.o(.text)
    set_pad_functions                        0x20000b7d   Thumb Code    68  periph_setup.o(.text)
    gpio0_callback                           0x20000bc1   Thumb Code    80  periph_setup.o(.text)
    periph_init                              0x20000c11   Thumb Code   118  periph_setup.o(.text)
    select_lp_clk                            0x20000c9d   Thumb Code     8  arch_system.o(.text)
    init_pwr_and_clk_ble                     0x20000ca5   Thumb Code   196  arch_system.o(.text)
    use_lowest_amba_clocks                   0x20000d69   Thumb Code    22  arch_system.o(.text)
    use_highest_amba_clocks                  0x20000d7f   Thumb Code    22  arch_system.o(.text)
    set_pxact_gpio                           0x20000d95   Thumb Code    24  arch_system.o(.text)
    calibrate_rcx20                          0x20000dad   Thumb Code     2  arch_system.o(.text)
    read_rcx_freq                            0x20000daf   Thumb Code     2  arch_system.o(.text)
    set_sleep_delay                          0x20000db1   Thumb Code    10  arch_system.o(.text)
    get_rc16m_count_func                     0x20000dbb   Thumb Code    28  arch_system.o(.text)
    conditionally_run_radio_cals             0x20000dd7   Thumb Code    82  arch_system.o(.text)
    lld_sleep_us_2_lpcycles_rcx_func         0x20000e29   Thumb Code     6  arch_system.o(.text)
    lld_sleep_lpcycles_2_us_rcx_func         0x20000e2f   Thumb Code     6  arch_system.o(.text)
    lld_sleep_us_2_lpcycles_sel_func         0x20000e35   Thumb Code    10  arch_system.o(.text)
    lld_sleep_lpcycles_2_us_sel_func         0x20000e3f   Thumb Code    10  arch_system.o(.text)
    uart_flow_off_func                       0x20000e49   Thumb Code    58  arch_system.o(.text)
    calculate_arch_adv_time                  0x20000e83   Thumb Code    12  arch_system.o(.text)
    check_sys_startup_period                 0x20000e8f   Thumb Code    90  arch_system.o(.text)
    app_use_lower_clocks_check               0x20000ee9   Thumb Code     4  arch_system.o(.text)
    iq_trim_from_otp                         0x20000f21   Thumb Code    54  rf_580.o(.text)
    rf_reg_rd                                0x20000f57   Thumb Code     4  rf_580.o(.text)
    rf_reg_wr                                0x20000f5b   Thumb Code     2  rf_580.o(.text)
    rf_reset                                 0x20000f5d   Thumb Code     2  rf_580.o(.text)
    rf_force_agc_enable                      0x20000f5f   Thumb Code     2  rf_580.o(.text)
    rf_txpwr_dbm_get                         0x20000f61   Thumb Code     4  rf_580.o(.text)
    rf_regs                                  0x20000f75   Thumb Code   214  rf_580.o(.text)
    rf_init_func                             0x2000104f   Thumb Code   138  rf_580.o(.text)
    rf_reinit_func                           0x200010d9   Thumb Code   120  rf_580.o(.text)
    GPIO_init                                0x200011fd   Thumb Code   140  gpio.o(.text)
    GPIO_SetPinFunction                      0x20001289   Thumb Code    66  gpio.o(.text)
    GPIO_SetInactive                         0x200012cb   Thumb Code    60  gpio.o(.text)
    GPIO_SetActive                           0x20001307   Thumb Code    60  gpio.o(.text)
    GPIO_ConfigurePin                        0x20001343   Thumb Code    80  gpio.o(.text)
    GPIO_GetPinStatus                        0x20001393   Thumb Code    66  gpio.o(.text)
    GPIO_EnableIRQ                           0x200013d5   Thumb Code   612  gpio.o(.text)
    GPIO_ResetIRQ                            0x20001639   Thumb Code   146  gpio.o(.text)
    GPIO_RegisterCallback                    0x200016cb   Thumb Code    12  gpio.o(.text)
    GPIOn_Handler                            0x200016d7   Thumb Code    40  gpio.o(.text)
    GPIO0_Handler                            0x200016ff   Thumb Code     4  gpio.o(.text)
    GPIO1_Handler                            0x20001703   Thumb Code     4  gpio.o(.text)
    GPIO2_Handler                            0x20001707   Thumb Code     4  gpio.o(.text)
    GPIO3_Handler                            0x2000170b   Thumb Code     4  gpio.o(.text)
    GPIO4_Handler                            0x2000170f   Thumb Code     4  gpio.o(.text)
    uart_sps_is_rx_fifo_empty                0x20001729   Thumb Code    18  uart_sps.o(.text)
    uart_sps_flow_on                         0x2000173b   Thumb Code     8  uart_sps.o(.text)
    uart_sps_flow_off                        0x20001743   Thumb Code    72  uart_sps.o(.text)
    uart_sps_init                            0x2000178b   Thumb Code    92  uart_sps.o(.text)
    uart_sps_sw_flow_on                      0x200017e7   Thumb Code     8  uart_sps.o(.text)
    uart_sps_sw_flow_off                     0x200017ef   Thumb Code    68  uart_sps.o(.text)
    uart_sps_force_flow_off                  0x20001833   Thumb Code    12  uart_sps.o(.text)
    tx_buffer_size                           0x2000183f   Thumb Code     8  uart_sps.o(.text)
    uart_sps_finish_transfers                0x20001847   Thumb Code    24  uart_sps.o(.text)
    uart_sps_read                            0x2000185f   Thumb Code    26  uart_sps.o(.text)
    uart_sps_write                           0x20001879   Thumb Code    24  uart_sps.o(.text)
    UART_Handler                             0x20001891   Thumb Code    92  uart_sps.o(.text)
    uart_sps_fifo_check                      0x200018ed   Thumb Code    36  uart_sps.o(.text)
    ke_task_init_func                        0x20001a8b   Thumb Code    20  ke_task.obj(.text)
    l2cc_pdu_recv_ind_handler                0x20001ab1   Thumb Code   232  atts_task.obj(.text)
    smpc_send_pairing_req_ind                0x20001b9d   Thumb Code   190  smpc.obj(.text)
    smpc_check_pairing_feat                  0x20001c5b   Thumb Code    38  smpc.obj(.text)
    smpc_pairing_cfm_handler                 0x20001c89   Thumb Code   528  smpc_task.obj(.text)
    my_llc_con_update_req_ind                0x20001e9d   Thumb Code   100  ch_map.obj(.text)
    my_llc_ch_map_req_ind                    0x20001f01   Thumb Code    84  ch_map.obj(.text)
    patched_gapm_adv_op_sanity               0x20001f61   Thumb Code   208  gapm_util.obj(.text)
    custom_nvds_get_func                     0x200020e1   Thumb Code    56  nvds.o(.text)
    nvds_read_bdaddr_from_otp                0x20002119   Thumb Code    50  nvds.o(.text)
    rwip_sleep                               0x20002165   Thumb Code   222  rwip.o(.text)
    lld_sleep_compensate_func_patched        0x20002261   Thumb Code    46  rwble.o(.text)
    BLE_WAKEUP_LP_Handler                    0x2000228f   Thumb Code   112  rwble.o(.text)
    BLE_CSCNT_Handler                        0x200022ff   Thumb Code    18  rwble.o(.text)
    BLE_SLP_Handler                          0x20002311   Thumb Code    58  rwble.o(.text)
    BLE_RX_Handler                           0x2000234b   Thumb Code     8  rwble.o(.text)
    BLE_EVENT_Handler                        0x20002353   Thumb Code    24  rwble.o(.text)
    BLE_RF_DIAG_Handler                      0x2000236b   Thumb Code    82  rwble.o(.text)
    sps_client_init                          0x200023e1   Thumb Code    20  sps_client.o(.text)
    sps_client_enable_cfm_send               0x200023f5   Thumb Code   136  sps_client.o(.text)
    prf_search_chars_128                     0x20002795   Thumb Code   110  prf_utils_128.o(.text)
    prf_disc_svc_send_128                    0x20002803   Thumb Code    56  prf_utils_128.o(.text)
    prf_check_svc_char_validity_128          0x2000283b   Thumb Code    68  prf_utils_128.o(.text)
    prf_disc_char_by_uuid_128_send           0x2000287f   Thumb Code    56  prf_utils_128.o(.text)
    prf_read_char_send                       0x200028bd   Thumb Code    42  prf_utils.o(.text)
    prf_register_atthdl2gatt                 0x200028e7   Thumb Code    46  prf_utils.o(.text)
    prf_unregister_atthdl2gatt               0x20002915   Thumb Code    46  prf_utils.o(.text)
    prf_disc_svc_send                        0x20002943   Thumb Code    54  prf_utils.o(.text)
    prf_disc_incl_svc_send                   0x20002979   Thumb Code    50  prf_utils.o(.text)
    prf_disc_char_all_send                   0x200029ab   Thumb Code    50  prf_utils.o(.text)
    prf_disc_char_desc_send                  0x200029dd   Thumb Code    98  prf_utils.o(.text)
    prf_gatt_write                           0x20002a3f   Thumb Code    72  prf_utils.o(.text)
    prf_gatt_write_ntf_ind                   0x20002a87   Thumb Code    24  prf_utils.o(.text)
    prf_check_svc_char_validity              0x20002a9f   Thumb Code    64  prf_utils.o(.text)
    prf_check_svc_char_desc_validity         0x20002adf   Thumb Code    56  prf_utils.o(.text)
    prf_search_chars                         0x20002b17   Thumb Code    98  prf_utils.o(.text)
    prf_search_descs                         0x20002b79   Thumb Code    66  prf_utils.o(.text)
    prf_client_disable                       0x20002bf7   Thumb Code    74  prf_utils.o(.text)
    prf_client_get_env                       0x20002c41   Thumb Code    16  prf_utils.o(.text)
    prf_client_disable_ind_send              0x20002c51   Thumb Code    80  prf_utils.o(.text)
    prf_client_enable                        0x20002ca1   Thumb Code    88  prf_utils.o(.text)
    prf_client_reset                         0x20002cf9   Thumb Code    80  prf_utils.o(.text)
    prf_client_enable_error                  0x20002d49   Thumb Code    42  prf_utils.o(.text)
    prf_client_att_info_rsp                  0x20002d73   Thumb Code    82  prf_utils.o(.text)
    prf_pack_date_time                       0x20002dc5   Thumb Code    32  prf_utils.o(.text)
    prf_unpack_date_time                     0x20002de5   Thumb Code    34  prf_utils.o(.text)
    prf_init_func                            0x20002e07   Thumb Code     8  prf_utils.o(.text)
    prf_cleanup_func                         0x20002e0f   Thumb Code    36  prf_utils.o(.text)
    app_init                                 0x20002ea5   Thumb Code    58  app.o(.text)
    app_db_init                              0x20002edf   Thumb Code     8  app.o(.text)
    app_disconnect                           0x20002ee7   Thumb Code    34  app.o(.text)
    app_connect_confirm                      0x20002f09   Thumb Code    42  app.o(.text)
    app_adv_start                            0x20002f33   Thumb Code    36  app.o(.text)
    app_adv_stop                             0x20002f57   Thumb Code    26  app.o(.text)
    app_param_update_start                   0x20002f71   Thumb Code     8  app.o(.text)
    app_timer_set                            0x20002f79   Thumb Code    24  app.o(.text)
    app_scanning                             0x20002f91   Thumb Code    52  app.o(.text)
    app_connect                              0x20002fc5   Thumb Code    96  app.o(.text)
    app_cancel_scanning                      0x20003025   Thumb Code    26  app.o(.text)
    app_set_rxirq_threshold                  0x2000303f   Thumb Code     6  app.o(.text)
    gapm_device_ready_ind_handler            0x20003065   Thumb Code    36  app_task.o(.text)
    gapm_cmp_evt_handler                     0x20003089   Thumb Code   142  app_task.o(.text)
    gapc_connection_req_ind_handler          0x20003117   Thumb Code    90  app_task.o(.text)
    gapc_cmp_evt_handler                     0x20003171   Thumb Code    38  app_task.o(.text)
    gapc_disconnect_ind_handler              0x20003197   Thumb Code    12  app_task.o(.text)
    gapc_param_update_req_ind_handler        0x200031a3   Thumb Code    32  app_task.o(.text)
    app_module_init_cmp_evt_handler          0x200031c3   Thumb Code    36  app_task.o(.text)
    gapm_adv_report_ind_handler              0x200031e7   Thumb Code    38  app_task.o(.text)
    app_init_func                            0x20003235   Thumb Code    14  app_sps_host_project.o(.text)
    gattc_exc_mtu_cmd                        0x20003243   Thumb Code    30  app_sps_host_project.o(.text)
    app_connection_func                      0x20003261   Thumb Code    12  app_sps_host_project.o(.text)
    app_adv_func                             0x2000326d   Thumb Code     2  app_sps_host_project.o(.text)
    app_send_disconnect                      0x2000326f   Thumb Code    28  app_sps_host_project.o(.text)
    app_reset_app                            0x2000328b   Thumb Code    24  app_sps_host_project.o(.text)
    app_disconnect_func                      0x200032a3   Thumb Code    44  app_sps_host_project.o(.text)
    app_db_init_func                         0x200032cf   Thumb Code    20  app_sps_host_project.o(.text)
    app_configuration_func                   0x200032e3   Thumb Code    14  app_sps_host_project.o(.text)
    app_set_dev_config_complete_func         0x200032f1   Thumb Code    24  app_sps_host_project.o(.text)
    app_update_params_rejected_func          0x20003309   Thumb Code     2  app_sps_host_project.o(.text)
    app_update_params_complete_func          0x2000330b   Thumb Code     2  app_sps_host_project.o(.text)
    app_adv_undirect_complete                0x2000330d   Thumb Code     2  app_sps_host_project.o(.text)
    app_adv_direct_complete                  0x2000330f   Thumb Code     2  app_sps_host_project.o(.text)
    app_db_init_complete_func                0x20003311   Thumb Code     8  app_sps_host_project.o(.text)
    app_conn_timer_handler                   0x20003319   Thumb Code    28  app_sps_host_project.o(.text)
    app_connect_failed_func                  0x20003335   Thumb Code     8  app_sps_host_project.o(.text)
    app_param_update_func                    0x2000333d   Thumb Code     2  app_sps_host_project.o(.text)
    app_sec_init_func                        0x2000333f   Thumb Code     2  app_sps_host_project.o(.text)
    app_sec_encrypt_complete_func            0x20003341   Thumb Code     2  app_sps_host_project.o(.text)
    app_mitm_passcode_entry_func             0x20003343   Thumb Code     2  app_sps_host_project.o(.text)
    app_sps_client_enable_cfm_handler        0x20003355   Thumb Code    24  app_spsc_task.o(.text)
    app_item_count                           0x200033ad   Thumb Code    20  app_sps_scheduler.o(.text)
    app_get_item_address                     0x20003415   Thumb Code    68  app_sps_scheduler.o(.text)
    app_release_items                        0x20003459   Thumb Code    50  app_sps_scheduler.o(.text)
    app_update_transmit_allowed              0x2000348b   Thumb Code    16  app_sps_scheduler.o(.text)
    app_ble_push                             0x20003577   Thumb Code    72  app_sps_scheduler.o(.text)
    app_buffer_init                          0x200035bf   Thumb Code    72  app_sps_scheduler.o(.text)
    app_uart_init                            0x20003607   Thumb Code    18  app_sps_scheduler.o(.text)
    app_flowcontrol_init                     0x20003619   Thumb Code    24  app_sps_scheduler.o(.text)
    app_ble_pull                             0x20003631   Thumb Code    58  app_sps_scheduler.o(.text)
    app_override_ble_xoff                    0x2000366b   Thumb Code    42  app_sps_scheduler.o(.text)
    app_override_ble_xon                     0x20003695   Thumb Code    42  app_sps_scheduler.o(.text)
    app_check_uart_xon                       0x200036bf   Thumb Code    30  app_sps_scheduler.o(.text)
    app_scheduler_reinit                     0x200036dd   Thumb Code    88  app_sps_scheduler.o(.text)
    app_rwip_sleep_check                     0x20003735   Thumb Code   108  app_sps_scheduler.o(.text)
    app_sleep_check                          0x200037a1   Thumb Code   108  app_sps_scheduler.o(.text)
    app_sps_init                             0x200038ed   Thumb Code    16  app_spsc.o(.text)
    app_sps_enable                           0x200038fd   Thumb Code    30  app_spsc.o(.text)
    app_send_ble_flowctrl                    0x2000391b   Thumb Code    24  app_spsc.o(.text)
    app_init_ble_tx                          0x20003933   Thumb Code    22  app_spsc.o(.text)
    __scatterload                            0x20003951   Thumb Code    28  init.o(.text)
    __scatterload_rt2                        0x20003951   Thumb Code     0  init.o(.text)
    Long Thumb to Thumb Veneer to set_system_clocks 0x20003975   Thumb Code    12  anon$$obj.o(Veneer$$Code)
    Long Thumb to Thumb Veneer to srand      0x20003981   Thumb Code    12  anon$$obj.o(Veneer$$Code)
    Long Thumb to Thumb Veneer to nvds_init  0x2000398d   Thumb Code    12  anon$$obj.o(Veneer$$Code)
    Long Thumb to Thumb Veneer to rwip_init  0x20003999   Thumb Code    12  anon$$obj.o(Veneer$$Code)
    Long Thumb to Thumb Veneer to enable_rf_diag_irq 0x200039a5   Thumb Code    12  anon$$obj.o(Veneer$$Code)
    Long Thumb to Thumb Veneer to rwip_prevent_sleep_get 0x200039b1   Thumb Code    12  anon$$obj.o(Veneer$$Code)
    Long Thumb to Thumb Veneer to ke_event_get 0x200039bd   Thumb Code    12  anon$$obj.o(Veneer$$Code)
    Long Thumb to Thumb Veneer to rwip_schedule 0x200039c9   Thumb Code    12  anon$$obj.o(Veneer$$Code)
    Long Thumb to Thumb Veneer to lld_sleep_check 0x200039d5   Thumb Code    12  anon$$obj.o(Veneer$$Code)
    Long Thumb to Thumb Veneer to func_check_mem 0x200039e1   Thumb Code    12  anon$$obj.o(Veneer$$Code)
    Long Thumb to Thumb Veneer to test_rxdone 0x200039ed   Thumb Code    12  anon$$obj.o(Veneer$$Code)
    Long Thumb to Thumb Veneer to ke_mem_is_empty 0x200039f9   Thumb Code    12  anon$$obj.o(Veneer$$Code)
    Long Thumb to Thumb Veneer to app_get_sleep_mode 0x20003a05   Thumb Code    12  anon$$obj.o(Veneer$$Code)
    Long Thumb to Thumb Veneer to rwip_wakeup_delay_set 0x20003a11   Thumb Code    12  anon$$obj.o(Veneer$$Code)
    Long Thumb to Thumb Veneer to $Super$$get_rc16m_count_func 0x20003a1d   Thumb Code    12  anon$$obj.o(Veneer$$Code)
    Long Thumb to Thumb Veneer to get_rc16m_count 0x20003a29   Thumb Code    12  anon$$obj.o(Veneer$$Code)
    Long Thumb to Thumb Veneer to pll_vcocal_LUT_InitUpdate 0x20003a35   Thumb Code    12  anon$$obj.o(Veneer$$Code)
    Long Thumb to Thumb Veneer to rf_calibration 0x20003a41   Thumb Code    12  anon$$obj.o(Veneer$$Code)
    Long Thumb to Thumb Veneer to lld_sleep_us_2_lpcycles_func 0x20003a4d   Thumb Code    12  anon$$obj.o(Veneer$$Code)
    Long Thumb to Thumb Veneer to lld_sleep_lpcycles_2_us_func 0x20003a59   Thumb Code    12  anon$$obj.o(Veneer$$Code)
    Long Thumb to Thumb Veneer to uart_flow_on 0x20003a65   Thumb Code    12  anon$$obj.o(Veneer$$Code)
    Long Thumb to Thumb Veneer to __aeabi_memcpy 0x20003a71   Thumb Code    12  anon$$obj.o(Veneer$$Code)
    Long Thumb to Thumb Veneer to __aeabi_llsl 0x20003a7d   Thumb Code    12  anon$$obj.o(Veneer$$Code)
    Long Thumb to Thumb Veneer to co_list_pop_front 0x20003a89   Thumb Code    12  anon$$obj.o(Veneer$$Code)
    Long Thumb to Thumb Veneer to ke_task_handler_get 0x20003a95   Thumb Code    12  anon$$obj.o(Veneer$$Code)
    Long Thumb to Thumb Veneer to ke_msg_free 0x20003aa1   Thumb Code    12  anon$$obj.o(Veneer$$Code)
    Long Thumb to Thumb Veneer to co_list_push_back 0x20003aad   Thumb Code    12  anon$$obj.o(Veneer$$Code)
    Long Thumb to Thumb Veneer to ke_event_clear 0x20003ab9   Thumb Code    12  anon$$obj.o(Veneer$$Code)
    Long Thumb to Thumb Veneer to __aeabi_memclr4 0x20003ac5   Thumb Code    12  anon$$obj.o(Veneer$$Code)
    Long Thumb to Thumb Veneer to ke_event_callback_set 0x20003ad1   Thumb Code    12  anon$$obj.o(Veneer$$Code)
    Long Thumb to Thumb Veneer to ke_state_get 0x20003add   Thumb Code    12  anon$$obj.o(Veneer$$Code)
    Long Thumb to Thumb Veneer to __ARM_common_switch8 0x20003ae9   Thumb Code    12  anon$$obj.o(Veneer$$Code)
    Long Thumb to Thumb Veneer to ke_timer_clear 0x20003af5   Thumb Code    12  anon$$obj.o(Veneer$$Code)
    Long Thumb to Thumb Veneer to atts_send_cmd_cmp 0x20003b01   Thumb Code    12  anon$$obj.o(Veneer$$Code)
    Long Thumb to Thumb Veneer to ke_state_set 0x20003b0d   Thumb Code    12  anon$$obj.o(Veneer$$Code)
    Long Thumb to Thumb Veneer to atts_mtu_exc_resp 0x20003b19   Thumb Code    12  anon$$obj.o(Veneer$$Code)
    Long Thumb to Thumb Veneer to atts_find_info_resp 0x20003b25   Thumb Code    12  anon$$obj.o(Veneer$$Code)
    Long Thumb to Thumb Veneer to atts_find_by_type_resp 0x20003b31   Thumb Code    12  anon$$obj.o(Veneer$$Code)
    Long Thumb to Thumb Veneer to atts_read_by_type_resp 0x20003b3d   Thumb Code    12  anon$$obj.o(Veneer$$Code)
    Long Thumb to Thumb Veneer to atts_read_by_grp_type_resp 0x20003b49   Thumb Code    12  anon$$obj.o(Veneer$$Code)
    Long Thumb to Thumb Veneer to atts_read_resp 0x20003b55   Thumb Code    12  anon$$obj.o(Veneer$$Code)
    Long Thumb to Thumb Veneer to atts_read_blob_resp 0x20003b61   Thumb Code    12  anon$$obj.o(Veneer$$Code)
    Long Thumb to Thumb Veneer to atts_read_mult_resp 0x20003b6d   Thumb Code    12  anon$$obj.o(Veneer$$Code)
    Long Thumb to Thumb Veneer to atts_write_no_resp 0x20003b79   Thumb Code    12  anon$$obj.o(Veneer$$Code)
    Long Thumb to Thumb Veneer to atts_write_resp 0x20003b85   Thumb Code    12  anon$$obj.o(Veneer$$Code)
    Long Thumb to Thumb Veneer to atts_signed_write_resp 0x20003b91   Thumb Code    12  anon$$obj.o(Veneer$$Code)
    Long Thumb to Thumb Veneer to atts_prepare_write_resp 0x20003b9d   Thumb Code    12  anon$$obj.o(Veneer$$Code)
    Long Thumb to Thumb Veneer to atts_execute_write_resp 0x20003ba9   Thumb Code    12  anon$$obj.o(Veneer$$Code)
    Long Thumb to Thumb Veneer to ke_msg_alloc 0x20003bb5   Thumb Code    12  anon$$obj.o(Veneer$$Code)
    Long Thumb to Thumb Veneer to gapc_get_enc_keysize 0x20003bc1   Thumb Code    12  anon$$obj.o(Veneer$$Code)
    Long Thumb to Thumb Veneer to gapc_get_role 0x20003bcd   Thumb Code    12  anon$$obj.o(Veneer$$Code)
    Long Thumb to Thumb Veneer to ke_msg_send 0x20003bd9   Thumb Code    12  anon$$obj.o(Veneer$$Code)
    Long Thumb to Thumb Veneer to smpc_generate_rand 0x20003be5   Thumb Code    12  anon$$obj.o(Veneer$$Code)
    Long Thumb to Thumb Veneer to smpc_tkdp_send_continue 0x20003bf1   Thumb Code    12  anon$$obj.o(Veneer$$Code)
    Long Thumb to Thumb Veneer to smpc_pdu_send 0x20003bfd   Thumb Code    12  anon$$obj.o(Veneer$$Code)
    Long Thumb to Thumb Veneer to smpc_tkdp_rcp_start 0x20003c09   Thumb Code    12  anon$$obj.o(Veneer$$Code)
    Long Thumb to Thumb Veneer to smpc_pairing_end 0x20003c15   Thumb Code    12  anon$$obj.o(Veneer$$Code)
    Long Thumb to Thumb Veneer to smpc_check_max_key_size 0x20003c21   Thumb Code    12  anon$$obj.o(Veneer$$Code)
    Long Thumb to Thumb Veneer to smpc_check_key_distrib 0x20003c2d   Thumb Code    12  anon$$obj.o(Veneer$$Code)
    Long Thumb to Thumb Veneer to smpc_get_key_sec_prop 0x20003c39   Thumb Code    12  anon$$obj.o(Veneer$$Code)
    Long Thumb to Thumb Veneer to smpc_is_sec_mode_reached 0x20003c45   Thumb Code    12  anon$$obj.o(Veneer$$Code)
    Long Thumb to Thumb Veneer to lld_con_update_ind 0x20003c51   Thumb Code    12  anon$$obj.o(Veneer$$Code)
    Long Thumb to Thumb Veneer to __aeabi_uidivmod 0x20003c5d   Thumb Code    12  anon$$obj.o(Veneer$$Code)
    Long Thumb to Thumb Veneer to llc_util_dicon_procedure 0x20003c69   Thumb Code    12  anon$$obj.o(Veneer$$Code)
    Long Thumb to Thumb Veneer to lld_ch_map_ind 0x20003c75   Thumb Code    12  anon$$obj.o(Veneer$$Code)
    Long Thumb to Thumb Veneer to gapm_get_privacy_flag 0x20003c81   Thumb Code    12  anon$$obj.o(Veneer$$Code)
    Long Thumb to Thumb Veneer to gapm_set_recon_addr 0x20003c8d   Thumb Code    12  anon$$obj.o(Veneer$$Code)
    Long Thumb to Thumb Veneer to memcmp     0x20003c99   Thumb Code    12  anon$$obj.o(Veneer$$Code)
    Long Thumb to Thumb Veneer to nvds_get_func 0x20003ca5   Thumb Code    12  anon$$obj.o(Veneer$$Code)
    Long Thumb to Thumb Veneer to ke_sleep_check 0x20003cb1   Thumb Code    12  anon$$obj.o(Veneer$$Code)
    Long Thumb to Thumb Veneer to ke_timer_sleep_check 0x20003cbd   Thumb Code    12  anon$$obj.o(Veneer$$Code)
    Long Thumb to Thumb Veneer to lld_sleep_enter 0x20003cc9   Thumb Code    12  anon$$obj.o(Veneer$$Code)
    Long Thumb to Thumb Veneer to ble_regs_push 0x20003cd5   Thumb Code    12  anon$$obj.o(Veneer$$Code)
    Long Thumb to Thumb Veneer to $Super$$BLE_CSCNT_Handler 0x20003ce1   Thumb Code    12  anon$$obj.o(Veneer$$Code)
    Long Thumb to Thumb Veneer to lld_evt_start_isr 0x20003ced   Thumb Code    12  anon$$obj.o(Veneer$$Code)
    Long Thumb to Thumb Veneer to ble_regs_pop 0x20003cf9   Thumb Code    12  anon$$obj.o(Veneer$$Code)
    Long Thumb to Thumb Veneer to rwip_wakeup 0x20003d05   Thumb Code    12  anon$$obj.o(Veneer$$Code)
    Long Thumb to Thumb Veneer to rf_workaround_init 0x20003d11   Thumb Code    12  anon$$obj.o(Veneer$$Code)
    Long Thumb to Thumb Veneer to rf_reinit  0x20003d1d   Thumb Code    12  anon$$obj.o(Veneer$$Code)
    Long Thumb to Thumb Veneer to lld_evt_rx_isr 0x20003d29   Thumb Code    12  anon$$obj.o(Veneer$$Code)
    Long Thumb to Thumb Veneer to lld_evt_end_isr 0x20003d35   Thumb Code    12  anon$$obj.o(Veneer$$Code)
    Long Thumb to Thumb Veneer to set_rf_cal_cap 0x20003d41   Thumb Code    12  anon$$obj.o(Veneer$$Code)
    Long Thumb to Thumb Veneer to set_gauss_modgain 0x20003d4d   Thumb Code    12  anon$$obj.o(Veneer$$Code)
    Long Thumb to Thumb Veneer to gapc_get_conhdl 0x20003d59   Thumb Code    12  anon$$obj.o(Veneer$$Code)
    Long Thumb to Thumb Veneer to gapc_get_conidx 0x20003d65   Thumb Code    12  anon$$obj.o(Veneer$$Code)
    Long Thumb to Thumb Veneer to attm_uuid_match 0x20003d71   Thumb Code    12  anon$$obj.o(Veneer$$Code)
    Long Thumb to Thumb Veneer to attm_uuid_match_16 0x20003d7d   Thumb Code    12  anon$$obj.o(Veneer$$Code)
    Long Thumb to Thumb Veneer to ke_free    0x20003d89   Thumb Code    12  anon$$obj.o(Veneer$$Code)
    Long Thumb to Thumb Veneer to ke_msg_forward 0x20003d95   Thumb Code    12  anon$$obj.o(Veneer$$Code)
    Long Thumb to Thumb Veneer to ke_task_create 0x20003da1   Thumb Code    12  anon$$obj.o(Veneer$$Code)
    Long Thumb to Thumb Veneer to gapc_send_disconect_ind 0x20003dad   Thumb Code    12  anon$$obj.o(Veneer$$Code)
    Long Thumb to Thumb Veneer to ke_malloc  0x20003db9   Thumb Code    12  anon$$obj.o(Veneer$$Code)
    Long Thumb to Thumb Veneer to __aeabi_memclr 0x20003dc5   Thumb Code    12  anon$$obj.o(Veneer$$Code)
    Long Thumb to Thumb Veneer to nvds_get   0x20003dd1   Thumb Code    12  anon$$obj.o(Veneer$$Code)
    Long Thumb to Thumb Veneer to ke_timer_set 0x20003ddd   Thumb Code    12  anon$$obj.o(Veneer$$Code)
    __scatterload_copy                       0x20003de9   Thumb Code    14  handlers.o(i.__scatterload_copy)
    __scatterload_null                       0x20003df7   Thumb Code     2  handlers.o(i.__scatterload_null)
    __scatterload_zeroinit                   0x20003df9   Thumb Code    14  handlers.o(i.__scatterload_zeroinit)
    patch_table                              0x20003e08   Data          32  arch_main.o(.constdata)
    LUT_CFG                                  0x20003e28   Data          22  arch_main.o(.constdata)
    sps_client_sps_char                      0x20003e58   Data          54  sps_client_task.o(.constdata)
    sps_client_connected                     0x20003e90   Data          40  sps_client_task.o(.constdata)
    sps_client_discovering                   0x20003eb8   Data          16  sps_client_task.o(.constdata)
    sps_client_default_state                 0x20003ec8   Data          24  sps_client_task.o(.constdata)
    sps_client_state_handler                 0x20003ee0   Data          24  sps_client_task.o(.constdata)
    sps_client_default_handler               0x20003ef8   Data           8  sps_client_task.o(.constdata)
    app_default_state                        0x20003f10   Data          80  app_task.o(.constdata)
    app_default_handler                      0x20003f60   Data           8  app_task.o(.constdata)
    Region$$Table$$Base                      0x20003f68   Number         0  anon$$obj.o(Region$$Table)
    Region$$Table$$Limit                     0x20003f98   Number         0  anon$$obj.o(Region$$Table)
    startup_sleep_delay                      0x20003f98   Data           4  arch_system.o(.data)
    sps_client_envs                          0x20003f9c   Data           4  sps_client.o(exchange_mem_case1)
    sps_client_state                         0x20003fa0   Data           6  sps_client_task.o(exchange_mem_case1)
    sys_startup_flag                         0x20008000   Data           1  arch_main.o(retention_mem_area0)
    sleep_md                                 0x20008001   Data           1  arch_sleep.o(retention_mem_area0)
    sleep_pend                               0x20008002   Data           1  arch_sleep.o(retention_mem_area0)
    sleep_cnt                                0x20008003   Data           1  arch_sleep.o(retention_mem_area0)
    sleep_ext_force                          0x20008004   Data           1  arch_sleep.o(retention_mem_area0)
    cal_enable                               0x20008008   Data           1  arch_system.o(retention_mem_area0)
    lp_clk_sel                               0x2000800c   Data           4  arch_system.o(retention_mem_area0)
    rcx_freq                                 0x20008010   Data           4  arch_system.o(retention_mem_area0)
    rcx_period                               0x20008014   Data           4  arch_system.o(retention_mem_area0)
    rcx_slot_duration                        0x20008018   Data           4  arch_system.o(retention_mem_area0)
    dev_bdaddr                               0x20008040   Data           6  nvds.o(retention_mem_area0)
    sleep_lp_cycles                          0x20008048   Data           4  rwip.o(retention_mem_area0)
    rwble_last_event                         0x2000804c   Data           1  rwble.o(retention_mem_area0)
    tx_busy_flag                             0x2000804d   Data           1  sps_client_task.o(retention_mem_area0)
    app_env                                  0x2000804e   Data          12  app.o(retention_mem_area0)
    app_sleep_flow_off                       0x2000805a   Data           1  app.o(retention_mem_area0)
    app_state                                0x2000805b   Data           1  app_task.o(retention_mem_area0)
    connect_bdaddr                           0x2000805c   Data           6  app_task.o(retention_mem_area0)
    tx_state_ptr                             0x20008064   Data           1  app_sps_scheduler.o(retention_mem_area0)
    rx_state_ptr                             0x20008065   Data           1  app_sps_scheduler.o(retention_mem_area0)
    callbackbusy                             0x20008066   Data           1  app_sps_scheduler.o(retention_mem_area0)
    ble_flags                                0x20008067   Data           3  app_sps_scheduler.o(retention_mem_area0)
    uart_flags                               0x2000806a   Data           3  app_sps_scheduler.o(retention_mem_area0)
    rx_read_pointer                          0x2000806d   Data           8  app_sps_scheduler.o(retention_mem_area0)
    tx_write_pointer                         0x20008075   Data          17  app_sps_scheduler.o(retention_mem_area0)
    bletouart_buffer                         0x20008088   Data          36  app_sps_scheduler.o(retention_mem_area0)
    uarttoble_buffer                         0x200080ac   Data          36  app_sps_scheduler.o(retention_mem_area0)
    rwip_heap_non_ret                        0x200087f4   Data        2060  jump_table.o(heap_mem_area_not_ret)
    SystemCoreClock                          0x20009000   Data           0  rom_symdef.txt ABSOLUTE
    error                                    0x20009004   Data           0  rom_symdef.txt ABSOLUTE
    GPIO_status                              0x20009020   Data           8  gpio.o(.bss)
    GPIO                                     0x20009028   Data         160  gpio.o(.bss)
    GPIOHandlerFunction                      0x200090c8   Data          20  gpio.o(.bss)
    __initial_sp                             0x20009800   Data           0  boot_vectors.o(STACK)



==============================================================================

Memory Map of the image

  Image Entry point : 0x20000441

  Load Region LR_IROM1 (Base: 0x20000000, Size: 0x000000a0, Max: 0x00000160, ABSOLUTE)

    Execution Region ER_IROM1 (Base: 0x20000000, Size: 0x000000a0, Max: 0x00000160, ABSOLUTE)

    Base Addr    Size         Type   Attr      Idx    E Section Name        Object

    0x20000000   0x000000a0   Data   RO           52    RESET               boot_vectors.o



  Load Region LR_IROM2 (Base: 0x20000160, Size: 0x00000160, Max: 0x00000160, ABSOLUTE)

    Execution Region ER_IROM2 (Base: 0x20000160, Size: 0x00000160, Max: 0x00000160, ABSOLUTE)

    Base Addr    Size         Type   Attr      Idx    E Section Name        Object

    0x20000160   0x00000160   Data   RO          409    jump_table_mem_area  jump_table.o



  Load Region LR_IROM3 (Base: 0x200002c0, Size: 0x00000064, Max: 0x00000080, ABSOLUTE)

    Execution Region ER_IROM3 (Base: 0x200002c0, Size: 0x00000064, Max: 0x00000080, ABSOLUTE)

    Base Addr    Size         Type   Attr      Idx    E Section Name        Object

    0x200002c0   0x00000064   Data   RO          662    timeout_table_area  gapm.o



  Load Region LR_IROM4 (Base: 0x20000340, Size: 0x000000a4, Max: 0x00000100, ABSOLUTE)

    Execution Region ER_IROM4 (Base: 0x20000340, Size: 0x000000a4, Max: 0x00000100, ABSOLUTE)

    Base Addr    Size         Type   Attr      Idx    E Section Name        Object

    0x20000340   0x000000a4   Data   RO          724    nvds_data_storage_area  nvds.o



  Load Region LR_IROM5 (Base: 0x20000440, Size: 0x00003b68, Max: 0x000093c0, ABSOLUTE)

    Execution Region ER_IROM5 (Base: 0x20000440, Size: 0x00003b68, Max: 0x00007ac0, ABSOLUTE)

    Base Addr    Size         Type   Attr      Idx    E Section Name        Object

    0x20000440   0x00000000   Code   RO         1052  * .ARM.Collect$$$$00000000  mc_p.l(entry.o)
    0x20000440   0x00000004   Code   RO         1053    .ARM.Collect$$$$00000001  mc_p.l(entry2.o)
    0x20000444   0x00000004   Code   RO         1056    .ARM.Collect$$$$00000004  mc_p.l(entry5.o)
    0x20000448   0x00000000   Code   RO         1058    .ARM.Collect$$$$00000008  mc_p.l(entry7b.o)
    0x20000448   0x00000000   Code   RO         1060    .ARM.Collect$$$$0000000A  mc_p.l(entry8b.o)
    0x20000448   0x00000008   Code   RO         1061    .ARM.Collect$$$$0000000B  mc_p.l(entry9a.o)
    0x20000450   0x00000000   Code   RO         1063    .ARM.Collect$$$$0000000D  mc_p.l(entry10a.o)
    0x20000450   0x00000000   Code   RO         1065    .ARM.Collect$$$$0000000F  mc_p.l(entry11a.o)
    0x20000450   0x00000004   Code   RO         1054    .ARM.Collect$$$$00002712  mc_p.l(entry2.o)
    0x20000454   0x00000050   Code   RO            2    .text               system_armcm0.o
    0x200004a4   0x0000006c   Code   RO           53    .text               boot_vectors.o
    0x20000510   0x00000060   Code   RO           58    .text               hardfault_handler.o
    0x20000570   0x000003d0   Code   RO          114    .text               arch_main.o
    0x20000940   0x00000002   Code   RO          404    .text               jump_table.o
    0x20000942   0x00000002   PAD
    0x20000944   0x00000110   Code   RO          476    .text               arch_sleep.o
    0x20000a54   0x00000090   Code   RO          495    .text               nmi_handler.o
    0x20000ae4   0x000001b8   Code   RO          514    .text               periph_setup.o
    0x20000c9c   0x00000284   Code   RO          532    .text               arch_system.o
    0x20000f20   0x000002dc   Code   RO          581    .text               rf_580.o
    0x200011fc   0x0000052c   Code   RO          606    .text               gpio.o
    0x20001728   0x000002d0   Code   RO          629    .text               uart_sps.o
    0x200019f8   0x000000b8   Code   RO          660    .text               ke_task.obj
    0x20001ab0   0x000000ec   Code   RO          711    .text               atts_task.obj
    0x20001b9c   0x000000ec   Code   RO          715    .text               smpc.obj
    0x20001c88   0x00000214   Code   RO          717    .text               smpc_task.obj
    0x20001e9c   0x000000c4   Code   RO          719    .text               ch_map.obj
    0x20001f60   0x00000180   Code   RO          721    .text               gapm_util.obj
    0x200020e0   0x00000084   Code   RO          723    .text               nvds.o
    0x20002164   0x000000fc   Code   RO          740    .text               rwip.o
    0x20002260   0x00000180   Code   RO          774    .text               rwble.o
    0x200023e0   0x000000ac   Code   RO          804    .text               sps_client.o
    0x2000248c   0x00000308   Code   RO          837    .text               sps_client_task.o
    0x20002794   0x00000128   Code   RO          865    .text               prf_utils_128.o
    0x200028bc   0x000005e8   Code   RO          886    .text               prf_utils.o
    0x20002ea4   0x000001c0   Code   RO          914    .text               app.o
    0x20003064   0x000001d0   Code   RO          956    .text               app_task.o
    0x20003234   0x00000120   Code   RO          986    .text               app_sps_host_project.o
    0x20003354   0x0000001c   Code   RO          999    .text               app_spsc_task.o
    0x20003370   0x0000057a   Code   RO         1011    .text               app_sps_scheduler.o
    0x200038ea   0x00000002   PAD
    0x200038ec   0x00000064   Code   RO         1040    .text               app_spsc.o
    0x20003950   0x00000024   Code   RO         1067    .text               mc_p.l(init.o)
    0x20003974   0x0000000c   Ven    RO         1077    Veneer$$Code        anon$$obj.o
    0x20003980   0x0000000c   Ven    RO         1078    Veneer$$Code        anon$$obj.o
    0x2000398c   0x0000000c   Ven    RO         1079    Veneer$$Code        anon$$obj.o
    0x20003998   0x0000000c   Ven    RO         1080    Veneer$$Code        anon$$obj.o
    0x200039a4   0x0000000c   Ven    RO         1081    Veneer$$Code        anon$$obj.o
    0x200039b0   0x0000000c   Ven    RO         1082    Veneer$$Code        anon$$obj.o
    0x200039bc   0x0000000c   Ven    RO         1083    Veneer$$Code        anon$$obj.o
    0x200039c8   0x0000000c   Ven    RO         1084    Veneer$$Code        anon$$obj.o
    0x200039d4   0x0000000c   Ven    RO         1085    Veneer$$Code        anon$$obj.o
    0x200039e0   0x0000000c   Ven    RO         1086    Veneer$$Code        anon$$obj.o
    0x200039ec   0x0000000c   Ven    RO         1087    Veneer$$Code        anon$$obj.o
    0x200039f8   0x0000000c   Ven    RO         1088    Veneer$$Code        anon$$obj.o
    0x20003a04   0x0000000c   Ven    RO         1089    Veneer$$Code        anon$$obj.o
    0x20003a10   0x0000000c   Ven    RO         1090    Veneer$$Code        anon$$obj.o
    0x20003a1c   0x0000000c   Ven    RO         1091    Veneer$$Code        anon$$obj.o
    0x20003a28   0x0000000c   Ven    RO         1092    Veneer$$Code        anon$$obj.o
    0x20003a34   0x0000000c   Ven    RO         1093    Veneer$$Code        anon$$obj.o
    0x20003a40   0x0000000c   Ven    RO         1094    Veneer$$Code        anon$$obj.o
    0x20003a4c   0x0000000c   Ven    RO         1095    Veneer$$Code        anon$$obj.o
    0x20003a58   0x0000000c   Ven    RO         1096    Veneer$$Code        anon$$obj.o
    0x20003a64   0x0000000c   Ven    RO         1097    Veneer$$Code        anon$$obj.o
    0x20003a70   0x0000000c   Ven    RO         1098    Veneer$$Code        anon$$obj.o
    0x20003a7c   0x0000000c   Ven    RO         1099    Veneer$$Code        anon$$obj.o
    0x20003a88   0x0000000c   Ven    RO         1100    Veneer$$Code        anon$$obj.o
    0x20003a94   0x0000000c   Ven    RO         1101    Veneer$$Code        anon$$obj.o
    0x20003aa0   0x0000000c   Ven    RO         1102    Veneer$$Code        anon$$obj.o
    0x20003aac   0x0000000c   Ven    RO         1103    Veneer$$Code        anon$$obj.o
    0x20003ab8   0x0000000c   Ven    RO         1104    Veneer$$Code        anon$$obj.o
    0x20003ac4   0x0000000c   Ven    RO         1105    Veneer$$Code        anon$$obj.o
    0x20003ad0   0x0000000c   Ven    RO         1106    Veneer$$Code        anon$$obj.o
    0x20003adc   0x0000000c   Ven    RO         1107    Veneer$$Code        anon$$obj.o
    0x20003ae8   0x0000000c   Ven    RO         1108    Veneer$$Code        anon$$obj.o
    0x20003af4   0x0000000c   Ven    RO         1109    Veneer$$Code        anon$$obj.o
    0x20003b00   0x0000000c   Ven    RO         1110    Veneer$$Code        anon$$obj.o
    0x20003b0c   0x0000000c   Ven    RO         1111    Veneer$$Code        anon$$obj.o
    0x20003b18   0x0000000c   Ven    RO         1112    Veneer$$Code        anon$$obj.o
    0x20003b24   0x0000000c   Ven    RO         1113    Veneer$$Code        anon$$obj.o
    0x20003b30   0x0000000c   Ven    RO         1114    Veneer$$Code        anon$$obj.o
    0x20003b3c   0x0000000c   Ven    RO         1115    Veneer$$Code        anon$$obj.o
    0x20003b48   0x0000000c   Ven    RO         1116    Veneer$$Code        anon$$obj.o
    0x20003b54   0x0000000c   Ven    RO         1117    Veneer$$Code        anon$$obj.o
    0x20003b60   0x0000000c   Ven    RO         1118    Veneer$$Code        anon$$obj.o
    0x20003b6c   0x0000000c   Ven    RO         1119    Veneer$$Code        anon$$obj.o
    0x20003b78   0x0000000c   Ven    RO         1120    Veneer$$Code        anon$$obj.o
    0x20003b84   0x0000000c   Ven    RO         1121    Veneer$$Code        anon$$obj.o
    0x20003b90   0x0000000c   Ven    RO         1122    Veneer$$Code        anon$$obj.o
    0x20003b9c   0x0000000c   Ven    RO         1123    Veneer$$Code        anon$$obj.o
    0x20003ba8   0x0000000c   Ven    RO         1124    Veneer$$Code        anon$$obj.o
    0x20003bb4   0x0000000c   Ven    RO         1125    Veneer$$Code        anon$$obj.o
    0x20003bc0   0x0000000c   Ven    RO         1126    Veneer$$Code        anon$$obj.o
    0x20003bcc   0x0000000c   Ven    RO         1127    Veneer$$Code        anon$$obj.o
    0x20003bd8   0x0000000c   Ven    RO         1128    Veneer$$Code        anon$$obj.o
    0x20003be4   0x0000000c   Ven    RO         1129    Veneer$$Code        anon$$obj.o
    0x20003bf0   0x0000000c   Ven    RO         1130    Veneer$$Code        anon$$obj.o
    0x20003bfc   0x0000000c   Ven    RO         1131    Veneer$$Code        anon$$obj.o
    0x20003c08   0x0000000c   Ven    RO         1132    Veneer$$Code        anon$$obj.o
    0x20003c14   0x0000000c   Ven    RO         1133    Veneer$$Code        anon$$obj.o
    0x20003c20   0x0000000c   Ven    RO         1134    Veneer$$Code        anon$$obj.o
    0x20003c2c   0x0000000c   Ven    RO         1135    Veneer$$Code        anon$$obj.o
    0x20003c38   0x0000000c   Ven    RO         1136    Veneer$$Code        anon$$obj.o
    0x20003c44   0x0000000c   Ven    RO         1137    Veneer$$Code        anon$$obj.o
    0x20003c50   0x0000000c   Ven    RO         1138    Veneer$$Code        anon$$obj.o
    0x20003c5c   0x0000000c   Ven    RO         1139    Veneer$$Code        anon$$obj.o
    0x20003c68   0x0000000c   Ven    RO         1140    Veneer$$Code        anon$$obj.o
    0x20003c74   0x0000000c   Ven    RO         1141    Veneer$$Code        anon$$obj.o
    0x20003c80   0x0000000c   Ven    RO         1142    Veneer$$Code        anon$$obj.o
    0x20003c8c   0x0000000c   Ven    RO         1143    Veneer$$Code        anon$$obj.o
    0x20003c98   0x0000000c   Ven    RO         1144    Veneer$$Code        anon$$obj.o
    0x20003ca4   0x0000000c   Ven    RO         1145    Veneer$$Code        anon$$obj.o
    0x20003cb0   0x0000000c   Ven    RO         1146    Veneer$$Code        anon$$obj.o
    0x20003cbc   0x0000000c   Ven    RO         1147    Veneer$$Code        anon$$obj.o
    0x20003cc8   0x0000000c   Ven    RO         1148    Veneer$$Code        anon$$obj.o
    0x20003cd4   0x0000000c   Ven    RO         1149    Veneer$$Code        anon$$obj.o
    0x20003ce0   0x0000000c   Ven    RO         1150    Veneer$$Code        anon$$obj.o
    0x20003cec   0x0000000c   Ven    RO         1151    Veneer$$Code        anon$$obj.o
    0x20003cf8   0x0000000c   Ven    RO         1152    Veneer$$Code        anon$$obj.o
    0x20003d04   0x0000000c   Ven    RO         1153    Veneer$$Code        anon$$obj.o
    0x20003d10   0x0000000c   Ven    RO         1154    Veneer$$Code        anon$$obj.o
    0x20003d1c   0x0000000c   Ven    RO         1155    Veneer$$Code        anon$$obj.o
    0x20003d28   0x0000000c   Ven    RO         1156    Veneer$$Code        anon$$obj.o
    0x20003d34   0x0000000c   Ven    RO         1157    Veneer$$Code        anon$$obj.o
    0x20003d40   0x0000000c   Ven    RO         1158    Veneer$$Code        anon$$obj.o
    0x20003d4c   0x0000000c   Ven    RO         1159    Veneer$$Code        anon$$obj.o
    0x20003d58   0x0000000c   Ven    RO         1160    Veneer$$Code        anon$$obj.o
    0x20003d64   0x0000000c   Ven    RO         1161    Veneer$$Code        anon$$obj.o
    0x20003d70   0x0000000c   Ven    RO         1162    Veneer$$Code        anon$$obj.o
    0x20003d7c   0x0000000c   Ven    RO         1163    Veneer$$Code        anon$$obj.o
    0x20003d88   0x0000000c   Ven    RO         1164    Veneer$$Code        anon$$obj.o
    0x20003d94   0x0000000c   Ven    RO         1165    Veneer$$Code        anon$$obj.o
    0x20003da0   0x0000000c   Ven    RO         1166    Veneer$$Code        anon$$obj.o
    0x20003dac   0x0000000c   Ven    RO         1167    Veneer$$Code        anon$$obj.o
    0x20003db8   0x0000000c   Ven    RO         1168    Veneer$$Code        anon$$obj.o
    0x20003dc4   0x0000000c   Ven    RO         1169    Veneer$$Code        anon$$obj.o
    0x20003dd0   0x0000000c   Ven    RO         1170    Veneer$$Code        anon$$obj.o
    0x20003ddc   0x0000000c   Ven    RO         1171    Veneer$$Code        anon$$obj.o
    0x20003de8   0x0000000e   Code   RO         1071    i.__scatterload_copy  mc_p.l(handlers.o)
    0x20003df6   0x00000002   Code   RO         1072    i.__scatterload_null  mc_p.l(handlers.o)
    0x20003df8   0x0000000e   Code   RO         1073    i.__scatterload_zeroinit  mc_p.l(handlers.o)
    0x20003e06   0x00000002   PAD
    0x20003e08   0x00000020   Data   RO          115    .constdata          arch_main.o
    0x20003e28   0x00000016   Data   RO          116    .constdata          arch_main.o
    0x20003e3e   0x00000008   Data   RO          608    .constdata          gpio.o
    0x20003e46   0x00000002   PAD
    0x20003e48   0x00000010   Data   RO          805    .constdata          sps_client.o
    0x20003e58   0x00000036   Data   RO          838    .constdata          sps_client_task.o
    0x20003e8e   0x00000002   PAD
    0x20003e90   0x00000028   Data   RO          839    .constdata          sps_client_task.o
    0x20003eb8   0x00000010   Data   RO          840    .constdata          sps_client_task.o
    0x20003ec8   0x00000018   Data   RO          841    .constdata          sps_client_task.o
    0x20003ee0   0x00000018   Data   RO          842    .constdata          sps_client_task.o
    0x20003ef8   0x00000008   Data   RO          843    .constdata          sps_client_task.o
    0x20003f00   0x00000010   Data   RO          915    .constdata          app.o
    0x20003f10   0x00000050   Data   RO          957    .constdata          app_task.o
    0x20003f60   0x00000008   Data   RO          958    .constdata          app_task.o
    0x20003f68   0x00000030   Data   RO         1069    Region$$Table       anon$$obj.o
    0x20003f98   0x00000004   Data   RW          533    .data               arch_system.o
    0x20003f9c   0x00000004   Data   RW          806    exchange_mem_case1  sps_client.o
    0x20003fa0   0x00000006   Data   RW          844    exchange_mem_case1  sps_client_task.o


    Execution Region RW_IRAM50 (Base: 0x20008000, Size: 0x000000d0, Max: 0x000007f4, ABSOLUTE)

    Base Addr    Size         Type   Attr      Idx    E Section Name        Object

    0x20008000   0x00000001   Zero   RW          119    retention_mem_area0  arch_main.o
    0x20008001   0x00000004   Zero   RW          477    retention_mem_area0  arch_sleep.o
    0x20008005   0x00000003   PAD
    0x20008008   0x00000014   Zero   RW          534    retention_mem_area0  arch_system.o
    0x2000801c   0x00000024   Zero   RW          631    retention_mem_area0  uart_sps.o
    0x20008040   0x00000006   Zero   RW          725    retention_mem_area0  nvds.o
    0x20008046   0x00000002   PAD
    0x20008048   0x00000004   Zero   RW          741    retention_mem_area0  rwip.o
    0x2000804c   0x00000001   Zero   RW          775    retention_mem_area0  rwble.o
    0x2000804d   0x00000001   Zero   RW          845    retention_mem_area0  sps_client_task.o
    0x2000804e   0x0000000c   Zero   RW          916    retention_mem_area0  app.o
    0x2000805a   0x00000001   Zero   RW          917    retention_mem_area0  app.o
    0x2000805b   0x00000001   Zero   RW          959    retention_mem_area0  app_task.o
    0x2000805c   0x00000006   Zero   RW          960    retention_mem_area0  app_task.o
    0x20008062   0x00000002   PAD
    0x20008064   0x0000006c   Zero   RW         1013    retention_mem_area0  app_sps_scheduler.o


    Execution Region RW_IRAM51 (Base: 0x200087f4, Size: 0x0000080c, Max: 0x0000080c, ABSOLUTE, UNINIT)

    Base Addr    Size         Type   Attr      Idx    E Section Name        Object

    0x200087f4   0x0000080c   Zero   RW          407    heap_mem_area_not_ret  jump_table.o


    Execution Region RW_IRAM52 (Base: 0x20009000, Size: 0x00000020, Max: 0x00000020, ABSOLUTE)

    Base Addr    Size         Type   Attr      Idx    E Section Name        Object

    0x20009000   0x00000020   Zero   RW            1    RW_IRAM52.bss       anon$$obj.o


    Execution Region RW_IRAM53 (Base: 0x20009020, Size: 0x000000c0, Max: 0x000001e0, ABSOLUTE)

    Base Addr    Size         Type   Attr      Idx    E Section Name        Object

    0x20009020   0x000000bc   Zero   RW          607    .bss                gpio.o
    0x200090dc   0x00000001   Zero   RW          630    .bss                uart_sps.o
    0x200090dd   0x00000001   Zero   RW         1012    .bss                app_sps_scheduler.o


    Execution Region RW_IRAM54 (Base: 0x20009200, Size: 0x00000600, Max: 0x00000600, ABSOLUTE, UNINIT)

    Base Addr    Size         Type   Attr      Idx    E Section Name        Object

    0x20009200   0x00000600   Zero   RW           50    STACK               boot_vectors.o



  Load Region LR_RETENTION_RAM2 (Base: 0x00080768, Size: 0x00000000, Max: 0x00002898, ABSOLUTE)

    Execution Region ZI_RET20 (Base: 0x00080768, Size: 0x000010a8, Max: 0x000022b8, ABSOLUTE, UNINIT)

    Base Addr    Size         Type   Attr      Idx    E Section Name        Object

    0x00080768   0x00000600   Zero   RW          405    heap_db_area        jump_table.o
    0x00080d68   0x0000029c   Zero   RW          406    heap_env_area       jump_table.o
    0x00081004   0x0000080c   Zero   RW          408    heap_msg_area       jump_table.o


    Execution Region ZI_RET21 (Base: 0x00082a20, Size: 0x000005e0, Max: 0x000005e0, ABSOLUTE)

    Base Addr    Size         Type   Attr      Idx    E Section Name        Object

    0x00082a20   0x000005de   Zero   RW          117    BLE_exchange_memory  arch_main.o


==============================================================================

Image component sizes


      Code (inc. data)   RO Data    RW Data    ZI Data      Debug   Object Name

       448         32         16          0         13       6294   app.o
       288         16          0          0          0       5162   app_sps_host_project.o
      1402         44          0          0        109       9167   app_sps_scheduler.o
       100          8          0          0          0       1892   app_spsc.o
        28          4          0          0          0       1572   app_spsc_task.o
       464         40         88          0          7       6121   app_task.o
       976        140         54          0       1503     146817   arch_main.o
       272         20          0          0          4       4564   arch_sleep.o
       644         52          0          4         20      83234   arch_system.o
       236         18          0          0          0         72   atts_task.obj
       108         22        160          0       1536        800   boot_vectors.o
       196         12          0          0          0        108   ch_map.obj
         0          0        100          0          0       3460   gapm.o
       384         38          0          0          0        112   gapm_util.obj
      1324         46          8          0        188      12164   gpio.o
        96         10          0          0          0       3627   hardfault_handler.o
         2          0        352          0       6324       7669   jump_table.o
       184         18          0          0          0         96   ke_task.obj
       144         18          0          0          0       9601   nmi_handler.o
       132         26        164          0          6       2055   nvds.o
       440         22          0          0          0       7137   periph_setup.o
      1512         14          0          0          0      10770   prf_utils.o
       296          6          0          0          0       5540   prf_utils_128.o
       732        172          0          0          0      64920   rf_580.o
       384         36          0          0          1      63899   rwble.o
       252         30          0          0          4      63606   rwip.o
       236          8          0          0          0        136   smpc.obj
       532          4          0          0          0         84   smpc_task.obj
       172         16         16          4          0       5579   sps_client.o
       776         42        166          6          1       7335   sps_client_task.o
        80         18          0          0          0     100641   system_armcm0.o
       720         26          0          0         37      26949   uart_sps.o

    ----------------------------------------------------------------------
     14704       1338       1176         16       9796     661183   Object Totals
      1140        380         48          0         32          0   (incl. Generated)
         4          0          4          2         11          0   (incl. Padding)

    ----------------------------------------------------------------------

      Code (inc. data)   RO Data    RW Data    ZI Data      Debug   Library Member Name

         0          0          0          0          0          0   entry.o
         0          0          0          0          0          0   entry10a.o
         0          0          0          0          0          0   entry11a.o
         8          4          0          0          0          0   entry2.o
         4          0          0          0          0          0   entry5.o
         0          0          0          0          0          0   entry7b.o
         0          0          0          0          0          0   entry8b.o
         8          4          0          0          0          0   entry9a.o
        30          0          0          0          0          0   handlers.o
        36          8          0          0          0         68   init.o

    ----------------------------------------------------------------------
        88         16          0          0          0         68   Library Totals
         2          0          0          0          0          0   (incl. Padding)

    ----------------------------------------------------------------------

      Code (inc. data)   RO Data    RW Data    ZI Data      Debug   Library Name

        86         16          0          0          0         68   mc_p.l

    ----------------------------------------------------------------------
        88         16          0          0          0         68   Library Totals

    ----------------------------------------------------------------------

==============================================================================


      Code (inc. data)   RO Data    RW Data    ZI Data      Debug   

     14792       1354       1176         16       9796     658939   Grand Totals
     14792       1354       1176         16       9796     658939   ELF Image Totals
     14792       1354       1176         16          0          0   ROM Totals

==============================================================================

    Total RO  Size (Code + RO Data)                15968 (  15.59kB)
    Total RW  Size (RW Data + ZI Data)              9812 (   9.58kB)
    Total ROM Size (Code + RO Data + RW Data)      15984 (  15.61kB)

==============================================================================

